[2020-12-20T17:54:43.422+0500][0.007s] Using G1
[2020-12-20T17:54:43.658+0500][0.244s] Version: 15.0.1+9 (release)
[2020-12-20T17:54:43.658+0500][0.244s] CPUs: 16 total, 16 available
[2020-12-20T17:54:43.658+0500][0.244s] Memory: 16384M
[2020-12-20T17:54:43.658+0500][0.244s] Large Page Support: Disabled
[2020-12-20T17:54:43.658+0500][0.244s] NUMA Support: Disabled
[2020-12-20T17:54:43.658+0500][0.244s] Compressed Oops: Enabled (Zero based)
[2020-12-20T17:54:43.658+0500][0.244s] Heap Region Size: 1M
[2020-12-20T17:54:43.658+0500][0.244s] Heap Min Capacity: 512M
[2020-12-20T17:54:43.658+0500][0.244s] Heap Initial Capacity: 512M
[2020-12-20T17:54:43.658+0500][0.244s] Heap Max Capacity: 512M
[2020-12-20T17:54:43.658+0500][0.244s] Pre-touch: Enabled
[2020-12-20T17:54:43.658+0500][0.244s] Parallel Workers: 13
[2020-12-20T17:54:43.658+0500][0.244s] Concurrent Workers: 3
[2020-12-20T17:54:43.659+0500][0.244s] Concurrent Refinement Workers: 13
[2020-12-20T17:54:43.659+0500][0.244s] Periodic GC: Disabled
[2020-12-20T17:54:43.659+0500][0.244s] Mark closed archive regions in map: [0x00000007fff00000, 0x00000007fff78ff8]
[2020-12-20T17:54:43.659+0500][0.245s] Mark open archive regions in map: [0x00000007ffe00000, 0x00000007ffe50ff8]
[2020-12-20T17:54:43.659+0500][0.245s] CDS archive(s) mapped at: [0x0000000800000000-0x0000000800b2d000-0x0000000800b2d000), size 11718656, SharedBaseAddress: 0x0000000800000000, ArchiveRelocationMode: 0.
[2020-12-20T17:54:43.659+0500][0.245s] Compressed class space mapped at: 0x0000000800b30000-0x0000000840b30000, size: 1073741824
[2020-12-20T17:54:43.659+0500][0.245s] Narrow klass base: 0x0000000800000000, Narrow klass shift: 3, Narrow klass range: 0x100000000
[2020-12-20T17:54:44.041+0500][0.626s] GC(0) Pause Young (Normal) (G1 Evacuation Pause)
[2020-12-20T17:54:44.042+0500][0.628s] GC(0) Using 12 workers of 13 for evacuation
[2020-12-20T17:54:44.045+0500][0.630s] GC(0)   Pre Evacuate Collection Set: 0.2ms
[2020-12-20T17:54:44.045+0500][0.630s] GC(0)   Merge Heap Roots: 0.1ms
[2020-12-20T17:54:44.045+0500][0.630s] GC(0)   Evacuate Collection Set: 1.3ms
[2020-12-20T17:54:44.045+0500][0.630s] GC(0)   Post Evacuate Collection Set: 0.5ms
[2020-12-20T17:54:44.045+0500][0.630s] GC(0)   Other: 1.3ms
[2020-12-20T17:54:44.045+0500][0.630s] GC(0) Eden regions: 29->0(54)
[2020-12-20T17:54:44.045+0500][0.630s] GC(0) Survivor regions: 0->3(4)
[2020-12-20T17:54:44.045+0500][0.630s] GC(0) Old regions: 0->0
[2020-12-20T17:54:44.045+0500][0.630s] GC(0) Archive regions: 2->2
[2020-12-20T17:54:44.045+0500][0.630s] GC(0) Humongous regions: 0->0
[2020-12-20T17:54:44.045+0500][0.630s] GC(0) Metaspace: 6692K(7808K)->6692K(7808K) NonClass: 5906K(6912K)->5906K(6912K) Class: 785K(896K)->785K(896K)
[2020-12-20T17:54:44.045+0500][0.630s] GC(0) Pause Young (Normal) (G1 Evacuation Pause) 29M->3M(512M) 3.506ms
[2020-12-20T17:54:44.045+0500][0.630s] GC(0) User=0.02s Sys=0.00s Real=0.00s
[2020-12-20T17:54:44.517+0500][1.102s] GC(1) Pause Young (Normal) (G1 Evacuation Pause)
[2020-12-20T17:54:44.517+0500][1.102s] GC(1) Using 13 workers of 13 for evacuation
[2020-12-20T17:54:44.523+0500][1.109s] GC(1)   Pre Evacuate Collection Set: 0.1ms
[2020-12-20T17:54:44.523+0500][1.109s] GC(1)   Merge Heap Roots: 0.1ms
[2020-12-20T17:54:44.523+0500][1.109s] GC(1)   Evacuate Collection Set: 5.1ms
[2020-12-20T17:54:44.523+0500][1.109s] GC(1)   Post Evacuate Collection Set: 1.0ms
[2020-12-20T17:54:44.523+0500][1.109s] GC(1)   Other: 0.2ms
[2020-12-20T17:54:44.523+0500][1.109s] GC(1) Eden regions: 54->0(299)
[2020-12-20T17:54:44.523+0500][1.109s] GC(1) Survivor regions: 3->8(8)
[2020-12-20T17:54:44.523+0500][1.109s] GC(1) Old regions: 0->7
[2020-12-20T17:54:44.523+0500][1.109s] GC(1) Archive regions: 2->2
[2020-12-20T17:54:44.523+0500][1.109s] GC(1) Humongous regions: 4->4
[2020-12-20T17:54:44.523+0500][1.109s] GC(1) Metaspace: 15576K(16256K)->15576K(16256K) NonClass: 13768K(14336K)->13768K(14336K) Class: 1808K(1920K)->1808K(1920K)
[2020-12-20T17:54:44.524+0500][1.109s] GC(1) Pause Young (Normal) (G1 Evacuation Pause) 61M->19M(512M) 6.682ms
[2020-12-20T17:54:44.524+0500][1.109s] GC(1) User=0.06s Sys=0.01s Real=0.01s
[2020-12-20T17:54:44.848+0500][1.433s] GC(2) Pause Young (Concurrent Start) (Metadata GC Threshold)
[2020-12-20T17:54:44.848+0500][1.433s] GC(2) Using 13 workers of 13 for evacuation
[2020-12-20T17:54:44.853+0500][1.438s] GC(2)   Pre Evacuate Collection Set: 0.1ms
[2020-12-20T17:54:44.853+0500][1.438s] GC(2)   Merge Heap Roots: 0.1ms
[2020-12-20T17:54:44.853+0500][1.438s] GC(2)   Evacuate Collection Set: 3.7ms
[2020-12-20T17:54:44.853+0500][1.438s] GC(2)   Post Evacuate Collection Set: 1.0ms
[2020-12-20T17:54:44.853+0500][1.438s] GC(2)   Other: 0.2ms
[2020-12-20T17:54:44.853+0500][1.438s] GC(2) Eden regions: 34->0(241)
[2020-12-20T17:54:44.853+0500][1.438s] GC(2) Survivor regions: 8->12(39)
[2020-12-20T17:54:44.853+0500][1.438s] GC(2) Old regions: 7->7
[2020-12-20T17:54:44.853+0500][1.438s] GC(2) Archive regions: 2->2
[2020-12-20T17:54:44.853+0500][1.438s] GC(2) Humongous regions: 4->4
[2020-12-20T17:54:44.853+0500][1.438s] GC(2) Metaspace: 20666K(21296K)->20666K(21296K) NonClass: 18348K(18864K)->18348K(18864K) Class: 2317K(2432K)->2317K(2432K)
[2020-12-20T17:54:44.853+0500][1.438s] GC(2) Pause Young (Concurrent Start) (Metadata GC Threshold) 53M->23M(512M) 5.279ms
[2020-12-20T17:54:44.853+0500][1.438s] GC(2) User=0.04s Sys=0.01s Real=0.01s
[2020-12-20T17:54:44.853+0500][1.438s] GC(3) Concurrent Cycle
[2020-12-20T17:54:44.853+0500][1.438s] GC(3) Concurrent Clear Claimed Marks
[2020-12-20T17:54:44.853+0500][1.438s] GC(3) Concurrent Clear Claimed Marks 0.016ms
[2020-12-20T17:54:44.853+0500][1.438s] GC(3) Concurrent Scan Root Regions
[2020-12-20T17:54:44.855+0500][1.440s] GC(3) Concurrent Scan Root Regions 1.970ms
[2020-12-20T17:54:44.855+0500][1.440s] GC(3) Concurrent Mark (1.440s)
[2020-12-20T17:54:44.855+0500][1.440s] GC(3) Concurrent Mark From Roots
[2020-12-20T17:54:44.855+0500][1.440s] GC(3) Using 3 workers of 3 for marking
[2020-12-20T17:54:44.860+0500][1.445s] GC(3) Concurrent Mark From Roots 4.892ms
[2020-12-20T17:54:44.860+0500][1.445s] GC(3) Concurrent Preclean
[2020-12-20T17:54:44.860+0500][1.445s] GC(3) Concurrent Preclean 0.035ms
[2020-12-20T17:54:44.860+0500][1.445s] GC(3) Concurrent Mark (1.440s, 1.445s) 5.026ms
[2020-12-20T17:54:44.860+0500][1.445s] GC(3) Pause Remark
[2020-12-20T17:54:44.861+0500][1.446s] GC(3) Pause Remark 24M->24M(512M) 1.004ms
[2020-12-20T17:54:44.861+0500][1.447s] GC(3) User=0.00s Sys=0.00s Real=0.00s
[2020-12-20T17:54:44.861+0500][1.447s] GC(3) Concurrent Rebuild Remembered Sets
[2020-12-20T17:54:44.864+0500][1.450s] GC(3) Concurrent Rebuild Remembered Sets 3.035ms
[2020-12-20T17:54:44.865+0500][1.450s] GC(3) Pause Cleanup
[2020-12-20T17:54:44.865+0500][1.450s] GC(3) Pause Cleanup 25M->25M(512M) 0.128ms
[2020-12-20T17:54:44.865+0500][1.450s] GC(3) User=0.00s Sys=0.00s Real=0.00s
[2020-12-20T17:54:44.865+0500][1.450s] GC(3) Concurrent Cleanup for Next Mark
[2020-12-20T17:54:44.865+0500][1.451s] GC(3) Concurrent Cleanup for Next Mark 0.610ms
[2020-12-20T17:54:44.866+0500][1.451s] GC(3) Concurrent Cycle 12.511ms
[2020-12-20T17:54:45.948+0500][2.533s] GC(4) Pause Young (Concurrent Start) (Metadata GC Threshold)
[2020-12-20T17:54:45.948+0500][2.533s] GC(4) Using 13 workers of 13 for evacuation
[2020-12-20T17:54:45.954+0500][2.540s] GC(4)   Pre Evacuate Collection Set: 0.1ms
[2020-12-20T17:54:45.954+0500][2.540s] GC(4)   Merge Heap Roots: 0.1ms
[2020-12-20T17:54:45.955+0500][2.540s] GC(4)   Evacuate Collection Set: 5.0ms
[2020-12-20T17:54:45.955+0500][2.540s] GC(4)   Post Evacuate Collection Set: 1.2ms
[2020-12-20T17:54:45.955+0500][2.540s] GC(4)   Other: 0.3ms
[2020-12-20T17:54:45.955+0500][2.540s] GC(4) Eden regions: 113->0(285)
[2020-12-20T17:54:45.955+0500][2.540s] GC(4) Survivor regions: 12->22(32)
[2020-12-20T17:54:45.955+0500][2.540s] GC(4) Old regions: 7->7
[2020-12-20T17:54:45.955+0500][2.540s] GC(4) Archive regions: 2->2
[2020-12-20T17:54:45.955+0500][2.540s] GC(4) Humongous regions: 6->5
[2020-12-20T17:54:45.955+0500][2.540s] GC(4) Metaspace: 34929K(36048K)->34929K(36048K) NonClass: 30927K(31876K)->30927K(31876K) Class: 4002K(4172K)->4002K(4172K)
[2020-12-20T17:54:45.955+0500][2.540s] GC(4) Pause Young (Concurrent Start) (Metadata GC Threshold) 138M->34M(512M) 6.808ms
[2020-12-20T17:54:45.955+0500][2.540s] GC(4) User=0.06s Sys=0.01s Real=0.01s
[2020-12-20T17:54:45.955+0500][2.540s] GC(5) Concurrent Cycle
[2020-12-20T17:54:45.955+0500][2.540s] GC(5) Concurrent Clear Claimed Marks
[2020-12-20T17:54:45.955+0500][2.540s] GC(5) Concurrent Clear Claimed Marks 0.016ms
[2020-12-20T17:54:45.955+0500][2.540s] GC(5) Concurrent Scan Root Regions
[2020-12-20T17:54:45.958+0500][2.543s] GC(5) Concurrent Scan Root Regions 2.815ms
[2020-12-20T17:54:45.958+0500][2.543s] GC(5) Concurrent Mark (2.543s)
[2020-12-20T17:54:45.958+0500][2.543s] GC(5) Concurrent Mark From Roots
[2020-12-20T17:54:45.958+0500][2.543s] GC(5) Using 3 workers of 3 for marking
[2020-12-20T17:54:45.962+0500][2.547s] GC(5) Concurrent Mark From Roots 4.202ms
[2020-12-20T17:54:45.962+0500][2.547s] GC(5) Concurrent Preclean
[2020-12-20T17:54:45.962+0500][2.547s] GC(5) Concurrent Preclean 0.027ms
[2020-12-20T17:54:45.962+0500][2.547s] GC(5) Concurrent Mark (2.543s, 2.547s) 4.263ms
[2020-12-20T17:54:45.962+0500][2.547s] GC(5) Pause Remark
[2020-12-20T17:54:45.963+0500][2.548s] GC(5) Pause Remark 35M->35M(512M) 1.208ms
[2020-12-20T17:54:45.963+0500][2.548s] GC(5) User=0.01s Sys=0.00s Real=0.00s
[2020-12-20T17:54:45.963+0500][2.549s] GC(5) Concurrent Rebuild Remembered Sets
[2020-12-20T17:54:45.966+0500][2.552s] GC(5) Concurrent Rebuild Remembered Sets 3.097ms
[2020-12-20T17:54:45.967+0500][2.552s] GC(5) Pause Cleanup
[2020-12-20T17:54:45.967+0500][2.552s] GC(5) Pause Cleanup 35M->35M(512M) 0.126ms
[2020-12-20T17:54:45.967+0500][2.552s] GC(5) User=0.00s Sys=0.00s Real=0.00s
[2020-12-20T17:54:45.967+0500][2.552s] GC(5) Concurrent Cleanup for Next Mark
[2020-12-20T17:54:45.968+0500][2.553s] GC(5) Concurrent Cleanup for Next Mark 0.710ms
[2020-12-20T17:54:45.968+0500][2.553s] GC(5) Concurrent Cycle 13.029ms
