[2021-01-20T14:04:58.110+0500][0.008s] Using G1
[2021-01-20T14:04:58.456+0500][0.354s] Version: 15.0.1+9 (release)
[2021-01-20T14:04:58.456+0500][0.354s] CPUs: 16 total, 16 available
[2021-01-20T14:04:58.456+0500][0.354s] Memory: 16384M
[2021-01-20T14:04:58.456+0500][0.354s] Large Page Support: Disabled
[2021-01-20T14:04:58.456+0500][0.354s] NUMA Support: Disabled
[2021-01-20T14:04:58.456+0500][0.354s] Compressed Oops: Enabled (Zero based)
[2021-01-20T14:04:58.456+0500][0.354s] Heap Region Size: 1M
[2021-01-20T14:04:58.456+0500][0.354s] Heap Min Capacity: 512M
[2021-01-20T14:04:58.456+0500][0.354s] Heap Initial Capacity: 512M
[2021-01-20T14:04:58.456+0500][0.354s] Heap Max Capacity: 512M
[2021-01-20T14:04:58.456+0500][0.354s] Pre-touch: Enabled
[2021-01-20T14:04:58.456+0500][0.355s] Parallel Workers: 13
[2021-01-20T14:04:58.456+0500][0.355s] Concurrent Workers: 3
[2021-01-20T14:04:58.456+0500][0.355s] Concurrent Refinement Workers: 13
[2021-01-20T14:04:58.456+0500][0.355s] Periodic GC: Disabled
[2021-01-20T14:04:58.457+0500][0.355s] Mark closed archive regions in map: [0x00000007fff00000, 0x00000007fff78ff8]
[2021-01-20T14:04:58.457+0500][0.355s] Mark open archive regions in map: [0x00000007ffe00000, 0x00000007ffe50ff8]
[2021-01-20T14:04:58.457+0500][0.356s] CDS archive(s) mapped at: [0x0000000800000000-0x0000000800b2d000-0x0000000800b2d000), size 11718656, SharedBaseAddress: 0x0000000800000000, ArchiveRelocationMode: 0.
[2021-01-20T14:04:58.457+0500][0.356s] Compressed class space mapped at: 0x0000000800b30000-0x0000000840b30000, size: 1073741824
[2021-01-20T14:04:58.457+0500][0.356s] Narrow klass base: 0x0000000800000000, Narrow klass shift: 3, Narrow klass range: 0x100000000
[2021-01-20T14:04:59.268+0500][1.166s] GC(0) Pause Young (Normal) (G1 Evacuation Pause)
[2021-01-20T14:04:59.268+0500][1.166s] GC(0) Using 12 workers of 13 for evacuation
[2021-01-20T14:04:59.270+0500][1.169s] GC(0)   Pre Evacuate Collection Set: 0.1ms
[2021-01-20T14:04:59.270+0500][1.169s] GC(0)   Merge Heap Roots: 0.1ms
[2021-01-20T14:04:59.270+0500][1.169s] GC(0)   Evacuate Collection Set: 1.4ms
[2021-01-20T14:04:59.270+0500][1.169s] GC(0)   Post Evacuate Collection Set: 0.5ms
[2021-01-20T14:04:59.270+0500][1.169s] GC(0)   Other: 0.8ms
[2021-01-20T14:04:59.270+0500][1.169s] GC(0) Eden regions: 29->0(54)
[2021-01-20T14:04:59.270+0500][1.169s] GC(0) Survivor regions: 0->3(4)
[2021-01-20T14:04:59.270+0500][1.169s] GC(0) Old regions: 0->0
[2021-01-20T14:04:59.270+0500][1.169s] GC(0) Archive regions: 2->2
[2021-01-20T14:04:59.270+0500][1.169s] GC(0) Humongous regions: 0->0
[2021-01-20T14:04:59.270+0500][1.169s] GC(0) Metaspace: 6702K(7808K)->6702K(7808K) NonClass: 5913K(6912K)->5913K(6912K) Class: 788K(896K)->788K(896K)
[2021-01-20T14:04:59.270+0500][1.169s] GC(0) Pause Young (Normal) (G1 Evacuation Pause) 29M->3M(512M) 2.944ms
[2021-01-20T14:04:59.270+0500][1.169s] GC(0) User=0.01s Sys=0.00s Real=0.01s
[2021-01-20T14:05:00.212+0500][2.110s] GC(1) Pause Young (Normal) (G1 Evacuation Pause)
[2021-01-20T14:05:00.212+0500][2.110s] GC(1) Using 13 workers of 13 for evacuation
[2021-01-20T14:05:00.218+0500][2.116s] GC(1)   Pre Evacuate Collection Set: 0.1ms
[2021-01-20T14:05:00.218+0500][2.116s] GC(1)   Merge Heap Roots: 0.1ms
[2021-01-20T14:05:00.218+0500][2.116s] GC(1)   Evacuate Collection Set: 4.6ms
[2021-01-20T14:05:00.218+0500][2.116s] GC(1)   Post Evacuate Collection Set: 0.6ms
[2021-01-20T14:05:00.218+0500][2.116s] GC(1)   Other: 0.2ms
[2021-01-20T14:05:00.218+0500][2.116s] GC(1) Eden regions: 54->0(299)
[2021-01-20T14:05:00.218+0500][2.116s] GC(1) Survivor regions: 3->8(8)
[2021-01-20T14:05:00.218+0500][2.116s] GC(1) Old regions: 0->7
[2021-01-20T14:05:00.218+0500][2.116s] GC(1) Archive regions: 2->2
[2021-01-20T14:05:00.218+0500][2.116s] GC(1) Humongous regions: 4->4
[2021-01-20T14:05:00.218+0500][2.116s] GC(1) Metaspace: 15520K(16000K)->15520K(16000K) NonClass: 13712K(14080K)->13712K(14080K) Class: 1808K(1920K)->1808K(1920K)
[2021-01-20T14:05:00.218+0500][2.116s] GC(1) Pause Young (Normal) (G1 Evacuation Pause) 61M->19M(512M) 5.771ms
[2021-01-20T14:05:00.218+0500][2.116s] GC(1) User=0.05s Sys=0.01s Real=0.00s
[2021-01-20T14:05:01.007+0500][2.905s] GC(2) Pause Young (Concurrent Start) (Metadata GC Threshold)
[2021-01-20T14:05:01.007+0500][2.905s] GC(2) Using 13 workers of 13 for evacuation
[2021-01-20T14:05:01.011+0500][2.909s] GC(2)   Pre Evacuate Collection Set: 0.1ms
[2021-01-20T14:05:01.011+0500][2.909s] GC(2)   Merge Heap Roots: 0.1ms
[2021-01-20T14:05:01.011+0500][2.909s] GC(2)   Evacuate Collection Set: 2.7ms
[2021-01-20T14:05:01.011+0500][2.909s] GC(2)   Post Evacuate Collection Set: 0.9ms
[2021-01-20T14:05:01.011+0500][2.909s] GC(2)   Other: 0.3ms
[2021-01-20T14:05:01.011+0500][2.909s] GC(2) Eden regions: 35->0(292)
[2021-01-20T14:05:01.011+0500][2.909s] GC(2) Survivor regions: 8->12(39)
[2021-01-20T14:05:01.011+0500][2.909s] GC(2) Old regions: 7->7
[2021-01-20T14:05:01.011+0500][2.909s] GC(2) Archive regions: 2->2
[2021-01-20T14:05:01.011+0500][2.909s] GC(2) Humongous regions: 4->4
[2021-01-20T14:05:01.011+0500][2.909s] GC(2) Metaspace: 20762K(21248K)->20762K(21248K) NonClass: 18427K(18688K)->18427K(18688K) Class: 2334K(2560K)->2334K(2560K)
[2021-01-20T14:05:01.011+0500][2.909s] GC(2) Pause Young (Concurrent Start) (Metadata GC Threshold) 54M->23M(512M) 4.228ms
[2021-01-20T14:05:01.011+0500][2.909s] GC(2) User=0.03s Sys=0.00s Real=0.01s
[2021-01-20T14:05:01.011+0500][2.909s] GC(3) Concurrent Cycle
[2021-01-20T14:05:01.011+0500][2.909s] GC(3) Concurrent Clear Claimed Marks
[2021-01-20T14:05:01.011+0500][2.909s] GC(3) Concurrent Clear Claimed Marks 0.015ms
[2021-01-20T14:05:01.011+0500][2.909s] GC(3) Concurrent Scan Root Regions
[2021-01-20T14:05:01.013+0500][2.911s] GC(3) Concurrent Scan Root Regions 1.617ms
[2021-01-20T14:05:01.013+0500][2.911s] GC(3) Concurrent Mark (2.911s)
[2021-01-20T14:05:01.013+0500][2.911s] GC(3) Concurrent Mark From Roots
[2021-01-20T14:05:01.013+0500][2.911s] GC(3) Using 3 workers of 3 for marking
[2021-01-20T14:05:01.017+0500][2.915s] GC(3) Concurrent Mark From Roots 3.968ms
[2021-01-20T14:05:01.017+0500][2.915s] GC(3) Concurrent Preclean
[2021-01-20T14:05:01.017+0500][2.915s] GC(3) Concurrent Preclean 0.034ms
[2021-01-20T14:05:01.017+0500][2.915s] GC(3) Concurrent Mark (2.911s, 2.915s) 4.035ms
[2021-01-20T14:05:01.017+0500][2.915s] GC(3) Pause Remark
[2021-01-20T14:05:01.018+0500][2.917s] GC(3) Pause Remark 24M->24M(512M) 1.295ms
[2021-01-20T14:05:01.018+0500][2.917s] GC(3) User=0.00s Sys=0.00s Real=0.00s
[2021-01-20T14:05:01.018+0500][2.917s] GC(3) Concurrent Rebuild Remembered Sets
[2021-01-20T14:05:01.022+0500][2.920s] GC(3) Concurrent Rebuild Remembered Sets 3.259ms
[2021-01-20T14:05:01.022+0500][2.920s] GC(3) Pause Cleanup
[2021-01-20T14:05:01.022+0500][2.920s] GC(3) Pause Cleanup 24M->24M(512M) 0.142ms
[2021-01-20T14:05:01.022+0500][2.921s] GC(3) User=0.00s Sys=0.00s Real=0.00s
[2021-01-20T14:05:01.022+0500][2.921s] GC(3) Concurrent Cleanup for Next Mark
[2021-01-20T14:05:01.023+0500][2.921s] GC(3) Concurrent Cleanup for Next Mark 0.710ms
[2021-01-20T14:05:01.023+0500][2.921s] GC(3) Concurrent Cycle 11.931ms
[2021-01-20T14:19:54.029+0500][895.921s] GC(4) Pause Young (Concurrent Start) (Metadata GC Threshold)
[2021-01-20T14:19:54.029+0500][895.921s] GC(4) Using 13 workers of 13 for evacuation
[2021-01-20T14:19:54.042+0500][895.934s] GC(4)   Pre Evacuate Collection Set: 0.1ms
[2021-01-20T14:19:54.042+0500][895.934s] GC(4)   Merge Heap Roots: 0.1ms
[2021-01-20T14:19:54.042+0500][895.934s] GC(4)   Evacuate Collection Set: 11.6ms
[2021-01-20T14:19:54.042+0500][895.934s] GC(4)   Post Evacuate Collection Set: 0.9ms
[2021-01-20T14:19:54.042+0500][895.934s] GC(4)   Other: 0.3ms
[2021-01-20T14:19:54.042+0500][895.935s] GC(4) Eden regions: 92->0(289)
[2021-01-20T14:19:54.042+0500][895.935s] GC(4) Survivor regions: 12->18(39)
[2021-01-20T14:19:54.042+0500][895.935s] GC(4) Old regions: 7->7
[2021-01-20T14:19:54.042+0500][895.935s] GC(4) Archive regions: 2->2
[2021-01-20T14:19:54.042+0500][895.935s] GC(4) Humongous regions: 4->4
[2021-01-20T14:19:54.042+0500][895.935s] GC(4) Metaspace: 35306K(35840K)->35306K(35840K) NonClass: 31278K(31616K)->31278K(31616K) Class: 4028K(4224K)->4028K(4224K)
[2021-01-20T14:19:54.042+0500][895.935s] GC(4) Pause Young (Concurrent Start) (Metadata GC Threshold) 114M->29M(512M) 13.221ms
[2021-01-20T14:19:54.042+0500][895.935s] GC(4) User=0.07s Sys=0.06s Real=0.02s
[2021-01-20T14:19:54.042+0500][895.935s] GC(5) Concurrent Cycle
[2021-01-20T14:19:54.042+0500][895.935s] GC(5) Concurrent Clear Claimed Marks
[2021-01-20T14:19:54.042+0500][895.935s] GC(5) Concurrent Clear Claimed Marks 0.021ms
[2021-01-20T14:19:54.042+0500][895.935s] GC(5) Concurrent Scan Root Regions
[2021-01-20T14:19:54.045+0500][895.938s] GC(5) Concurrent Scan Root Regions 3.422ms
[2021-01-20T14:19:54.045+0500][895.938s] GC(5) Concurrent Mark (895.938s)
[2021-01-20T14:19:54.045+0500][895.938s] GC(5) Concurrent Mark From Roots
[2021-01-20T14:19:54.045+0500][895.938s] GC(5) Using 3 workers of 3 for marking
[2021-01-20T14:19:54.050+0500][895.942s] GC(5) Concurrent Mark From Roots 4.136ms
[2021-01-20T14:19:54.050+0500][895.942s] GC(5) Concurrent Preclean
[2021-01-20T14:19:54.050+0500][895.942s] GC(5) Concurrent Preclean 0.088ms
[2021-01-20T14:19:54.050+0500][895.942s] GC(5) Concurrent Mark (895.938s, 895.942s) 4.276ms
[2021-01-20T14:19:54.050+0500][895.943s] GC(5) Pause Remark
[2021-01-20T14:19:54.051+0500][895.944s] GC(5) Pause Remark 33M->33M(512M) 1.248ms
[2021-01-20T14:19:54.051+0500][895.944s] GC(5) User=0.01s Sys=0.00s Real=0.00s
[2021-01-20T14:19:54.051+0500][895.944s] GC(5) Concurrent Rebuild Remembered Sets
[2021-01-20T14:19:54.054+0500][895.947s] GC(5) Concurrent Rebuild Remembered Sets 3.006ms
[2021-01-20T14:19:54.054+0500][895.947s] GC(5) Pause Cleanup
[2021-01-20T14:19:54.055+0500][895.947s] GC(5) Pause Cleanup 34M->34M(512M) 0.116ms
[2021-01-20T14:19:54.055+0500][895.947s] GC(5) User=0.00s Sys=0.00s Real=0.00s
[2021-01-20T14:19:54.055+0500][895.948s] GC(5) Concurrent Cleanup for Next Mark
[2021-01-20T14:19:54.059+0500][895.951s] GC(5) Concurrent Cleanup for Next Mark 3.965ms
[2021-01-20T14:19:54.059+0500][895.952s] GC(5) Concurrent Cycle 16.853ms
[2021-01-20T15:56:12.485+0500][6674.271s] GC(6) Pause Young (Normal) (G1 Evacuation Pause)
[2021-01-20T15:56:12.485+0500][6674.271s] GC(6) Using 13 workers of 13 for evacuation
[2021-01-20T15:56:12.530+0500][6674.316s] GC(6)   Pre Evacuate Collection Set: 0.8ms
[2021-01-20T15:56:12.530+0500][6674.316s] GC(6)   Merge Heap Roots: 0.2ms
[2021-01-20T15:56:12.530+0500][6674.316s] GC(6)   Evacuate Collection Set: 41.2ms
[2021-01-20T15:56:12.530+0500][6674.316s] GC(6)   Post Evacuate Collection Set: 2.4ms
[2021-01-20T15:56:12.530+0500][6674.316s] GC(6)   Other: 0.6ms
[2021-01-20T15:56:12.530+0500][6674.316s] GC(6) Eden regions: 289->0(282)
[2021-01-20T15:56:12.530+0500][6674.316s] GC(6) Survivor regions: 18->25(39)
[2021-01-20T15:56:12.530+0500][6674.316s] GC(6) Old regions: 7->7
[2021-01-20T15:56:12.530+0500][6674.316s] GC(6) Archive regions: 2->2
[2021-01-20T15:56:12.530+0500][6674.316s] GC(6) Humongous regions: 5->4
[2021-01-20T15:56:12.530+0500][6674.316s] GC(6) Metaspace: 45415K(46336K)->45415K(46336K) NonClass: 40262K(40960K)->40262K(40960K) Class: 5152K(5376K)->5152K(5376K)
[2021-01-20T15:56:12.530+0500][6674.316s] GC(6) Pause Young (Normal) (G1 Evacuation Pause) 319M->36M(512M) 45.301ms
[2021-01-20T15:56:12.530+0500][6674.316s] GC(6) User=0.13s Sys=0.23s Real=0.05s
[2021-01-20T15:56:44.604+0500][6706.389s] Heap
[2021-01-20T15:56:44.604+0500][6706.389s]  garbage-first heap   total 524288K, used 69941K [0x00000007e0000000, 0x0000000800000000)
[2021-01-20T15:56:44.604+0500][6706.389s]   region size 1024K, 58 young (59392K), 25 survivors (25600K)
[2021-01-20T15:56:44.604+0500][6706.389s]  Metaspace       used 48345K, capacity 48852K, committed 49280K, reserved 1093632K
[2021-01-20T15:56:44.604+0500][6706.390s]   class space    used 5578K, capacity 5726K, committed 5760K, reserved 1048576K
