[2020-12-20T14:59:13.982+0500][0.009s] Using G1
[2020-12-20T14:59:14.189+0500][0.216s] Version: 15.0.1+9 (release)
[2020-12-20T14:59:14.189+0500][0.216s] CPUs: 16 total, 16 available
[2020-12-20T14:59:14.189+0500][0.216s] Memory: 16384M
[2020-12-20T14:59:14.189+0500][0.216s] Large Page Support: Disabled
[2020-12-20T14:59:14.189+0500][0.216s] NUMA Support: Disabled
[2020-12-20T14:59:14.189+0500][0.216s] Compressed Oops: Enabled (Zero based)
[2020-12-20T14:59:14.189+0500][0.216s] Heap Region Size: 1M
[2020-12-20T14:59:14.189+0500][0.216s] Heap Min Capacity: 512M
[2020-12-20T14:59:14.189+0500][0.216s] Heap Initial Capacity: 512M
[2020-12-20T14:59:14.189+0500][0.216s] Heap Max Capacity: 512M
[2020-12-20T14:59:14.189+0500][0.216s] Pre-touch: Enabled
[2020-12-20T14:59:14.189+0500][0.216s] Parallel Workers: 13
[2020-12-20T14:59:14.189+0500][0.216s] Concurrent Workers: 3
[2020-12-20T14:59:14.189+0500][0.216s] Concurrent Refinement Workers: 13
[2020-12-20T14:59:14.189+0500][0.216s] Periodic GC: Disabled
[2020-12-20T14:59:14.190+0500][0.217s] Mark closed archive regions in map: [0x00000007fff00000, 0x00000007fff78ff8]
[2020-12-20T14:59:14.190+0500][0.217s] Mark open archive regions in map: [0x00000007ffe00000, 0x00000007ffe50ff8]
[2020-12-20T14:59:14.190+0500][0.217s] CDS archive(s) mapped at: [0x0000000800000000-0x0000000800b2d000-0x0000000800b2d000), size 11718656, SharedBaseAddress: 0x0000000800000000, ArchiveRelocationMode: 0.
[2020-12-20T14:59:14.190+0500][0.217s] Compressed class space mapped at: 0x0000000800b30000-0x0000000840b30000, size: 1073741824
[2020-12-20T14:59:14.190+0500][0.217s] Narrow klass base: 0x0000000800000000, Narrow klass shift: 3, Narrow klass range: 0x100000000
[2020-12-20T14:59:14.553+0500][0.580s] GC(0) Pause Young (Normal) (G1 Evacuation Pause)
[2020-12-20T14:59:14.554+0500][0.581s] GC(0) Using 12 workers of 13 for evacuation
[2020-12-20T14:59:14.556+0500][0.583s] GC(0)   Pre Evacuate Collection Set: 0.1ms
[2020-12-20T14:59:14.556+0500][0.583s] GC(0)   Merge Heap Roots: 0.1ms
[2020-12-20T14:59:14.556+0500][0.583s] GC(0)   Evacuate Collection Set: 1.4ms
[2020-12-20T14:59:14.556+0500][0.583s] GC(0)   Post Evacuate Collection Set: 0.4ms
[2020-12-20T14:59:14.556+0500][0.583s] GC(0)   Other: 0.9ms
[2020-12-20T14:59:14.556+0500][0.583s] GC(0) Eden regions: 29->0(54)
[2020-12-20T14:59:14.556+0500][0.583s] GC(0) Survivor regions: 0->3(4)
[2020-12-20T14:59:14.556+0500][0.583s] GC(0) Old regions: 0->0
[2020-12-20T14:59:14.556+0500][0.583s] GC(0) Archive regions: 2->2
[2020-12-20T14:59:14.556+0500][0.583s] GC(0) Humongous regions: 0->0
[2020-12-20T14:59:14.556+0500][0.583s] GC(0) Metaspace: 6692K(7808K)->6692K(7808K) NonClass: 5906K(6912K)->5906K(6912K) Class: 785K(896K)->785K(896K)
[2020-12-20T14:59:14.556+0500][0.583s] GC(0) Pause Young (Normal) (G1 Evacuation Pause) 29M->3M(512M) 3.046ms
[2020-12-20T14:59:14.556+0500][0.583s] GC(0) User=0.01s Sys=0.01s Real=0.00s
[2020-12-20T14:59:15.014+0500][1.040s] GC(1) Pause Young (Normal) (G1 Evacuation Pause)
[2020-12-20T14:59:15.014+0500][1.041s] GC(1) Using 13 workers of 13 for evacuation
[2020-12-20T14:59:15.020+0500][1.047s] GC(1)   Pre Evacuate Collection Set: 0.1ms
[2020-12-20T14:59:15.020+0500][1.047s] GC(1)   Merge Heap Roots: 0.1ms
[2020-12-20T14:59:15.020+0500][1.047s] GC(1)   Evacuate Collection Set: 5.1ms
[2020-12-20T14:59:15.020+0500][1.047s] GC(1)   Post Evacuate Collection Set: 1.0ms
[2020-12-20T14:59:15.020+0500][1.047s] GC(1)   Other: 0.3ms
[2020-12-20T14:59:15.020+0500][1.047s] GC(1) Eden regions: 54->0(299)
[2020-12-20T14:59:15.020+0500][1.047s] GC(1) Survivor regions: 3->8(8)
[2020-12-20T14:59:15.020+0500][1.047s] GC(1) Old regions: 0->7
[2020-12-20T14:59:15.020+0500][1.047s] GC(1) Archive regions: 2->2
[2020-12-20T14:59:15.020+0500][1.047s] GC(1) Humongous regions: 4->4
[2020-12-20T14:59:15.020+0500][1.047s] GC(1) Metaspace: 15580K(16000K)->15580K(16000K) NonClass: 13772K(14080K)->13772K(14080K) Class: 1808K(1920K)->1808K(1920K)
[2020-12-20T14:59:15.020+0500][1.047s] GC(1) Pause Young (Normal) (G1 Evacuation Pause) 61M->19M(512M) 6.724ms
[2020-12-20T14:59:15.020+0500][1.047s] GC(1) User=0.05s Sys=0.01s Real=0.01s
[2020-12-20T14:59:15.312+0500][1.339s] GC(2) Pause Young (Concurrent Start) (Metadata GC Threshold)
[2020-12-20T14:59:15.312+0500][1.339s] GC(2) Using 13 workers of 13 for evacuation
[2020-12-20T14:59:15.316+0500][1.343s] GC(2)   Pre Evacuate Collection Set: 0.1ms
[2020-12-20T14:59:15.316+0500][1.343s] GC(2)   Merge Heap Roots: 0.1ms
[2020-12-20T14:59:15.316+0500][1.343s] GC(2)   Evacuate Collection Set: 2.8ms
[2020-12-20T14:59:15.316+0500][1.343s] GC(2)   Post Evacuate Collection Set: 0.9ms
[2020-12-20T14:59:15.316+0500][1.343s] GC(2)   Other: 0.3ms
[2020-12-20T14:59:15.316+0500][1.343s] GC(2) Eden regions: 36->0(284)
[2020-12-20T14:59:15.316+0500][1.343s] GC(2) Survivor regions: 8->13(39)
[2020-12-20T14:59:15.316+0500][1.343s] GC(2) Old regions: 7->7
[2020-12-20T14:59:15.316+0500][1.343s] GC(2) Archive regions: 2->2
[2020-12-20T14:59:15.316+0500][1.343s] GC(2) Humongous regions: 4->4
[2020-12-20T14:59:15.316+0500][1.343s] GC(2) Metaspace: 20744K(21296K)->20744K(21296K) NonClass: 18419K(18864K)->18419K(18864K) Class: 2325K(2432K)->2325K(2432K)
[2020-12-20T14:59:15.316+0500][1.343s] GC(2) Pause Young (Concurrent Start) (Metadata GC Threshold) 54M->23M(512M) 4.387ms
[2020-12-20T14:59:15.316+0500][1.343s] GC(2) User=0.04s Sys=0.01s Real=0.00s
[2020-12-20T14:59:15.316+0500][1.343s] GC(3) Concurrent Cycle
[2020-12-20T14:59:15.316+0500][1.343s] GC(3) Concurrent Clear Claimed Marks
[2020-12-20T14:59:15.316+0500][1.343s] GC(3) Concurrent Clear Claimed Marks 0.013ms
[2020-12-20T14:59:15.316+0500][1.343s] GC(3) Concurrent Scan Root Regions
[2020-12-20T14:59:15.318+0500][1.345s] GC(3) Concurrent Scan Root Regions 1.804ms
[2020-12-20T14:59:15.318+0500][1.345s] GC(3) Concurrent Mark (1.345s)
[2020-12-20T14:59:15.318+0500][1.345s] GC(3) Concurrent Mark From Roots
[2020-12-20T14:59:15.318+0500][1.345s] GC(3) Using 3 workers of 3 for marking
[2020-12-20T14:59:15.323+0500][1.349s] GC(3) Concurrent Mark From Roots 4.177ms
[2020-12-20T14:59:15.323+0500][1.349s] GC(3) Concurrent Preclean
[2020-12-20T14:59:15.323+0500][1.349s] GC(3) Concurrent Preclean 0.046ms
[2020-12-20T14:59:15.323+0500][1.349s] GC(3) Concurrent Mark (1.345s, 1.349s) 4.292ms
[2020-12-20T14:59:15.323+0500][1.349s] GC(3) Pause Remark
[2020-12-20T14:59:15.324+0500][1.351s] GC(3) Pause Remark 25M->25M(512M) 1.103ms
[2020-12-20T14:59:15.324+0500][1.351s] GC(3) User=0.00s Sys=0.00s Real=0.00s
[2020-12-20T14:59:15.324+0500][1.351s] GC(3) Concurrent Rebuild Remembered Sets
[2020-12-20T14:59:15.327+0500][1.354s] GC(3) Concurrent Rebuild Remembered Sets 2.832ms
[2020-12-20T14:59:15.327+0500][1.354s] GC(3) Pause Cleanup
[2020-12-20T14:59:15.327+0500][1.354s] GC(3) Pause Cleanup 25M->25M(512M) 0.126ms
[2020-12-20T14:59:15.327+0500][1.354s] GC(3) User=0.00s Sys=0.00s Real=0.00s
[2020-12-20T14:59:15.328+0500][1.354s] GC(3) Concurrent Cleanup for Next Mark
[2020-12-20T14:59:15.328+0500][1.355s] GC(3) Concurrent Cleanup for Next Mark 0.736ms
[2020-12-20T14:59:15.328+0500][1.355s] GC(3) Concurrent Cycle 11.892ms
[2020-12-20T14:59:16.203+0500][2.230s] GC(4) Pause Young (Concurrent Start) (Metadata GC Threshold)
[2020-12-20T14:59:16.203+0500][2.230s] GC(4) Using 13 workers of 13 for evacuation
[2020-12-20T14:59:16.210+0500][2.236s] GC(4)   Pre Evacuate Collection Set: 0.1ms
[2020-12-20T14:59:16.210+0500][2.237s] GC(4)   Merge Heap Roots: 0.1ms
[2020-12-20T14:59:16.210+0500][2.237s] GC(4)   Evacuate Collection Set: 4.8ms
[2020-12-20T14:59:16.210+0500][2.237s] GC(4)   Post Evacuate Collection Set: 1.3ms
[2020-12-20T14:59:16.210+0500][2.237s] GC(4)   Other: 0.3ms
[2020-12-20T14:59:16.210+0500][2.237s] GC(4) Eden regions: 92->0(285)
[2020-12-20T14:59:16.210+0500][2.237s] GC(4) Survivor regions: 13->22(37)
[2020-12-20T14:59:16.210+0500][2.237s] GC(4) Old regions: 7->7
[2020-12-20T14:59:16.210+0500][2.237s] GC(4) Archive regions: 2->2
[2020-12-20T14:59:16.210+0500][2.237s] GC(4) Humongous regions: 6->5
[2020-12-20T14:59:16.210+0500][2.237s] GC(4) Metaspace: 34962K(35968K)->34962K(35968K) NonClass: 30945K(31744K)->30945K(31744K) Class: 4016K(4224K)->4016K(4224K)
[2020-12-20T14:59:16.210+0500][2.237s] GC(4) Pause Young (Concurrent Start) (Metadata GC Threshold) 117M->34M(512M) 6.736ms
[2020-12-20T14:59:16.210+0500][2.237s] GC(4) User=0.07s Sys=0.00s Real=0.01s
[2020-12-20T14:59:16.210+0500][2.237s] GC(5) Concurrent Cycle
[2020-12-20T14:59:16.210+0500][2.237s] GC(5) Concurrent Clear Claimed Marks
[2020-12-20T14:59:16.210+0500][2.237s] GC(5) Concurrent Clear Claimed Marks 0.020ms
[2020-12-20T14:59:16.210+0500][2.237s] GC(5) Concurrent Scan Root Regions
[2020-12-20T14:59:16.213+0500][2.239s] GC(5) Concurrent Scan Root Regions 2.619ms
[2020-12-20T14:59:16.213+0500][2.239s] GC(5) Concurrent Mark (2.239s)
[2020-12-20T14:59:16.213+0500][2.239s] GC(5) Concurrent Mark From Roots
[2020-12-20T14:59:16.213+0500][2.239s] GC(5) Using 3 workers of 3 for marking
[2020-12-20T14:59:16.218+0500][2.244s] GC(5) Concurrent Mark From Roots 4.871ms
[2020-12-20T14:59:16.218+0500][2.244s] GC(5) Concurrent Preclean
[2020-12-20T14:59:16.218+0500][2.244s] GC(5) Concurrent Preclean 0.059ms
[2020-12-20T14:59:16.218+0500][2.244s] GC(5) Concurrent Mark (2.239s, 2.244s) 4.971ms
[2020-12-20T14:59:16.218+0500][2.244s] GC(5) Pause Remark
[2020-12-20T14:59:16.219+0500][2.246s] GC(5) Pause Remark 36M->36M(512M) 1.080ms
[2020-12-20T14:59:16.219+0500][2.246s] GC(5) User=0.01s Sys=0.00s Real=0.00s
[2020-12-20T14:59:16.219+0500][2.246s] GC(5) Concurrent Rebuild Remembered Sets
[2020-12-20T14:59:16.221+0500][2.248s] GC(5) Concurrent Rebuild Remembered Sets 2.412ms
[2020-12-20T14:59:16.221+0500][2.248s] GC(5) Pause Cleanup
[2020-12-20T14:59:16.222+0500][2.248s] GC(5) Pause Cleanup 38M->38M(512M) 0.086ms
[2020-12-20T14:59:16.222+0500][2.248s] GC(5) User=0.00s Sys=0.00s Real=0.00s
[2020-12-20T14:59:16.222+0500][2.248s] GC(5) Concurrent Cleanup for Next Mark
[2020-12-20T14:59:16.222+0500][2.249s] GC(5) Concurrent Cleanup for Next Mark 0.578ms
[2020-12-20T14:59:16.222+0500][2.249s] GC(5) Concurrent Cycle 12.335ms
[2020-12-20T17:54:31.830+0500][7436.559s] Heap
[2020-12-20T17:54:31.830+0500][7436.559s]  garbage-first heap   total 524288K, used 314766K [0x00000007e0000000, 0x0000000800000000)
[2020-12-20T17:54:31.830+0500][7436.559s]   region size 1024K, 296 young (303104K), 22 survivors (22528K)
[2020-12-20T17:54:31.830+0500][7436.559s]  Metaspace       used 50607K, capacity 51160K, committed 51712K, reserved 1095680K
[2020-12-20T17:54:31.830+0500][7436.559s]   class space    used 5915K, capacity 6101K, committed 6144K, reserved 1048576K
