[2020-12-19T10:43:46.724+0500][0.008s] Using G1
[2020-12-19T10:43:47.069+0500][0.353s] Version: 15.0.1+9 (release)
[2020-12-19T10:43:47.069+0500][0.353s] CPUs: 16 total, 16 available
[2020-12-19T10:43:47.069+0500][0.353s] Memory: 16384M
[2020-12-19T10:43:47.069+0500][0.353s] Large Page Support: Disabled
[2020-12-19T10:43:47.069+0500][0.353s] NUMA Support: Disabled
[2020-12-19T10:43:47.069+0500][0.353s] Compressed Oops: Enabled (Zero based)
[2020-12-19T10:43:47.069+0500][0.353s] Heap Region Size: 1M
[2020-12-19T10:43:47.069+0500][0.353s] Heap Min Capacity: 512M
[2020-12-19T10:43:47.069+0500][0.353s] Heap Initial Capacity: 512M
[2020-12-19T10:43:47.069+0500][0.353s] Heap Max Capacity: 512M
[2020-12-19T10:43:47.069+0500][0.353s] Pre-touch: Enabled
[2020-12-19T10:43:47.069+0500][0.353s] Parallel Workers: 13
[2020-12-19T10:43:47.069+0500][0.353s] Concurrent Workers: 3
[2020-12-19T10:43:47.069+0500][0.353s] Concurrent Refinement Workers: 13
[2020-12-19T10:43:47.069+0500][0.353s] Periodic GC: Disabled
[2020-12-19T10:43:47.070+0500][0.354s] Mark closed archive regions in map: [0x00000007fff00000, 0x00000007fff78ff8]
[2020-12-19T10:43:47.070+0500][0.354s] Mark open archive regions in map: [0x00000007ffe00000, 0x00000007ffe50ff8]
[2020-12-19T10:43:47.070+0500][0.354s] CDS archive(s) mapped at: [0x0000000800000000-0x0000000800b2d000-0x0000000800b2d000), size 11718656, SharedBaseAddress: 0x0000000800000000, ArchiveRelocationMode: 0.
[2020-12-19T10:43:47.070+0500][0.354s] Compressed class space mapped at: 0x0000000800b30000-0x0000000840b30000, size: 1073741824
[2020-12-19T10:43:47.070+0500][0.354s] Narrow klass base: 0x0000000800000000, Narrow klass shift: 3, Narrow klass range: 0x100000000
[2020-12-19T10:43:47.613+0500][0.897s] GC(0) Pause Young (Normal) (G1 Evacuation Pause)
[2020-12-19T10:43:47.614+0500][0.897s] GC(0) Using 12 workers of 13 for evacuation
[2020-12-19T10:43:47.615+0500][0.899s] GC(0)   Pre Evacuate Collection Set: 0.1ms
[2020-12-19T10:43:47.615+0500][0.899s] GC(0)   Merge Heap Roots: 0.1ms
[2020-12-19T10:43:47.615+0500][0.899s] GC(0)   Evacuate Collection Set: 1.1ms
[2020-12-19T10:43:47.615+0500][0.899s] GC(0)   Post Evacuate Collection Set: 0.3ms
[2020-12-19T10:43:47.615+0500][0.899s] GC(0)   Other: 0.7ms
[2020-12-19T10:43:47.615+0500][0.899s] GC(0) Eden regions: 29->0(54)
[2020-12-19T10:43:47.615+0500][0.899s] GC(0) Survivor regions: 0->3(4)
[2020-12-19T10:43:47.615+0500][0.899s] GC(0) Old regions: 0->0
[2020-12-19T10:43:47.615+0500][0.899s] GC(0) Archive regions: 2->2
[2020-12-19T10:43:47.615+0500][0.899s] GC(0) Humongous regions: 0->0
[2020-12-19T10:43:47.616+0500][0.899s] GC(0) Metaspace: 6702K(7808K)->6702K(7808K) NonClass: 5913K(6912K)->5913K(6912K) Class: 788K(896K)->788K(896K)
[2020-12-19T10:43:47.616+0500][0.899s] GC(0) Pause Young (Normal) (G1 Evacuation Pause) 29M->3M(512M) 2.525ms
[2020-12-19T10:43:47.616+0500][0.899s] GC(0) User=0.02s Sys=0.00s Real=0.00s
[2020-12-19T10:43:48.206+0500][1.490s] GC(1) Pause Young (Normal) (G1 Evacuation Pause)
[2020-12-19T10:43:48.206+0500][1.490s] GC(1) Using 13 workers of 13 for evacuation
[2020-12-19T10:43:48.212+0500][1.496s] GC(1)   Pre Evacuate Collection Set: 0.1ms
[2020-12-19T10:43:48.213+0500][1.496s] GC(1)   Merge Heap Roots: 0.0ms
[2020-12-19T10:43:48.213+0500][1.496s] GC(1)   Evacuate Collection Set: 5.4ms
[2020-12-19T10:43:48.213+0500][1.496s] GC(1)   Post Evacuate Collection Set: 1.0ms
[2020-12-19T10:43:48.213+0500][1.496s] GC(1)   Other: 0.2ms
[2020-12-19T10:43:48.213+0500][1.496s] GC(1) Eden regions: 54->0(299)
[2020-12-19T10:43:48.213+0500][1.496s] GC(1) Survivor regions: 3->8(8)
[2020-12-19T10:43:48.213+0500][1.496s] GC(1) Old regions: 0->7
[2020-12-19T10:43:48.213+0500][1.496s] GC(1) Archive regions: 2->2
[2020-12-19T10:43:48.213+0500][1.496s] GC(1) Humongous regions: 4->4
[2020-12-19T10:43:48.213+0500][1.496s] GC(1) Metaspace: 15470K(16000K)->15470K(16000K) NonClass: 13675K(14080K)->13675K(14080K) Class: 1795K(1920K)->1795K(1920K)
[2020-12-19T10:43:48.213+0500][1.496s] GC(1) Pause Young (Normal) (G1 Evacuation Pause) 61M->19M(512M) 6.863ms
[2020-12-19T10:43:48.213+0500][1.496s] GC(1) User=0.06s Sys=0.02s Real=0.01s
[2020-12-19T10:43:48.537+0500][1.821s] GC(2) Pause Young (Concurrent Start) (Metadata GC Threshold)
[2020-12-19T10:43:48.537+0500][1.821s] GC(2) Using 13 workers of 13 for evacuation
[2020-12-19T10:43:48.542+0500][1.826s] GC(2)   Pre Evacuate Collection Set: 0.1ms
[2020-12-19T10:43:48.542+0500][1.826s] GC(2)   Merge Heap Roots: 0.1ms
[2020-12-19T10:43:48.542+0500][1.826s] GC(2)   Evacuate Collection Set: 3.8ms
[2020-12-19T10:43:48.542+0500][1.826s] GC(2)   Post Evacuate Collection Set: 1.0ms
[2020-12-19T10:43:48.543+0500][1.826s] GC(2)   Other: 0.3ms
[2020-12-19T10:43:48.543+0500][1.826s] GC(2) Eden regions: 34->0(268)
[2020-12-19T10:43:48.543+0500][1.826s] GC(2) Survivor regions: 8->12(39)
[2020-12-19T10:43:48.543+0500][1.826s] GC(2) Old regions: 7->7
[2020-12-19T10:43:48.543+0500][1.826s] GC(2) Archive regions: 2->2
[2020-12-19T10:43:48.543+0500][1.826s] GC(2) Humongous regions: 4->4
[2020-12-19T10:43:48.543+0500][1.826s] GC(2) Metaspace: 20628K(21296K)->20628K(21296K) NonClass: 18315K(18864K)->18315K(18864K) Class: 2312K(2432K)->2312K(2432K)
[2020-12-19T10:43:48.543+0500][1.826s] GC(2) Pause Young (Concurrent Start) (Metadata GC Threshold) 53M->23M(512M) 5.434ms
[2020-12-19T10:43:48.543+0500][1.826s] GC(2) User=0.06s Sys=0.01s Real=0.01s
[2020-12-19T10:43:48.543+0500][1.826s] GC(3) Concurrent Cycle
[2020-12-19T10:43:48.543+0500][1.826s] GC(3) Concurrent Clear Claimed Marks
[2020-12-19T10:43:48.543+0500][1.826s] GC(3) Concurrent Clear Claimed Marks 0.018ms
[2020-12-19T10:43:48.543+0500][1.826s] GC(3) Concurrent Scan Root Regions
[2020-12-19T10:43:48.545+0500][1.828s] GC(3) Concurrent Scan Root Regions 1.998ms
[2020-12-19T10:43:48.545+0500][1.829s] GC(3) Concurrent Mark (1.829s)
[2020-12-19T10:43:48.545+0500][1.829s] GC(3) Concurrent Mark From Roots
[2020-12-19T10:43:48.545+0500][1.829s] GC(3) Using 3 workers of 3 for marking
[2020-12-19T10:43:48.549+0500][1.833s] GC(3) Concurrent Mark From Roots 4.373ms
[2020-12-19T10:43:48.549+0500][1.833s] GC(3) Concurrent Preclean
[2020-12-19T10:43:48.549+0500][1.833s] GC(3) Concurrent Preclean 0.054ms
[2020-12-19T10:43:48.549+0500][1.833s] GC(3) Concurrent Mark (1.829s, 1.833s) 4.495ms
[2020-12-19T10:43:48.550+0500][1.833s] GC(3) Pause Remark
[2020-12-19T10:43:48.551+0500][1.834s] GC(3) Pause Remark 24M->24M(512M) 1.088ms
[2020-12-19T10:43:48.551+0500][1.835s] GC(3) User=0.01s Sys=0.00s Real=0.00s
[2020-12-19T10:43:48.551+0500][1.835s] GC(3) Concurrent Rebuild Remembered Sets
[2020-12-19T10:43:48.553+0500][1.837s] GC(3) Concurrent Rebuild Remembered Sets 2.501ms
[2020-12-19T10:43:48.554+0500][1.837s] GC(3) Pause Cleanup
[2020-12-19T10:43:48.554+0500][1.838s] GC(3) Pause Cleanup 25M->25M(512M) 0.096ms
[2020-12-19T10:43:48.554+0500][1.838s] GC(3) User=0.00s Sys=0.00s Real=0.00s
[2020-12-19T10:43:48.554+0500][1.838s] GC(3) Concurrent Cleanup for Next Mark
[2020-12-19T10:43:48.555+0500][1.838s] GC(3) Concurrent Cleanup for Next Mark 0.762ms
[2020-12-19T10:43:48.555+0500][1.838s] GC(3) Concurrent Cycle 11.981ms
[2020-12-19T10:47:34.786+0500][228.066s] GC(4) Pause Young (Concurrent Start) (Metadata GC Threshold)
[2020-12-19T10:47:34.786+0500][228.066s] GC(4) Using 13 workers of 13 for evacuation
[2020-12-19T10:47:34.792+0500][228.072s] GC(4)   Pre Evacuate Collection Set: 0.1ms
[2020-12-19T10:47:34.792+0500][228.072s] GC(4)   Merge Heap Roots: 0.1ms
[2020-12-19T10:47:34.792+0500][228.072s] GC(4)   Evacuate Collection Set: 4.6ms
[2020-12-19T10:47:34.792+0500][228.072s] GC(4)   Post Evacuate Collection Set: 0.8ms
[2020-12-19T10:47:34.792+0500][228.072s] GC(4)   Other: 0.2ms
[2020-12-19T10:47:34.792+0500][228.072s] GC(4) Eden regions: 81->0(289)
[2020-12-19T10:47:34.792+0500][228.072s] GC(4) Survivor regions: 12->18(35)
[2020-12-19T10:47:34.792+0500][228.072s] GC(4) Old regions: 7->7
[2020-12-19T10:47:34.792+0500][228.072s] GC(4) Archive regions: 2->2
[2020-12-19T10:47:34.792+0500][228.072s] GC(4) Humongous regions: 4->4
[2020-12-19T10:47:34.792+0500][228.072s] GC(4) Metaspace: 34875K(35968K)->34875K(35968K) NonClass: 30873K(31744K)->30873K(31744K) Class: 4001K(4224K)->4001K(4224K)
[2020-12-19T10:47:34.792+0500][228.072s] GC(4) Pause Young (Concurrent Start) (Metadata GC Threshold) 104M->28M(512M) 5.889ms
[2020-12-19T10:47:34.792+0500][228.072s] GC(4) User=0.06s Sys=0.01s Real=0.01s
[2020-12-19T10:47:34.792+0500][228.072s] GC(5) Concurrent Cycle
[2020-12-19T10:47:34.792+0500][228.072s] GC(5) Concurrent Clear Claimed Marks
[2020-12-19T10:47:34.792+0500][228.072s] GC(5) Concurrent Clear Claimed Marks 0.021ms
[2020-12-19T10:47:34.792+0500][228.072s] GC(5) Concurrent Scan Root Regions
[2020-12-19T10:47:34.795+0500][228.075s] GC(5) Concurrent Scan Root Regions 2.452ms
[2020-12-19T10:47:34.795+0500][228.075s] GC(5) Concurrent Mark (228.075s)
[2020-12-19T10:47:34.795+0500][228.075s] GC(5) Concurrent Mark From Roots
[2020-12-19T10:47:34.795+0500][228.075s] GC(5) Using 3 workers of 3 for marking
[2020-12-19T10:47:34.798+0500][228.078s] GC(5) Concurrent Mark From Roots 3.445ms
[2020-12-19T10:47:34.798+0500][228.078s] GC(5) Concurrent Preclean
[2020-12-19T10:47:34.798+0500][228.078s] GC(5) Concurrent Preclean 0.034ms
[2020-12-19T10:47:34.798+0500][228.078s] GC(5) Concurrent Mark (228.075s, 228.078s) 3.528ms
[2020-12-19T10:47:34.799+0500][228.079s] GC(5) Pause Remark
[2020-12-19T10:47:34.800+0500][228.080s] GC(5) Pause Remark 30M->30M(512M) 1.054ms
[2020-12-19T10:47:34.800+0500][228.080s] GC(5) User=0.01s Sys=0.00s Real=0.01s
[2020-12-19T10:47:34.800+0500][228.080s] GC(5) Concurrent Rebuild Remembered Sets
[2020-12-19T10:47:34.802+0500][228.082s] GC(5) Concurrent Rebuild Remembered Sets 2.508ms
[2020-12-19T10:47:34.803+0500][228.083s] GC(5) Pause Cleanup
[2020-12-19T10:47:34.803+0500][228.083s] GC(5) Pause Cleanup 30M->30M(512M) 0.099ms
[2020-12-19T10:47:34.803+0500][228.083s] GC(5) User=0.00s Sys=0.00s Real=0.00s
[2020-12-19T10:47:34.803+0500][228.083s] GC(5) Concurrent Cleanup for Next Mark
[2020-12-19T10:47:34.804+0500][228.084s] GC(5) Concurrent Cleanup for Next Mark 0.820ms
[2020-12-19T10:47:34.804+0500][228.084s] GC(5) Concurrent Cycle 11.531ms
[2020-12-19T12:10:16.140+0500][3046.610s] GC(6) Pause Young (Normal) (G1 Evacuation Pause)
[2020-12-19T12:10:16.141+0500][3046.610s] GC(6) Using 13 workers of 13 for evacuation
[2020-12-19T12:10:16.181+0500][3046.651s] GC(6)   Pre Evacuate Collection Set: 0.6ms
[2020-12-19T12:10:16.181+0500][3046.651s] GC(6)   Merge Heap Roots: 0.2ms
[2020-12-19T12:10:16.181+0500][3046.651s] GC(6)   Evacuate Collection Set: 36.9ms
[2020-12-19T12:10:16.181+0500][3046.651s] GC(6)   Post Evacuate Collection Set: 2.8ms
[2020-12-19T12:10:16.181+0500][3046.651s] GC(6)   Other: 0.6ms
[2020-12-19T12:10:16.181+0500][3046.651s] GC(6) Eden regions: 289->0(280)
[2020-12-19T12:10:16.181+0500][3046.651s] GC(6) Survivor regions: 18->27(39)
[2020-12-19T12:10:16.181+0500][3046.651s] GC(6) Old regions: 7->7
[2020-12-19T12:10:16.181+0500][3046.651s] GC(6) Archive regions: 2->2
[2020-12-19T12:10:16.181+0500][3046.651s] GC(6) Humongous regions: 6->5
[2020-12-19T12:10:16.181+0500][3046.651s] GC(6) Metaspace: 45939K(47360K)->45939K(47360K) NonClass: 40750K(41984K)->40750K(41984K) Class: 5188K(5376K)->5188K(5376K)
[2020-12-19T12:10:16.181+0500][3046.651s] GC(6) Pause Young (Normal) (G1 Evacuation Pause) 319M->39M(512M) 41.147ms
[2020-12-19T12:10:16.181+0500][3046.651s] GC(6) User=0.18s Sys=0.24s Real=0.04s
[2020-12-19T12:11:02.543+0500][3093.012s] GC(7) Pause Young (Normal) (G1 Evacuation Pause)
[2020-12-19T12:11:02.543+0500][3093.012s] GC(7) Using 13 workers of 13 for evacuation
[2020-12-19T12:11:02.554+0500][3093.023s] GC(7)   Pre Evacuate Collection Set: 0.1ms
[2020-12-19T12:11:02.554+0500][3093.023s] GC(7)   Merge Heap Roots: 0.1ms
[2020-12-19T12:11:02.554+0500][3093.023s] GC(7)   Evacuate Collection Set: 9.0ms
[2020-12-19T12:11:02.554+0500][3093.023s] GC(7)   Post Evacuate Collection Set: 1.7ms
[2020-12-19T12:11:02.554+0500][3093.023s] GC(7)   Other: 0.2ms
[2020-12-19T12:11:02.554+0500][3093.023s] GC(7) Eden regions: 280->0(282)
[2020-12-19T12:11:02.554+0500][3093.023s] GC(7) Survivor regions: 27->25(39)
[2020-12-19T12:11:02.554+0500][3093.023s] GC(7) Old regions: 7->16
[2020-12-19T12:11:02.555+0500][3093.023s] GC(7) Archive regions: 2->2
[2020-12-19T12:11:02.555+0500][3093.023s] GC(7) Humongous regions: 8->8
[2020-12-19T12:11:02.555+0500][3093.023s] GC(7) Metaspace: 49538K(51200K)->49538K(51200K) NonClass: 43870K(45312K)->43870K(45312K) Class: 5668K(5888K)->5668K(5888K)
[2020-12-19T12:11:02.555+0500][3093.023s] GC(7) Pause Young (Normal) (G1 Evacuation Pause) 322M->48M(512M) 11.313ms
[2020-12-19T12:11:02.555+0500][3093.023s] GC(7) User=0.09s Sys=0.03s Real=0.01s
[2020-12-19T12:39:58.679+0500][4829.278s] Heap
[2020-12-19T12:39:58.680+0500][4829.278s]  garbage-first heap   total 524288K, used 242383K [0x00000007e0000000, 0x0000000800000000)
[2020-12-19T12:39:58.680+0500][4829.278s]   region size 1024K, 215 young (220160K), 25 survivors (25600K)
[2020-12-19T12:39:58.680+0500][4829.278s]  Metaspace       used 50480K, capacity 51233K, committed 52224K, reserved 1095680K
[2020-12-19T12:39:58.680+0500][4829.278s]   class space    used 5707K, capacity 5884K, committed 5888K, reserved 1048576K
