[2020-12-19T17:03:06.237+0500][0.009s] Using G1
[2020-12-19T17:03:06.463+0500][0.234s] Version: 15.0.1+9 (release)
[2020-12-19T17:03:06.463+0500][0.234s] CPUs: 16 total, 16 available
[2020-12-19T17:03:06.463+0500][0.234s] Memory: 16384M
[2020-12-19T17:03:06.463+0500][0.234s] Large Page Support: Disabled
[2020-12-19T17:03:06.463+0500][0.234s] NUMA Support: Disabled
[2020-12-19T17:03:06.463+0500][0.234s] Compressed Oops: Enabled (Zero based)
[2020-12-19T17:03:06.463+0500][0.234s] Heap Region Size: 1M
[2020-12-19T17:03:06.463+0500][0.234s] Heap Min Capacity: 512M
[2020-12-19T17:03:06.463+0500][0.234s] Heap Initial Capacity: 512M
[2020-12-19T17:03:06.463+0500][0.234s] Heap Max Capacity: 512M
[2020-12-19T17:03:06.463+0500][0.234s] Pre-touch: Enabled
[2020-12-19T17:03:06.463+0500][0.234s] Parallel Workers: 13
[2020-12-19T17:03:06.463+0500][0.234s] Concurrent Workers: 3
[2020-12-19T17:03:06.463+0500][0.234s] Concurrent Refinement Workers: 13
[2020-12-19T17:03:06.463+0500][0.234s] Periodic GC: Disabled
[2020-12-19T17:03:06.463+0500][0.235s] Mark closed archive regions in map: [0x00000007fff00000, 0x00000007fff78ff8]
[2020-12-19T17:03:06.463+0500][0.235s] Mark open archive regions in map: [0x00000007ffe00000, 0x00000007ffe50ff8]
[2020-12-19T17:03:06.464+0500][0.235s] CDS archive(s) mapped at: [0x0000000800000000-0x0000000800b2d000-0x0000000800b2d000), size 11718656, SharedBaseAddress: 0x0000000800000000, ArchiveRelocationMode: 0.
[2020-12-19T17:03:06.464+0500][0.235s] Compressed class space mapped at: 0x0000000800b30000-0x0000000840b30000, size: 1073741824
[2020-12-19T17:03:06.464+0500][0.235s] Narrow klass base: 0x0000000800000000, Narrow klass shift: 3, Narrow klass range: 0x100000000
[2020-12-19T17:03:06.828+0500][0.599s] GC(0) Pause Young (Normal) (G1 Evacuation Pause)
[2020-12-19T17:03:06.829+0500][0.600s] GC(0) Using 12 workers of 13 for evacuation
[2020-12-19T17:03:06.831+0500][0.602s] GC(0)   Pre Evacuate Collection Set: 0.1ms
[2020-12-19T17:03:06.831+0500][0.602s] GC(0)   Merge Heap Roots: 0.1ms
[2020-12-19T17:03:06.831+0500][0.602s] GC(0)   Evacuate Collection Set: 1.2ms
[2020-12-19T17:03:06.831+0500][0.602s] GC(0)   Post Evacuate Collection Set: 0.4ms
[2020-12-19T17:03:06.831+0500][0.603s] GC(0)   Other: 1.3ms
[2020-12-19T17:03:06.831+0500][0.603s] GC(0) Eden regions: 29->0(54)
[2020-12-19T17:03:06.831+0500][0.603s] GC(0) Survivor regions: 0->3(4)
[2020-12-19T17:03:06.831+0500][0.603s] GC(0) Old regions: 0->0
[2020-12-19T17:03:06.831+0500][0.603s] GC(0) Archive regions: 2->2
[2020-12-19T17:03:06.831+0500][0.603s] GC(0) Humongous regions: 0->0
[2020-12-19T17:03:06.831+0500][0.603s] GC(0) Metaspace: 6694K(7808K)->6694K(7808K) NonClass: 5908K(6912K)->5908K(6912K) Class: 785K(896K)->785K(896K)
[2020-12-19T17:03:06.831+0500][0.603s] GC(0) Pause Young (Normal) (G1 Evacuation Pause) 29M->3M(512M) 3.231ms
[2020-12-19T17:03:06.831+0500][0.603s] GC(0) User=0.02s Sys=0.00s Real=0.01s
[2020-12-19T17:03:07.293+0500][1.065s] GC(1) Pause Young (Normal) (G1 Evacuation Pause)
[2020-12-19T17:03:07.293+0500][1.065s] GC(1) Using 13 workers of 13 for evacuation
[2020-12-19T17:03:07.300+0500][1.071s] GC(1)   Pre Evacuate Collection Set: 0.1ms
[2020-12-19T17:03:07.300+0500][1.071s] GC(1)   Merge Heap Roots: 0.1ms
[2020-12-19T17:03:07.300+0500][1.071s] GC(1)   Evacuate Collection Set: 5.1ms
[2020-12-19T17:03:07.300+0500][1.071s] GC(1)   Post Evacuate Collection Set: 0.9ms
[2020-12-19T17:03:07.300+0500][1.071s] GC(1)   Other: 0.2ms
[2020-12-19T17:03:07.300+0500][1.071s] GC(1) Eden regions: 54->0(299)
[2020-12-19T17:03:07.300+0500][1.071s] GC(1) Survivor regions: 3->8(8)
[2020-12-19T17:03:07.300+0500][1.072s] GC(1) Old regions: 0->7
[2020-12-19T17:03:07.300+0500][1.072s] GC(1) Archive regions: 2->2
[2020-12-19T17:03:07.300+0500][1.072s] GC(1) Humongous regions: 4->4
[2020-12-19T17:03:07.300+0500][1.072s] GC(1) Metaspace: 15589K(16256K)->15589K(16256K) NonClass: 13781K(14336K)->13781K(14336K) Class: 1808K(1920K)->1808K(1920K)
[2020-12-19T17:03:07.300+0500][1.072s] GC(1) Pause Young (Normal) (G1 Evacuation Pause) 61M->19M(512M) 6.562ms
[2020-12-19T17:03:07.300+0500][1.072s] GC(1) User=0.05s Sys=0.01s Real=0.01s
[2020-12-19T17:03:07.568+0500][1.340s] GC(2) Pause Young (Concurrent Start) (Metadata GC Threshold)
[2020-12-19T17:03:07.568+0500][1.340s] GC(2) Using 13 workers of 13 for evacuation
[2020-12-19T17:03:07.571+0500][1.343s] GC(2)   Pre Evacuate Collection Set: 0.1ms
[2020-12-19T17:03:07.571+0500][1.343s] GC(2)   Merge Heap Roots: 0.1ms
[2020-12-19T17:03:07.571+0500][1.343s] GC(2)   Evacuate Collection Set: 2.5ms
[2020-12-19T17:03:07.571+0500][1.343s] GC(2)   Post Evacuate Collection Set: 0.6ms
[2020-12-19T17:03:07.571+0500][1.343s] GC(2)   Other: 0.3ms
[2020-12-19T17:03:07.571+0500][1.343s] GC(2) Eden regions: 36->0(253)
[2020-12-19T17:03:07.571+0500][1.343s] GC(2) Survivor regions: 8->13(39)
[2020-12-19T17:03:07.571+0500][1.343s] GC(2) Old regions: 7->7
[2020-12-19T17:03:07.571+0500][1.343s] GC(2) Archive regions: 2->2
[2020-12-19T17:03:07.571+0500][1.343s] GC(2) Humongous regions: 4->4
[2020-12-19T17:03:07.571+0500][1.343s] GC(2) Metaspace: 20756K(21296K)->20756K(21296K) NonClass: 18431K(18864K)->18431K(18864K) Class: 2325K(2432K)->2325K(2432K)
[2020-12-19T17:03:07.571+0500][1.343s] GC(2) Pause Young (Concurrent Start) (Metadata GC Threshold) 55M->23M(512M) 3.579ms
[2020-12-19T17:03:07.571+0500][1.343s] GC(2) User=0.04s Sys=0.00s Real=0.01s
[2020-12-19T17:03:07.571+0500][1.343s] GC(3) Concurrent Cycle
[2020-12-19T17:03:07.571+0500][1.343s] GC(3) Concurrent Clear Claimed Marks
[2020-12-19T17:03:07.571+0500][1.343s] GC(3) Concurrent Clear Claimed Marks 0.018ms
[2020-12-19T17:03:07.572+0500][1.343s] GC(3) Concurrent Scan Root Regions
[2020-12-19T17:03:07.573+0500][1.345s] GC(3) Concurrent Scan Root Regions 1.530ms
[2020-12-19T17:03:07.573+0500][1.345s] GC(3) Concurrent Mark (1.345s)
[2020-12-19T17:03:07.573+0500][1.345s] GC(3) Concurrent Mark From Roots
[2020-12-19T17:03:07.573+0500][1.345s] GC(3) Using 3 workers of 3 for marking
[2020-12-19T17:03:07.577+0500][1.349s] GC(3) Concurrent Mark From Roots 4.250ms
[2020-12-19T17:03:07.577+0500][1.349s] GC(3) Concurrent Preclean
[2020-12-19T17:03:07.577+0500][1.349s] GC(3) Concurrent Preclean 0.039ms
[2020-12-19T17:03:07.577+0500][1.349s] GC(3) Concurrent Mark (1.345s, 1.349s) 4.339ms
[2020-12-19T17:03:07.578+0500][1.349s] GC(3) Pause Remark
[2020-12-19T17:03:07.578+0500][1.350s] GC(3) Pause Remark 24M->24M(512M) 0.716ms
[2020-12-19T17:03:07.578+0500][1.350s] GC(3) User=0.01s Sys=0.00s Real=0.00s
[2020-12-19T17:03:07.578+0500][1.350s] GC(3) Concurrent Rebuild Remembered Sets
[2020-12-19T17:03:07.581+0500][1.353s] GC(3) Concurrent Rebuild Remembered Sets 2.628ms
[2020-12-19T17:03:07.581+0500][1.353s] GC(3) Pause Cleanup
[2020-12-19T17:03:07.581+0500][1.353s] GC(3) Pause Cleanup 24M->24M(512M) 0.100ms
[2020-12-19T17:03:07.581+0500][1.353s] GC(3) User=0.01s Sys=0.00s Real=0.00s
[2020-12-19T17:03:07.581+0500][1.353s] GC(3) Concurrent Cleanup for Next Mark
[2020-12-19T17:03:07.582+0500][1.354s] GC(3) Concurrent Cleanup for Next Mark 0.599ms
[2020-12-19T17:03:07.582+0500][1.354s] GC(3) Concurrent Cycle 10.482ms
[2020-12-19T17:03:08.499+0500][2.271s] GC(4) Pause Young (Concurrent Start) (Metadata GC Threshold)
[2020-12-19T17:03:08.499+0500][2.271s] GC(4) Using 13 workers of 13 for evacuation
[2020-12-19T17:03:08.506+0500][2.278s] GC(4)   Pre Evacuate Collection Set: 0.1ms
[2020-12-19T17:03:08.506+0500][2.278s] GC(4)   Merge Heap Roots: 0.1ms
[2020-12-19T17:03:08.506+0500][2.278s] GC(4)   Evacuate Collection Set: 4.9ms
[2020-12-19T17:03:08.506+0500][2.278s] GC(4)   Post Evacuate Collection Set: 1.3ms
[2020-12-19T17:03:08.506+0500][2.278s] GC(4)   Other: 0.3ms
[2020-12-19T17:03:08.506+0500][2.278s] GC(4) Eden regions: 104->0(284)
[2020-12-19T17:03:08.506+0500][2.278s] GC(4) Survivor regions: 13->23(34)
[2020-12-19T17:03:08.506+0500][2.278s] GC(4) Old regions: 7->7
[2020-12-19T17:03:08.506+0500][2.278s] GC(4) Archive regions: 2->2
[2020-12-19T17:03:08.506+0500][2.278s] GC(4) Humongous regions: 6->5
[2020-12-19T17:03:08.506+0500][2.278s] GC(4) Metaspace: 35458K(35968K)->35458K(35968K) NonClass: 31385K(31744K)->31385K(31744K) Class: 4073K(4224K)->4073K(4224K)
[2020-12-19T17:03:08.506+0500][2.278s] GC(4) Pause Young (Concurrent Start) (Metadata GC Threshold) 129M->35M(512M) 6.828ms
[2020-12-19T17:03:08.506+0500][2.278s] GC(4) User=0.07s Sys=0.00s Real=0.01s
[2020-12-19T17:03:08.506+0500][2.278s] GC(5) Concurrent Cycle
[2020-12-19T17:03:08.506+0500][2.278s] GC(5) Concurrent Clear Claimed Marks
[2020-12-19T17:03:08.506+0500][2.278s] GC(5) Concurrent Clear Claimed Marks 0.049ms
[2020-12-19T17:03:08.506+0500][2.278s] GC(5) Concurrent Scan Root Regions
[2020-12-19T17:03:08.509+0500][2.281s] GC(5) Concurrent Scan Root Regions 2.779ms
[2020-12-19T17:03:08.509+0500][2.281s] GC(5) Concurrent Mark (2.281s)
[2020-12-19T17:03:08.509+0500][2.281s] GC(5) Concurrent Mark From Roots
[2020-12-19T17:03:08.509+0500][2.281s] GC(5) Using 3 workers of 3 for marking
[2020-12-19T17:03:08.513+0500][2.285s] GC(5) Concurrent Mark From Roots 4.414ms
[2020-12-19T17:03:08.513+0500][2.285s] GC(5) Concurrent Preclean
[2020-12-19T17:03:08.513+0500][2.285s] GC(5) Concurrent Preclean 0.034ms
[2020-12-19T17:03:08.513+0500][2.285s] GC(5) Concurrent Mark (2.281s, 2.285s) 4.510ms
[2020-12-19T17:03:08.514+0500][2.285s] GC(5) Pause Remark
[2020-12-19T17:03:08.515+0500][2.286s] GC(5) Pause Remark 39M->39M(512M) 0.974ms
[2020-12-19T17:03:08.515+0500][2.286s] GC(5) User=0.01s Sys=0.00s Real=0.00s
[2020-12-19T17:03:08.515+0500][2.286s] GC(5) Concurrent Rebuild Remembered Sets
[2020-12-19T17:03:08.518+0500][2.290s] GC(5) Concurrent Rebuild Remembered Sets 3.295ms
[2020-12-19T17:03:08.518+0500][2.290s] GC(5) Pause Cleanup
[2020-12-19T17:03:08.518+0500][2.290s] GC(5) Pause Cleanup 41M->41M(512M) 0.091ms
[2020-12-19T17:03:08.518+0500][2.290s] GC(5) User=0.01s Sys=0.00s Real=0.00s
[2020-12-19T17:03:08.518+0500][2.290s] GC(5) Concurrent Cleanup for Next Mark
[2020-12-19T17:03:08.519+0500][2.291s] GC(5) Concurrent Cleanup for Next Mark 0.664ms
[2020-12-19T17:03:08.519+0500][2.291s] GC(5) Concurrent Cycle 13.036ms
[2020-12-19T17:04:38.681+0500][92.454s] GC(6) Pause Young (Normal) (G1 Evacuation Pause)
[2020-12-19T17:04:38.682+0500][92.455s] GC(6) Using 13 workers of 13 for evacuation
[2020-12-19T17:04:38.690+0500][92.463s] GC(6)   Pre Evacuate Collection Set: 0.1ms
[2020-12-19T17:04:38.690+0500][92.463s] GC(6)   Merge Heap Roots: 0.1ms
[2020-12-19T17:04:38.690+0500][92.463s] GC(6)   Evacuate Collection Set: 6.5ms
[2020-12-19T17:04:38.690+0500][92.463s] GC(6)   Post Evacuate Collection Set: 1.3ms
[2020-12-19T17:04:38.690+0500][92.463s] GC(6)   Other: 1.0ms
[2020-12-19T17:04:38.690+0500][92.463s] GC(6) Eden regions: 284->0(272)
[2020-12-19T17:04:38.690+0500][92.463s] GC(6) Survivor regions: 23->35(39)
[2020-12-19T17:04:38.690+0500][92.463s] GC(6) Old regions: 7->9
[2020-12-19T17:04:38.690+0500][92.463s] GC(6) Archive regions: 2->2
[2020-12-19T17:04:38.690+0500][92.463s] GC(6) Humongous regions: 7->6
[2020-12-19T17:04:38.690+0500][92.463s] GC(6) Metaspace: 50997K(51712K)->50997K(51712K) NonClass: 45119K(45568K)->45119K(45568K) Class: 5878K(6144K)->5878K(6144K)
[2020-12-19T17:04:38.690+0500][92.463s] GC(6) Pause Young (Normal) (G1 Evacuation Pause) 320M->49M(512M) 9.193ms
[2020-12-19T17:04:38.690+0500][92.463s] GC(6) User=0.09s Sys=0.00s Real=0.01s
[2020-12-19T17:04:39.647+0500][93.420s] GC(7) Pause Young (Normal) (G1 Evacuation Pause)
[2020-12-19T17:04:39.647+0500][93.420s] GC(7) Using 13 workers of 13 for evacuation
[2020-12-19T17:04:39.655+0500][93.427s] GC(7)   Pre Evacuate Collection Set: 0.1ms
[2020-12-19T17:04:39.655+0500][93.428s] GC(7)   Merge Heap Roots: 0.1ms
[2020-12-19T17:04:39.655+0500][93.428s] GC(7)   Evacuate Collection Set: 6.2ms
[2020-12-19T17:04:39.655+0500][93.428s] GC(7)   Post Evacuate Collection Set: 1.1ms
[2020-12-19T17:04:39.655+0500][93.428s] GC(7)   Other: 0.2ms
[2020-12-19T17:04:39.655+0500][93.428s] GC(7) Eden regions: 272->0(283)
[2020-12-19T17:04:39.655+0500][93.428s] GC(7) Survivor regions: 35->24(39)
[2020-12-19T17:04:39.655+0500][93.428s] GC(7) Old regions: 9->28
[2020-12-19T17:04:39.655+0500][93.428s] GC(7) Archive regions: 2->2
[2020-12-19T17:04:39.655+0500][93.428s] GC(7) Humongous regions: 14->8
[2020-12-19T17:04:39.655+0500][93.428s] GC(7) Metaspace: 52400K(52992K)->52400K(52992K) NonClass: 46437K(46848K)->46437K(46848K) Class: 5963K(6144K)->5963K(6144K)
[2020-12-19T17:04:39.655+0500][93.428s] GC(7) Pause Young (Normal) (G1 Evacuation Pause) 329M->60M(512M) 7.877ms
[2020-12-19T17:04:39.655+0500][93.428s] GC(7) User=0.08s Sys=0.00s Real=0.01s
[2020-12-19T17:04:40.689+0500][94.462s] GC(8) Pause Young (Normal) (G1 Evacuation Pause)
[2020-12-19T17:04:40.689+0500][94.462s] GC(8) Using 13 workers of 13 for evacuation
[2020-12-19T17:04:40.694+0500][94.467s] GC(8)   Pre Evacuate Collection Set: 0.1ms
[2020-12-19T17:04:40.694+0500][94.467s] GC(8)   Merge Heap Roots: 0.1ms
[2020-12-19T17:04:40.694+0500][94.467s] GC(8)   Evacuate Collection Set: 3.5ms
[2020-12-19T17:04:40.694+0500][94.467s] GC(8)   Post Evacuate Collection Set: 0.6ms
[2020-12-19T17:04:40.694+0500][94.467s] GC(8)   Other: 0.1ms
[2020-12-19T17:04:40.694+0500][94.467s] GC(8) Eden regions: 283->0(291)
[2020-12-19T17:04:40.694+0500][94.467s] GC(8) Survivor regions: 24->16(39)
[2020-12-19T17:04:40.694+0500][94.467s] GC(8) Old regions: 28->37
[2020-12-19T17:04:40.694+0500][94.467s] GC(8) Archive regions: 2->2
[2020-12-19T17:04:40.694+0500][94.467s] GC(8) Humongous regions: 10->6
[2020-12-19T17:04:40.694+0500][94.467s] GC(8) Metaspace: 53213K(53888K)->53213K(53888K) NonClass: 47147K(47616K)->47147K(47616K) Class: 6065K(6272K)->6065K(6272K)
[2020-12-19T17:04:40.694+0500][94.467s] GC(8) Pause Young (Normal) (G1 Evacuation Pause) 345M->59M(512M) 4.608ms
[2020-12-19T17:04:40.694+0500][94.467s] GC(8) User=0.05s Sys=0.00s Real=0.01s
[2020-12-19T17:04:41.396+0500][95.169s] GC(9) Pause Young (Normal) (G1 Evacuation Pause)
[2020-12-19T17:04:41.396+0500][95.169s] GC(9) Using 13 workers of 13 for evacuation
[2020-12-19T17:04:41.399+0500][95.172s] GC(9)   Pre Evacuate Collection Set: 0.1ms
[2020-12-19T17:04:41.399+0500][95.172s] GC(9)   Merge Heap Roots: 0.2ms
[2020-12-19T17:04:41.399+0500][95.172s] GC(9)   Evacuate Collection Set: 1.8ms
[2020-12-19T17:04:41.399+0500][95.172s] GC(9)   Post Evacuate Collection Set: 0.7ms
[2020-12-19T17:04:41.399+0500][95.172s] GC(9)   Other: 0.2ms
[2020-12-19T17:04:41.399+0500][95.172s] GC(9) Eden regions: 291->0(293)
[2020-12-19T17:04:41.399+0500][95.172s] GC(9) Survivor regions: 16->14(39)
[2020-12-19T17:04:41.399+0500][95.172s] GC(9) Old regions: 37->37
[2020-12-19T17:04:41.399+0500][95.172s] GC(9) Archive regions: 2->2
[2020-12-19T17:04:41.399+0500][95.172s] GC(9) Humongous regions: 12->6
[2020-12-19T17:04:41.399+0500][95.172s] GC(9) Metaspace: 53275K(53888K)->53275K(53888K) NonClass: 47203K(47616K)->47203K(47616K) Class: 6071K(6272K)->6071K(6272K)
[2020-12-19T17:04:41.399+0500][95.172s] GC(9) Pause Young (Normal) (G1 Evacuation Pause) 356M->56M(512M) 3.035ms
[2020-12-19T17:04:41.399+0500][95.172s] GC(9) User=0.02s Sys=0.00s Real=0.00s
[2020-12-19T17:04:42.020+0500][95.792s] GC(10) Pause Young (Normal) (G1 Evacuation Pause)
[2020-12-19T17:04:42.020+0500][95.792s] GC(10) Using 13 workers of 13 for evacuation
[2020-12-19T17:04:42.023+0500][95.796s] GC(10)   Pre Evacuate Collection Set: 0.1ms
[2020-12-19T17:04:42.023+0500][95.796s] GC(10)   Merge Heap Roots: 0.1ms
[2020-12-19T17:04:42.023+0500][95.796s] GC(10)   Evacuate Collection Set: 2.2ms
[2020-12-19T17:04:42.023+0500][95.796s] GC(10)   Post Evacuate Collection Set: 0.8ms
[2020-12-19T17:04:42.023+0500][95.796s] GC(10)   Other: 0.1ms
[2020-12-19T17:04:42.023+0500][95.796s] GC(10) Eden regions: 293->0(287)
[2020-12-19T17:04:42.023+0500][95.796s] GC(10) Survivor regions: 14->20(39)
[2020-12-19T17:04:42.023+0500][95.796s] GC(10) Old regions: 37->37
[2020-12-19T17:04:42.023+0500][95.796s] GC(10) Archive regions: 2->2
[2020-12-19T17:04:42.023+0500][95.796s] GC(10) Humongous regions: 10->7
[2020-12-19T17:04:42.023+0500][95.796s] GC(10) Metaspace: 53300K(53888K)->53300K(53888K) NonClass: 47226K(47616K)->47226K(47616K) Class: 6073K(6272K)->6073K(6272K)
[2020-12-19T17:04:42.023+0500][95.796s] GC(10) Pause Young (Normal) (G1 Evacuation Pause) 353M->63M(512M) 3.481ms
[2020-12-19T17:04:42.023+0500][95.796s] GC(10) User=0.03s Sys=0.00s Real=0.00s
[2020-12-19T17:04:42.657+0500][96.430s] GC(11) Pause Young (Normal) (G1 Evacuation Pause)
[2020-12-19T17:04:42.657+0500][96.430s] GC(11) Using 13 workers of 13 for evacuation
[2020-12-19T17:04:42.659+0500][96.432s] GC(11)   Pre Evacuate Collection Set: 0.1ms
[2020-12-19T17:04:42.659+0500][96.432s] GC(11)   Merge Heap Roots: 0.1ms
[2020-12-19T17:04:42.659+0500][96.432s] GC(11)   Evacuate Collection Set: 2.0ms
[2020-12-19T17:04:42.659+0500][96.432s] GC(11)   Post Evacuate Collection Set: 0.4ms
[2020-12-19T17:04:42.659+0500][96.432s] GC(11)   Other: 0.1ms
[2020-12-19T17:04:42.659+0500][96.432s] GC(11) Eden regions: 287->0(293)
[2020-12-19T17:04:42.659+0500][96.432s] GC(11) Survivor regions: 20->14(39)
[2020-12-19T17:04:42.659+0500][96.432s] GC(11) Old regions: 37->37
[2020-12-19T17:04:42.659+0500][96.432s] GC(11) Archive regions: 2->2
[2020-12-19T17:04:42.659+0500][96.432s] GC(11) Humongous regions: 10->6
[2020-12-19T17:04:42.659+0500][96.432s] GC(11) Metaspace: 53314K(54144K)->53314K(54144K) NonClass: 47240K(47872K)->47240K(47872K) Class: 6073K(6272K)->6073K(6272K)
[2020-12-19T17:04:42.659+0500][96.432s] GC(11) Pause Young (Normal) (G1 Evacuation Pause) 353M->57M(512M) 2.759ms
[2020-12-19T17:04:42.660+0500][96.432s] GC(11) User=0.03s Sys=0.00s Real=0.01s
[2020-12-19T17:04:43.455+0500][97.228s] GC(12) Pause Young (Normal) (G1 Evacuation Pause)
[2020-12-19T17:04:43.455+0500][97.228s] GC(12) Using 13 workers of 13 for evacuation
[2020-12-19T17:04:43.458+0500][97.230s] GC(12)   Pre Evacuate Collection Set: 0.1ms
[2020-12-19T17:04:43.458+0500][97.230s] GC(12)   Merge Heap Roots: 0.1ms
[2020-12-19T17:04:43.458+0500][97.230s] GC(12)   Evacuate Collection Set: 2.0ms
[2020-12-19T17:04:43.458+0500][97.230s] GC(12)   Post Evacuate Collection Set: 0.5ms
[2020-12-19T17:04:43.458+0500][97.230s] GC(12)   Other: 0.2ms
[2020-12-19T17:04:43.458+0500][97.230s] GC(12) Eden regions: 293->0(289)
[2020-12-19T17:04:43.458+0500][97.230s] GC(12) Survivor regions: 14->18(39)
[2020-12-19T17:04:43.458+0500][97.230s] GC(12) Old regions: 37->37
[2020-12-19T17:04:43.458+0500][97.230s] GC(12) Archive regions: 2->2
[2020-12-19T17:04:43.458+0500][97.230s] GC(12) Humongous regions: 11->7
[2020-12-19T17:04:43.458+0500][97.230s] GC(12) Metaspace: 53327K(54144K)->53327K(54144K) NonClass: 47253K(47872K)->47253K(47872K) Class: 6073K(6272K)->6073K(6272K)
[2020-12-19T17:04:43.458+0500][97.230s] GC(12) Pause Young (Normal) (G1 Evacuation Pause) 355M->62M(512M) 2.990ms
[2020-12-19T17:04:43.458+0500][97.231s] GC(12) User=0.03s Sys=0.01s Real=0.00s
[2020-12-19T17:04:45.159+0500][98.932s] GC(13) Pause Young (Normal) (G1 Evacuation Pause)
[2020-12-19T17:04:45.159+0500][98.932s] GC(13) Using 13 workers of 13 for evacuation
[2020-12-19T17:04:45.161+0500][98.934s] GC(13)   Pre Evacuate Collection Set: 0.1ms
[2020-12-19T17:04:45.161+0500][98.934s] GC(13)   Merge Heap Roots: 0.1ms
[2020-12-19T17:04:45.161+0500][98.934s] GC(13)   Evacuate Collection Set: 1.0ms
[2020-12-19T17:04:45.161+0500][98.934s] GC(13)   Post Evacuate Collection Set: 0.6ms
[2020-12-19T17:04:45.161+0500][98.934s] GC(13)   Other: 0.2ms
[2020-12-19T17:04:45.161+0500][98.934s] GC(13) Eden regions: 289->0(299)
[2020-12-19T17:04:45.161+0500][98.934s] GC(13) Survivor regions: 18->8(39)
[2020-12-19T17:04:45.161+0500][98.934s] GC(13) Old regions: 37->37
[2020-12-19T17:04:45.161+0500][98.934s] GC(13) Archive regions: 2->2
[2020-12-19T17:04:45.161+0500][98.934s] GC(13) Humongous regions: 7->5
[2020-12-19T17:04:45.161+0500][98.934s] GC(13) Metaspace: 53580K(54272K)->53580K(54272K) NonClass: 47482K(47872K)->47482K(47872K) Class: 6097K(6400K)->6097K(6400K)
[2020-12-19T17:04:45.161+0500][98.934s] GC(13) Pause Young (Normal) (G1 Evacuation Pause) 351M->49M(512M) 2.069ms
[2020-12-19T17:04:45.161+0500][98.934s] GC(13) User=0.02s Sys=0.00s Real=0.01s
[2020-12-19T17:10:49.577+0500][463.354s] Heap
[2020-12-19T17:10:49.577+0500][463.355s]  garbage-first heap   total 524288K, used 280124K [0x00000007e0000000, 0x0000000800000000)
[2020-12-19T17:10:49.577+0500][463.355s]   region size 1024K, 234 young (239616K), 8 survivors (8192K)
[2020-12-19T17:10:49.577+0500][463.355s]  Metaspace       used 53961K, capacity 54443K, committed 54784K, reserved 1097728K
[2020-12-19T17:10:49.577+0500][463.355s]   class space    used 6124K, capacity 6299K, committed 6400K, reserved 1048576K
