[2020-12-20T14:43:17.007+0500][0.007s] Using G1
[2020-12-20T14:43:17.268+0500][0.268s] Version: 15.0.1+9 (release)
[2020-12-20T14:43:17.268+0500][0.268s] CPUs: 16 total, 16 available
[2020-12-20T14:43:17.268+0500][0.268s] Memory: 16384M
[2020-12-20T14:43:17.268+0500][0.268s] Large Page Support: Disabled
[2020-12-20T14:43:17.268+0500][0.268s] NUMA Support: Disabled
[2020-12-20T14:43:17.268+0500][0.268s] Compressed Oops: Enabled (Zero based)
[2020-12-20T14:43:17.268+0500][0.268s] Heap Region Size: 1M
[2020-12-20T14:43:17.268+0500][0.268s] Heap Min Capacity: 512M
[2020-12-20T14:43:17.268+0500][0.268s] Heap Initial Capacity: 512M
[2020-12-20T14:43:17.268+0500][0.268s] Heap Max Capacity: 512M
[2020-12-20T14:43:17.268+0500][0.268s] Pre-touch: Enabled
[2020-12-20T14:43:17.268+0500][0.268s] Parallel Workers: 13
[2020-12-20T14:43:17.268+0500][0.268s] Concurrent Workers: 3
[2020-12-20T14:43:17.268+0500][0.268s] Concurrent Refinement Workers: 13
[2020-12-20T14:43:17.268+0500][0.268s] Periodic GC: Disabled
[2020-12-20T14:43:17.269+0500][0.269s] Mark closed archive regions in map: [0x00000007fff00000, 0x00000007fff78ff8]
[2020-12-20T14:43:17.269+0500][0.269s] Mark open archive regions in map: [0x00000007ffe00000, 0x00000007ffe50ff8]
[2020-12-20T14:43:17.269+0500][0.269s] CDS archive(s) mapped at: [0x0000000800000000-0x0000000800b2d000-0x0000000800b2d000), size 11718656, SharedBaseAddress: 0x0000000800000000, ArchiveRelocationMode: 0.
[2020-12-20T14:43:17.269+0500][0.269s] Compressed class space mapped at: 0x0000000800b30000-0x0000000840b30000, size: 1073741824
[2020-12-20T14:43:17.269+0500][0.269s] Narrow klass base: 0x0000000800000000, Narrow klass shift: 3, Narrow klass range: 0x100000000
[2020-12-20T14:43:17.737+0500][0.737s] GC(0) Pause Young (Normal) (G1 Evacuation Pause)
[2020-12-20T14:43:17.737+0500][0.737s] GC(0) Using 12 workers of 13 for evacuation
[2020-12-20T14:43:17.739+0500][0.739s] GC(0)   Pre Evacuate Collection Set: 0.1ms
[2020-12-20T14:43:17.739+0500][0.739s] GC(0)   Merge Heap Roots: 0.1ms
[2020-12-20T14:43:17.739+0500][0.739s] GC(0)   Evacuate Collection Set: 1.3ms
[2020-12-20T14:43:17.739+0500][0.739s] GC(0)   Post Evacuate Collection Set: 0.2ms
[2020-12-20T14:43:17.739+0500][0.739s] GC(0)   Other: 0.7ms
[2020-12-20T14:43:17.739+0500][0.739s] GC(0) Eden regions: 29->0(54)
[2020-12-20T14:43:17.739+0500][0.739s] GC(0) Survivor regions: 0->3(4)
[2020-12-20T14:43:17.739+0500][0.739s] GC(0) Old regions: 0->0
[2020-12-20T14:43:17.739+0500][0.739s] GC(0) Archive regions: 2->2
[2020-12-20T14:43:17.739+0500][0.739s] GC(0) Humongous regions: 0->0
[2020-12-20T14:43:17.739+0500][0.739s] GC(0) Metaspace: 6699K(7808K)->6699K(7808K) NonClass: 5913K(6912K)->5913K(6912K) Class: 785K(896K)->785K(896K)
[2020-12-20T14:43:17.739+0500][0.739s] GC(0) Pause Young (Normal) (G1 Evacuation Pause) 29M->3M(512M) 2.534ms
[2020-12-20T14:43:17.739+0500][0.739s] GC(0) User=0.01s Sys=0.00s Real=0.00s
[2020-12-20T14:43:18.310+0500][1.310s] GC(1) Pause Young (Normal) (G1 Evacuation Pause)
[2020-12-20T14:43:18.310+0500][1.310s] GC(1) Using 13 workers of 13 for evacuation
[2020-12-20T14:43:18.315+0500][1.315s] GC(1)   Pre Evacuate Collection Set: 0.1ms
[2020-12-20T14:43:18.315+0500][1.315s] GC(1)   Merge Heap Roots: 0.0ms
[2020-12-20T14:43:18.315+0500][1.315s] GC(1)   Evacuate Collection Set: 4.5ms
[2020-12-20T14:43:18.315+0500][1.315s] GC(1)   Post Evacuate Collection Set: 0.7ms
[2020-12-20T14:43:18.315+0500][1.315s] GC(1)   Other: 0.2ms
[2020-12-20T14:43:18.315+0500][1.315s] GC(1) Eden regions: 54->0(299)
[2020-12-20T14:43:18.315+0500][1.315s] GC(1) Survivor regions: 3->8(8)
[2020-12-20T14:43:18.315+0500][1.315s] GC(1) Old regions: 0->7
[2020-12-20T14:43:18.315+0500][1.315s] GC(1) Archive regions: 2->2
[2020-12-20T14:43:18.315+0500][1.315s] GC(1) Humongous regions: 4->4
[2020-12-20T14:43:18.315+0500][1.315s] GC(1) Metaspace: 15596K(16000K)->15596K(16000K) NonClass: 13788K(14080K)->13788K(14080K) Class: 1808K(1920K)->1808K(1920K)
[2020-12-20T14:43:18.315+0500][1.315s] GC(1) Pause Young (Normal) (G1 Evacuation Pause) 61M->19M(512M) 5.676ms
[2020-12-20T14:43:18.315+0500][1.315s] GC(1) User=0.04s Sys=0.01s Real=0.00s
[2020-12-20T14:43:18.658+0500][1.658s] GC(2) Pause Young (Concurrent Start) (Metadata GC Threshold)
[2020-12-20T14:43:18.658+0500][1.658s] GC(2) Using 13 workers of 13 for evacuation
[2020-12-20T14:43:18.662+0500][1.662s] GC(2)   Pre Evacuate Collection Set: 0.1ms
[2020-12-20T14:43:18.662+0500][1.662s] GC(2)   Merge Heap Roots: 0.1ms
[2020-12-20T14:43:18.662+0500][1.662s] GC(2)   Evacuate Collection Set: 3.2ms
[2020-12-20T14:43:18.662+0500][1.662s] GC(2)   Post Evacuate Collection Set: 0.8ms
[2020-12-20T14:43:18.662+0500][1.662s] GC(2)   Other: 0.2ms
[2020-12-20T14:43:18.662+0500][1.662s] GC(2) Eden regions: 35->0(294)
[2020-12-20T14:43:18.662+0500][1.662s] GC(2) Survivor regions: 8->13(39)
[2020-12-20T14:43:18.662+0500][1.662s] GC(2) Old regions: 7->7
[2020-12-20T14:43:18.662+0500][1.662s] GC(2) Archive regions: 2->2
[2020-12-20T14:43:18.662+0500][1.662s] GC(2) Humongous regions: 4->4
[2020-12-20T14:43:18.662+0500][1.662s] GC(2) Metaspace: 20759K(21296K)->20759K(21296K) NonClass: 18434K(18864K)->18434K(18864K) Class: 2325K(2432K)->2325K(2432K)
[2020-12-20T14:43:18.662+0500][1.662s] GC(2) Pause Young (Concurrent Start) (Metadata GC Threshold) 54M->24M(512M) 4.481ms
[2020-12-20T14:43:18.662+0500][1.662s] GC(2) User=0.04s Sys=0.00s Real=0.01s
[2020-12-20T14:43:18.663+0500][1.662s] GC(3) Concurrent Cycle
[2020-12-20T14:43:18.663+0500][1.663s] GC(3) Concurrent Clear Claimed Marks
[2020-12-20T14:43:18.663+0500][1.663s] GC(3) Concurrent Clear Claimed Marks 0.017ms
[2020-12-20T14:43:18.663+0500][1.663s] GC(3) Concurrent Scan Root Regions
[2020-12-20T14:43:18.664+0500][1.664s] GC(3) Concurrent Scan Root Regions 1.519ms
[2020-12-20T14:43:18.664+0500][1.664s] GC(3) Concurrent Mark (1.664s)
[2020-12-20T14:43:18.664+0500][1.664s] GC(3) Concurrent Mark From Roots
[2020-12-20T14:43:18.664+0500][1.664s] GC(3) Using 3 workers of 3 for marking
[2020-12-20T14:43:18.668+0500][1.668s] GC(3) Concurrent Mark From Roots 3.672ms
[2020-12-20T14:43:18.668+0500][1.668s] GC(3) Concurrent Preclean
[2020-12-20T14:43:18.668+0500][1.668s] GC(3) Concurrent Preclean 0.033ms
[2020-12-20T14:43:18.668+0500][1.668s] GC(3) Concurrent Mark (1.664s, 1.668s) 3.744ms
[2020-12-20T14:43:18.668+0500][1.668s] GC(3) Pause Remark
[2020-12-20T14:43:18.669+0500][1.669s] GC(3) Pause Remark 25M->25M(512M) 1.043ms
[2020-12-20T14:43:18.669+0500][1.669s] GC(3) User=0.01s Sys=0.00s Real=0.00s
[2020-12-20T14:43:18.669+0500][1.669s] GC(3) Concurrent Rebuild Remembered Sets
[2020-12-20T14:43:18.672+0500][1.672s] GC(3) Concurrent Rebuild Remembered Sets 2.571ms
[2020-12-20T14:43:18.672+0500][1.672s] GC(3) Pause Cleanup
[2020-12-20T14:43:18.672+0500][1.672s] GC(3) Pause Cleanup 25M->25M(512M) 0.125ms
[2020-12-20T14:43:18.672+0500][1.672s] GC(3) User=0.00s Sys=0.00s Real=0.00s
[2020-12-20T14:43:18.672+0500][1.672s] GC(3) Concurrent Cleanup for Next Mark
[2020-12-20T14:43:18.673+0500][1.673s] GC(3) Concurrent Cleanup for Next Mark 0.625ms
[2020-12-20T14:43:18.673+0500][1.673s] GC(3) Concurrent Cycle 10.313ms
[2020-12-20T14:43:19.705+0500][2.705s] GC(4) Pause Young (Concurrent Start) (Metadata GC Threshold)
[2020-12-20T14:43:19.705+0500][2.705s] GC(4) Using 13 workers of 13 for evacuation
[2020-12-20T14:43:19.712+0500][2.711s] GC(4)   Pre Evacuate Collection Set: 0.1ms
[2020-12-20T14:43:19.712+0500][2.712s] GC(4)   Merge Heap Roots: 0.1ms
[2020-12-20T14:43:19.712+0500][2.712s] GC(4)   Evacuate Collection Set: 4.9ms
[2020-12-20T14:43:19.712+0500][2.712s] GC(4)   Post Evacuate Collection Set: 1.1ms
[2020-12-20T14:43:19.712+0500][2.712s] GC(4)   Other: 0.2ms
[2020-12-20T14:43:19.712+0500][2.712s] GC(4) Eden regions: 92->0(285)
[2020-12-20T14:43:19.712+0500][2.712s] GC(4) Survivor regions: 13->22(39)
[2020-12-20T14:43:19.712+0500][2.712s] GC(4) Old regions: 7->7
[2020-12-20T14:43:19.712+0500][2.712s] GC(4) Archive regions: 2->2
[2020-12-20T14:43:19.712+0500][2.712s] GC(4) Humongous regions: 6->5
[2020-12-20T14:43:19.712+0500][2.712s] GC(4) Metaspace: 34951K(35968K)->34951K(35968K) NonClass: 30949K(31744K)->30949K(31744K) Class: 4002K(4224K)->4002K(4224K)
[2020-12-20T14:43:19.712+0500][2.712s] GC(4) Pause Young (Concurrent Start) (Metadata GC Threshold) 118M->34M(512M) 6.633ms
[2020-12-20T14:43:19.712+0500][2.712s] GC(4) User=0.06s Sys=0.01s Real=0.01s
[2020-12-20T14:43:19.712+0500][2.712s] GC(5) Concurrent Cycle
[2020-12-20T14:43:19.712+0500][2.712s] GC(5) Concurrent Clear Claimed Marks
[2020-12-20T14:43:19.712+0500][2.712s] GC(5) Concurrent Clear Claimed Marks 0.021ms
[2020-12-20T14:43:19.712+0500][2.712s] GC(5) Concurrent Scan Root Regions
[2020-12-20T14:43:19.715+0500][2.715s] GC(5) Concurrent Scan Root Regions 2.896ms
[2020-12-20T14:43:19.715+0500][2.715s] GC(5) Concurrent Mark (2.715s)
[2020-12-20T14:43:19.715+0500][2.715s] GC(5) Concurrent Mark From Roots
[2020-12-20T14:43:19.715+0500][2.715s] GC(5) Using 3 workers of 3 for marking
[2020-12-20T14:43:19.719+0500][2.719s] GC(5) Concurrent Mark From Roots 3.793ms
[2020-12-20T14:43:19.719+0500][2.719s] GC(5) Concurrent Preclean
[2020-12-20T14:43:19.719+0500][2.719s] GC(5) Concurrent Preclean 0.058ms
[2020-12-20T14:43:19.719+0500][2.719s] GC(5) Concurrent Mark (2.715s, 2.719s) 3.912ms
[2020-12-20T14:43:19.719+0500][2.719s] GC(5) Pause Remark
[2020-12-20T14:43:19.720+0500][2.720s] GC(5) Pause Remark 35M->35M(512M) 1.187ms
[2020-12-20T14:43:19.720+0500][2.720s] GC(5) User=0.01s Sys=0.00s Real=0.01s
[2020-12-20T14:43:19.720+0500][2.720s] GC(5) Concurrent Rebuild Remembered Sets
[2020-12-20T14:43:19.723+0500][2.723s] GC(5) Concurrent Rebuild Remembered Sets 2.679ms
[2020-12-20T14:43:19.723+0500][2.723s] GC(5) Pause Cleanup
[2020-12-20T14:43:19.723+0500][2.723s] GC(5) Pause Cleanup 35M->35M(512M) 0.090ms
[2020-12-20T14:43:19.723+0500][2.723s] GC(5) User=0.00s Sys=0.00s Real=0.00s
[2020-12-20T14:43:19.723+0500][2.723s] GC(5) Concurrent Cleanup for Next Mark
[2020-12-20T14:43:19.724+0500][2.724s] GC(5) Concurrent Cleanup for Next Mark 0.534ms
[2020-12-20T14:43:19.724+0500][2.724s] GC(5) Concurrent Cycle 11.943ms
[2020-12-20T14:59:11.243+0500][954.212s] Heap
[2020-12-20T14:59:11.243+0500][954.212s]  garbage-first heap   total 524288K, used 252315K [0x00000007e0000000, 0x0000000800000000)
[2020-12-20T14:59:11.243+0500][954.212s]   region size 1024K, 236 young (241664K), 22 survivors (22528K)
[2020-12-20T14:59:11.243+0500][954.212s]  Metaspace       used 50452K, capacity 50971K, committed 51712K, reserved 1095680K
[2020-12-20T14:59:11.244+0500][954.212s]   class space    used 5919K, capacity 6102K, committed 6144K, reserved 1048576K
