[2020-12-19T16:36:47.182+0500][0.008s] Using G1
[2020-12-19T16:36:47.382+0500][0.208s] Version: 15.0.1+9 (release)
[2020-12-19T16:36:47.382+0500][0.208s] CPUs: 16 total, 16 available
[2020-12-19T16:36:47.382+0500][0.208s] Memory: 16384M
[2020-12-19T16:36:47.382+0500][0.208s] Large Page Support: Disabled
[2020-12-19T16:36:47.382+0500][0.208s] NUMA Support: Disabled
[2020-12-19T16:36:47.382+0500][0.208s] Compressed Oops: Enabled (Zero based)
[2020-12-19T16:36:47.382+0500][0.208s] Heap Region Size: 1M
[2020-12-19T16:36:47.382+0500][0.208s] Heap Min Capacity: 512M
[2020-12-19T16:36:47.382+0500][0.208s] Heap Initial Capacity: 512M
[2020-12-19T16:36:47.382+0500][0.208s] Heap Max Capacity: 512M
[2020-12-19T16:36:47.382+0500][0.208s] Pre-touch: Enabled
[2020-12-19T16:36:47.382+0500][0.208s] Parallel Workers: 13
[2020-12-19T16:36:47.382+0500][0.208s] Concurrent Workers: 3
[2020-12-19T16:36:47.382+0500][0.208s] Concurrent Refinement Workers: 13
[2020-12-19T16:36:47.382+0500][0.208s] Periodic GC: Disabled
[2020-12-19T16:36:47.383+0500][0.209s] Mark closed archive regions in map: [0x00000007fff00000, 0x00000007fff78ff8]
[2020-12-19T16:36:47.383+0500][0.209s] Mark open archive regions in map: [0x00000007ffe00000, 0x00000007ffe50ff8]
[2020-12-19T16:36:47.383+0500][0.209s] CDS archive(s) mapped at: [0x0000000800000000-0x0000000800b2d000-0x0000000800b2d000), size 11718656, SharedBaseAddress: 0x0000000800000000, ArchiveRelocationMode: 0.
[2020-12-19T16:36:47.383+0500][0.209s] Compressed class space mapped at: 0x0000000800b30000-0x0000000840b30000, size: 1073741824
[2020-12-19T16:36:47.383+0500][0.209s] Narrow klass base: 0x0000000800000000, Narrow klass shift: 3, Narrow klass range: 0x100000000
[2020-12-19T16:36:47.694+0500][0.520s] GC(0) Pause Young (Normal) (G1 Evacuation Pause)
[2020-12-19T16:36:47.695+0500][0.521s] GC(0) Using 12 workers of 13 for evacuation
[2020-12-19T16:36:47.697+0500][0.523s] GC(0)   Pre Evacuate Collection Set: 0.1ms
[2020-12-19T16:36:47.697+0500][0.523s] GC(0)   Merge Heap Roots: 0.1ms
[2020-12-19T16:36:47.697+0500][0.523s] GC(0)   Evacuate Collection Set: 1.6ms
[2020-12-19T16:36:47.697+0500][0.523s] GC(0)   Post Evacuate Collection Set: 0.5ms
[2020-12-19T16:36:47.697+0500][0.523s] GC(0)   Other: 1.1ms
[2020-12-19T16:36:47.697+0500][0.523s] GC(0) Eden regions: 29->0(54)
[2020-12-19T16:36:47.697+0500][0.523s] GC(0) Survivor regions: 0->3(4)
[2020-12-19T16:36:47.697+0500][0.523s] GC(0) Old regions: 0->0
[2020-12-19T16:36:47.697+0500][0.523s] GC(0) Archive regions: 2->2
[2020-12-19T16:36:47.697+0500][0.523s] GC(0) Humongous regions: 0->0
[2020-12-19T16:36:47.697+0500][0.523s] GC(0) Metaspace: 6680K(7808K)->6680K(7808K) NonClass: 5894K(6912K)->5894K(6912K) Class: 786K(896K)->786K(896K)
[2020-12-19T16:36:47.697+0500][0.523s] GC(0) Pause Young (Normal) (G1 Evacuation Pause) 29M->3M(512M) 3.477ms
[2020-12-19T16:36:47.697+0500][0.523s] GC(0) User=0.02s Sys=0.00s Real=0.00s
[2020-12-19T16:36:48.107+0500][0.933s] GC(1) Pause Young (Normal) (G1 Evacuation Pause)
[2020-12-19T16:36:48.107+0500][0.933s] GC(1) Using 13 workers of 13 for evacuation
[2020-12-19T16:36:48.113+0500][0.939s] GC(1)   Pre Evacuate Collection Set: 0.1ms
[2020-12-19T16:36:48.113+0500][0.940s] GC(1)   Merge Heap Roots: 0.1ms
[2020-12-19T16:36:48.113+0500][0.940s] GC(1)   Evacuate Collection Set: 5.0ms
[2020-12-19T16:36:48.113+0500][0.940s] GC(1)   Post Evacuate Collection Set: 0.9ms
[2020-12-19T16:36:48.113+0500][0.940s] GC(1)   Other: 0.3ms
[2020-12-19T16:36:48.113+0500][0.940s] GC(1) Eden regions: 54->0(299)
[2020-12-19T16:36:48.113+0500][0.940s] GC(1) Survivor regions: 3->8(8)
[2020-12-19T16:36:48.113+0500][0.940s] GC(1) Old regions: 0->8
[2020-12-19T16:36:48.113+0500][0.940s] GC(1) Archive regions: 2->2
[2020-12-19T16:36:48.113+0500][0.940s] GC(1) Humongous regions: 4->4
[2020-12-19T16:36:48.113+0500][0.940s] GC(1) Metaspace: 15522K(16000K)->15522K(16000K) NonClass: 13713K(14080K)->13713K(14080K) Class: 1809K(1920K)->1809K(1920K)
[2020-12-19T16:36:48.113+0500][0.940s] GC(1) Pause Young (Normal) (G1 Evacuation Pause) 61M->19M(512M) 6.579ms
[2020-12-19T16:36:48.113+0500][0.940s] GC(1) User=0.05s Sys=0.01s Real=0.01s
[2020-12-19T16:36:48.343+0500][1.170s] GC(2) Pause Young (Concurrent Start) (Metadata GC Threshold)
[2020-12-19T16:36:48.343+0500][1.170s] GC(2) Using 13 workers of 13 for evacuation
[2020-12-19T16:36:48.348+0500][1.174s] GC(2)   Pre Evacuate Collection Set: 0.1ms
[2020-12-19T16:36:48.348+0500][1.174s] GC(2)   Merge Heap Roots: 0.1ms
[2020-12-19T16:36:48.348+0500][1.174s] GC(2)   Evacuate Collection Set: 2.9ms
[2020-12-19T16:36:48.348+0500][1.174s] GC(2)   Post Evacuate Collection Set: 1.1ms
[2020-12-19T16:36:48.348+0500][1.174s] GC(2)   Other: 0.3ms
[2020-12-19T16:36:48.348+0500][1.174s] GC(2) Eden regions: 34->0(244)
[2020-12-19T16:36:48.348+0500][1.174s] GC(2) Survivor regions: 8->12(39)
[2020-12-19T16:36:48.348+0500][1.174s] GC(2) Old regions: 8->8
[2020-12-19T16:36:48.348+0500][1.174s] GC(2) Archive regions: 2->2
[2020-12-19T16:36:48.348+0500][1.174s] GC(2) Humongous regions: 4->4
[2020-12-19T16:36:48.348+0500][1.174s] GC(2) Metaspace: 20804K(21248K)->20804K(21248K) NonClass: 18463K(18688K)->18463K(18688K) Class: 2340K(2560K)->2340K(2560K)
[2020-12-19T16:36:48.348+0500][1.174s] GC(2) Pause Young (Concurrent Start) (Metadata GC Threshold) 53M->23M(512M) 4.705ms
[2020-12-19T16:36:48.348+0500][1.174s] GC(2) User=0.03s Sys=0.00s Real=0.00s
[2020-12-19T16:36:48.348+0500][1.174s] GC(3) Concurrent Cycle
[2020-12-19T16:36:48.348+0500][1.174s] GC(3) Concurrent Clear Claimed Marks
[2020-12-19T16:36:48.348+0500][1.174s] GC(3) Concurrent Clear Claimed Marks 0.013ms
[2020-12-19T16:36:48.348+0500][1.174s] GC(3) Concurrent Scan Root Regions
[2020-12-19T16:36:48.350+0500][1.176s] GC(3) Concurrent Scan Root Regions 1.924ms
[2020-12-19T16:36:48.350+0500][1.176s] GC(3) Concurrent Mark (1.176s)
[2020-12-19T16:36:48.350+0500][1.176s] GC(3) Concurrent Mark From Roots
[2020-12-19T16:36:48.350+0500][1.176s] GC(3) Using 3 workers of 3 for marking
[2020-12-19T16:36:48.354+0500][1.180s] GC(3) Concurrent Mark From Roots 3.824ms
[2020-12-19T16:36:48.354+0500][1.180s] GC(3) Concurrent Preclean
[2020-12-19T16:36:48.354+0500][1.180s] GC(3) Concurrent Preclean 0.085ms
[2020-12-19T16:36:48.354+0500][1.180s] GC(3) Concurrent Mark (1.176s, 1.180s) 3.968ms
[2020-12-19T16:36:48.354+0500][1.180s] GC(3) Pause Remark
[2020-12-19T16:36:48.355+0500][1.182s] GC(3) Pause Remark 25M->24M(512M) 1.216ms
[2020-12-19T16:36:48.356+0500][1.182s] GC(3) User=0.01s Sys=0.00s Real=0.00s
[2020-12-19T16:36:48.356+0500][1.182s] GC(3) Concurrent Rebuild Remembered Sets
[2020-12-19T16:36:48.358+0500][1.184s] GC(3) Concurrent Rebuild Remembered Sets 2.450ms
[2020-12-19T16:36:48.358+0500][1.185s] GC(3) Pause Cleanup
[2020-12-19T16:36:48.359+0500][1.185s] GC(3) Pause Cleanup 25M->25M(512M) 0.121ms
[2020-12-19T16:36:48.359+0500][1.185s] GC(3) User=0.00s Sys=0.00s Real=0.00s
[2020-12-19T16:36:48.359+0500][1.185s] GC(3) Concurrent Cleanup for Next Mark
[2020-12-19T16:36:48.359+0500][1.185s] GC(3) Concurrent Cleanup for Next Mark 0.645ms
[2020-12-19T16:36:48.359+0500][1.186s] GC(3) Concurrent Cycle 11.249ms
[2020-12-19T16:36:49.248+0500][2.074s] GC(4) Pause Young (Concurrent Start) (Metadata GC Threshold)
[2020-12-19T16:36:49.248+0500][2.074s] GC(4) Using 13 workers of 13 for evacuation
[2020-12-19T16:36:49.254+0500][2.081s] GC(4)   Pre Evacuate Collection Set: 0.1ms
[2020-12-19T16:36:49.255+0500][2.081s] GC(4)   Merge Heap Roots: 0.1ms
[2020-12-19T16:36:49.255+0500][2.081s] GC(4)   Evacuate Collection Set: 5.3ms
[2020-12-19T16:36:49.255+0500][2.081s] GC(4)   Post Evacuate Collection Set: 0.9ms
[2020-12-19T16:36:49.255+0500][2.081s] GC(4)   Other: 0.2ms
[2020-12-19T16:36:49.255+0500][2.081s] GC(4) Eden regions: 109->0(284)
[2020-12-19T16:36:49.255+0500][2.081s] GC(4) Survivor regions: 12->23(33)
[2020-12-19T16:36:49.255+0500][2.081s] GC(4) Old regions: 7->7
[2020-12-19T16:36:49.255+0500][2.081s] GC(4) Archive regions: 2->2
[2020-12-19T16:36:49.255+0500][2.081s] GC(4) Humongous regions: 7->5
[2020-12-19T16:36:49.255+0500][2.081s] GC(4) Metaspace: 35257K(35840K)->35257K(35840K) NonClass: 31183K(31488K)->31183K(31488K) Class: 4073K(4352K)->4073K(4352K)
[2020-12-19T16:36:49.255+0500][2.081s] GC(4) Pause Young (Concurrent Start) (Metadata GC Threshold) 134M->35M(512M) 6.725ms
[2020-12-19T16:36:49.255+0500][2.081s] GC(4) User=0.07s Sys=0.01s Real=0.01s
[2020-12-19T16:36:49.255+0500][2.081s] GC(5) Concurrent Cycle
[2020-12-19T16:36:49.255+0500][2.081s] GC(5) Concurrent Clear Claimed Marks
[2020-12-19T16:36:49.255+0500][2.081s] GC(5) Concurrent Clear Claimed Marks 0.016ms
[2020-12-19T16:36:49.255+0500][2.081s] GC(5) Concurrent Scan Root Regions
[2020-12-19T16:36:49.257+0500][2.084s] GC(5) Concurrent Scan Root Regions 2.759ms
[2020-12-19T16:36:49.258+0500][2.084s] GC(5) Concurrent Mark (2.084s)
[2020-12-19T16:36:49.258+0500][2.084s] GC(5) Concurrent Mark From Roots
[2020-12-19T16:36:49.258+0500][2.084s] GC(5) Using 3 workers of 3 for marking
[2020-12-19T16:36:49.262+0500][2.088s] GC(5) Concurrent Mark From Roots 4.521ms
[2020-12-19T16:36:49.262+0500][2.088s] GC(5) Concurrent Preclean
[2020-12-19T16:36:49.262+0500][2.088s] GC(5) Concurrent Preclean 0.033ms
[2020-12-19T16:36:49.262+0500][2.088s] GC(5) Concurrent Mark (2.084s, 2.088s) 4.627ms
[2020-12-19T16:36:49.262+0500][2.088s] GC(5) Pause Remark
[2020-12-19T16:36:49.263+0500][2.089s] GC(5) Pause Remark 39M->39M(512M) 0.907ms
[2020-12-19T16:36:49.263+0500][2.089s] GC(5) User=0.01s Sys=0.00s Real=0.00s
[2020-12-19T16:36:49.263+0500][2.089s] GC(5) Concurrent Rebuild Remembered Sets
[2020-12-19T16:36:49.266+0500][2.092s] GC(5) Concurrent Rebuild Remembered Sets 2.600ms
[2020-12-19T16:36:49.266+0500][2.092s] GC(5) Pause Cleanup
[2020-12-19T16:36:49.266+0500][2.092s] GC(5) Pause Cleanup 41M->41M(512M) 0.093ms
[2020-12-19T16:36:49.266+0500][2.092s] GC(5) User=0.00s Sys=0.00s Real=0.00s
[2020-12-19T16:36:49.266+0500][2.092s] GC(5) Concurrent Cleanup for Next Mark
[2020-12-19T16:36:49.267+0500][2.093s] GC(5) Concurrent Cleanup for Next Mark 0.621ms
[2020-12-19T16:36:49.267+0500][2.093s] GC(5) Concurrent Cycle 12.192ms
[2020-12-19T16:36:49.781+0500][2.607s] GC(6) Pause Young (Normal) (G1 Evacuation Pause)
[2020-12-19T16:36:49.781+0500][2.608s] GC(6) Using 13 workers of 13 for evacuation
[2020-12-19T16:36:49.787+0500][2.614s] GC(6)   Pre Evacuate Collection Set: 0.1ms
[2020-12-19T16:36:49.787+0500][2.614s] GC(6)   Merge Heap Roots: 0.1ms
[2020-12-19T16:36:49.787+0500][2.614s] GC(6)   Evacuate Collection Set: 5.0ms
[2020-12-19T16:36:49.787+0500][2.614s] GC(6)   Post Evacuate Collection Set: 0.7ms
[2020-12-19T16:36:49.788+0500][2.614s] GC(6)   Other: 0.2ms
[2020-12-19T16:36:49.788+0500][2.614s] GC(6) Eden regions: 284->0(290)
[2020-12-19T16:36:49.788+0500][2.614s] GC(6) Survivor regions: 23->17(39)
[2020-12-19T16:36:49.788+0500][2.614s] GC(6) Old regions: 7->15
[2020-12-19T16:36:49.788+0500][2.614s] GC(6) Archive regions: 2->2
[2020-12-19T16:36:49.788+0500][2.614s] GC(6) Humongous regions: 5->5
[2020-12-19T16:36:49.788+0500][2.614s] GC(6) Metaspace: 38942K(39424K)->38942K(39424K) NonClass: 34483K(34816K)->34483K(34816K) Class: 4458K(4608K)->4458K(4608K)
[2020-12-19T16:36:49.788+0500][2.614s] GC(6) Pause Young (Normal) (G1 Evacuation Pause) 319M->36M(512M) 6.287ms
[2020-12-19T16:36:49.788+0500][2.614s] GC(6) User=0.06s Sys=0.01s Real=0.00s
[2020-12-19T16:37:28.420+0500][41.246s] GC(7) Pause Young (Normal) (G1 Evacuation Pause)
[2020-12-19T16:37:28.420+0500][41.246s] GC(7) Using 13 workers of 13 for evacuation
[2020-12-19T16:37:28.426+0500][41.253s] GC(7)   Pre Evacuate Collection Set: 0.1ms
[2020-12-19T16:37:28.426+0500][41.253s] GC(7)   Merge Heap Roots: 0.1ms
[2020-12-19T16:37:28.426+0500][41.253s] GC(7)   Evacuate Collection Set: 5.0ms
[2020-12-19T16:37:28.426+0500][41.253s] GC(7)   Post Evacuate Collection Set: 1.1ms
[2020-12-19T16:37:28.426+0500][41.253s] GC(7)   Other: 0.4ms
[2020-12-19T16:37:28.427+0500][41.253s] GC(7) Eden regions: 290->0(281)
[2020-12-19T16:37:28.427+0500][41.253s] GC(7) Survivor regions: 17->26(39)
[2020-12-19T16:37:28.427+0500][41.253s] GC(7) Old regions: 15->15
[2020-12-19T16:37:28.427+0500][41.253s] GC(7) Archive regions: 2->2
[2020-12-19T16:37:28.427+0500][41.253s] GC(7) Humongous regions: 8->8
[2020-12-19T16:37:28.427+0500][41.253s] GC(7) Metaspace: 49936K(50816K)->49936K(50816K) NonClass: 44138K(44800K)->44138K(44800K) Class: 5798K(6016K)->5798K(6016K)
[2020-12-19T16:37:28.427+0500][41.253s] GC(7) Pause Young (Normal) (G1 Evacuation Pause) 329M->49M(512M) 6.889ms
[2020-12-19T16:37:28.427+0500][41.253s] GC(7) User=0.07s Sys=0.00s Real=0.00s
[2020-12-19T16:38:27.902+0500][100.761s] GC(8) Pause Young (Normal) (G1 Evacuation Pause)
[2020-12-19T16:38:27.902+0500][100.762s] GC(8) Using 13 workers of 13 for evacuation
[2020-12-19T16:38:27.909+0500][100.769s] GC(8)   Pre Evacuate Collection Set: 0.1ms
[2020-12-19T16:38:27.909+0500][100.769s] GC(8)   Merge Heap Roots: 0.0ms
[2020-12-19T16:38:27.909+0500][100.769s] GC(8)   Evacuate Collection Set: 5.8ms
[2020-12-19T16:38:27.909+0500][100.769s] GC(8)   Post Evacuate Collection Set: 1.1ms
[2020-12-19T16:38:27.910+0500][100.769s] GC(8)   Other: 0.5ms
[2020-12-19T16:38:27.910+0500][100.769s] GC(8) Eden regions: 281->0(287)
[2020-12-19T16:38:27.910+0500][100.769s] GC(8) Survivor regions: 26->20(39)
[2020-12-19T16:38:27.910+0500][100.769s] GC(8) Old regions: 15->29
[2020-12-19T16:38:27.910+0500][100.769s] GC(8) Archive regions: 2->2
[2020-12-19T16:38:27.910+0500][100.769s] GC(8) Humongous regions: 9->8
[2020-12-19T16:38:27.910+0500][100.769s] GC(8) Metaspace: 55355K(56192K)->55355K(56192K) NonClass: 49076K(49664K)->49076K(49664K) Class: 6278K(6528K)->6278K(6528K)
[2020-12-19T16:38:27.910+0500][100.769s] GC(8) Pause Young (Normal) (G1 Evacuation Pause) 331M->57M(512M) 7.755ms
[2020-12-19T16:38:27.910+0500][100.769s] GC(8) User=0.09s Sys=0.00s Real=0.01s
[2020-12-19T16:38:34.620+0500][107.482s] GC(9) Pause Young (Normal) (G1 Evacuation Pause)
[2020-12-19T16:38:34.620+0500][107.482s] GC(9) Using 13 workers of 13 for evacuation
[2020-12-19T16:38:34.625+0500][107.487s] GC(9)   Pre Evacuate Collection Set: 0.1ms
[2020-12-19T16:38:34.625+0500][107.487s] GC(9)   Merge Heap Roots: 0.1ms
[2020-12-19T16:38:34.625+0500][107.487s] GC(9)   Evacuate Collection Set: 4.1ms
[2020-12-19T16:38:34.625+0500][107.487s] GC(9)   Post Evacuate Collection Set: 0.7ms
[2020-12-19T16:38:34.625+0500][107.487s] GC(9)   Other: 0.1ms
[2020-12-19T16:38:34.625+0500][107.487s] GC(9) Eden regions: 287->0(286)
[2020-12-19T16:38:34.625+0500][107.487s] GC(9) Survivor regions: 20->21(39)
[2020-12-19T16:38:34.625+0500][107.487s] GC(9) Old regions: 29->29
[2020-12-19T16:38:34.625+0500][107.487s] GC(9) Archive regions: 2->2
[2020-12-19T16:38:34.625+0500][107.487s] GC(9) Humongous regions: 10->8
[2020-12-19T16:38:34.625+0500][107.487s] GC(9) Metaspace: 56574K(57600K)->56574K(57600K) NonClass: 50233K(50944K)->50233K(50944K) Class: 6341K(6656K)->6341K(6656K)
[2020-12-19T16:38:34.625+0500][107.487s] GC(9) Pause Young (Normal) (G1 Evacuation Pause) 345M->57M(512M) 5.165ms
[2020-12-19T16:38:34.625+0500][107.487s] GC(9) User=0.06s Sys=0.01s Real=0.00s
[2020-12-19T17:03:03.540+0500][1576.444s] Heap
[2020-12-19T17:03:03.540+0500][1576.444s]  garbage-first heap   total 524288K, used 228934K [0x00000007e0000000, 0x0000000800000000)
[2020-12-19T17:03:03.540+0500][1576.444s]   region size 1024K, 189 young (193536K), 21 survivors (21504K)
[2020-12-19T17:03:03.540+0500][1576.444s]  Metaspace       used 58035K, capacity 58827K, committed 59008K, reserved 1101824K
[2020-12-19T17:03:03.540+0500][1576.444s]   class space    used 6454K, capacity 6660K, committed 6784K, reserved 1048576K
