[2021-01-20T22:14:15.180+0500][0.010s] Using G1
[2021-01-20T22:14:15.426+0500][0.256s] Version: 15.0.1+9 (release)
[2021-01-20T22:14:15.426+0500][0.256s] CPUs: 16 total, 16 available
[2021-01-20T22:14:15.426+0500][0.256s] Memory: 16384M
[2021-01-20T22:14:15.426+0500][0.256s] Large Page Support: Disabled
[2021-01-20T22:14:15.426+0500][0.256s] NUMA Support: Disabled
[2021-01-20T22:14:15.426+0500][0.256s] Compressed Oops: Enabled (Zero based)
[2021-01-20T22:14:15.426+0500][0.256s] Heap Region Size: 1M
[2021-01-20T22:14:15.426+0500][0.256s] Heap Min Capacity: 512M
[2021-01-20T22:14:15.426+0500][0.256s] Heap Initial Capacity: 512M
[2021-01-20T22:14:15.426+0500][0.256s] Heap Max Capacity: 512M
[2021-01-20T22:14:15.426+0500][0.256s] Pre-touch: Enabled
[2021-01-20T22:14:15.426+0500][0.256s] Parallel Workers: 13
[2021-01-20T22:14:15.426+0500][0.256s] Concurrent Workers: 3
[2021-01-20T22:14:15.426+0500][0.256s] Concurrent Refinement Workers: 13
[2021-01-20T22:14:15.426+0500][0.256s] Periodic GC: Disabled
[2021-01-20T22:14:15.427+0500][0.257s] Mark closed archive regions in map: [0x00000007fff00000, 0x00000007fff78ff8]
[2021-01-20T22:14:15.427+0500][0.257s] Mark open archive regions in map: [0x00000007ffe00000, 0x00000007ffe50ff8]
[2021-01-20T22:14:15.427+0500][0.257s] CDS archive(s) mapped at: [0x0000000800000000-0x0000000800b2d000-0x0000000800b2d000), size 11718656, SharedBaseAddress: 0x0000000800000000, ArchiveRelocationMode: 0.
[2021-01-20T22:14:15.427+0500][0.257s] Compressed class space mapped at: 0x0000000800b30000-0x0000000840b30000, size: 1073741824
[2021-01-20T22:14:15.427+0500][0.257s] Narrow klass base: 0x0000000800000000, Narrow klass shift: 3, Narrow klass range: 0x100000000
[2021-01-20T22:14:16.085+0500][0.916s] GC(0) Pause Young (Normal) (G1 Evacuation Pause)
[2021-01-20T22:14:16.086+0500][0.916s] GC(0) Using 12 workers of 13 for evacuation
[2021-01-20T22:14:16.088+0500][0.918s] GC(0)   Pre Evacuate Collection Set: 0.1ms
[2021-01-20T22:14:16.088+0500][0.918s] GC(0)   Merge Heap Roots: 0.1ms
[2021-01-20T22:14:16.088+0500][0.918s] GC(0)   Evacuate Collection Set: 1.3ms
[2021-01-20T22:14:16.088+0500][0.918s] GC(0)   Post Evacuate Collection Set: 0.5ms
[2021-01-20T22:14:16.088+0500][0.918s] GC(0)   Other: 0.7ms
[2021-01-20T22:14:16.088+0500][0.918s] GC(0) Eden regions: 29->0(54)
[2021-01-20T22:14:16.088+0500][0.918s] GC(0) Survivor regions: 0->3(4)
[2021-01-20T22:14:16.088+0500][0.918s] GC(0) Old regions: 0->0
[2021-01-20T22:14:16.088+0500][0.918s] GC(0) Archive regions: 2->2
[2021-01-20T22:14:16.088+0500][0.918s] GC(0) Humongous regions: 0->0
[2021-01-20T22:14:16.088+0500][0.918s] GC(0) Metaspace: 6701K(7808K)->6701K(7808K) NonClass: 5912K(6912K)->5912K(6912K) Class: 788K(896K)->788K(896K)
[2021-01-20T22:14:16.088+0500][0.918s] GC(0) Pause Young (Normal) (G1 Evacuation Pause) 29M->3M(512M) 2.750ms
[2021-01-20T22:14:16.088+0500][0.918s] GC(0) User=0.01s Sys=0.01s Real=0.00s
[2021-01-20T22:14:16.834+0500][1.664s] GC(1) Pause Young (Normal) (G1 Evacuation Pause)
[2021-01-20T22:14:16.834+0500][1.664s] GC(1) Using 13 workers of 13 for evacuation
[2021-01-20T22:14:16.840+0500][1.670s] GC(1)   Pre Evacuate Collection Set: 0.1ms
[2021-01-20T22:14:16.840+0500][1.670s] GC(1)   Merge Heap Roots: 0.1ms
[2021-01-20T22:14:16.840+0500][1.670s] GC(1)   Evacuate Collection Set: 5.1ms
[2021-01-20T22:14:16.840+0500][1.670s] GC(1)   Post Evacuate Collection Set: 0.6ms
[2021-01-20T22:14:16.840+0500][1.670s] GC(1)   Other: 0.2ms
[2021-01-20T22:14:16.840+0500][1.670s] GC(1) Eden regions: 54->0(299)
[2021-01-20T22:14:16.840+0500][1.670s] GC(1) Survivor regions: 3->8(8)
[2021-01-20T22:14:16.840+0500][1.670s] GC(1) Old regions: 0->7
[2021-01-20T22:14:16.840+0500][1.670s] GC(1) Archive regions: 2->2
[2021-01-20T22:14:16.840+0500][1.670s] GC(1) Humongous regions: 4->4
[2021-01-20T22:14:16.840+0500][1.670s] GC(1) Metaspace: 15530K(16000K)->15530K(16000K) NonClass: 13722K(14080K)->13722K(14080K) Class: 1808K(1920K)->1808K(1920K)
[2021-01-20T22:14:16.840+0500][1.670s] GC(1) Pause Young (Normal) (G1 Evacuation Pause) 61M->19M(512M) 6.285ms
[2021-01-20T22:14:16.840+0500][1.670s] GC(1) User=0.05s Sys=0.01s Real=0.01s
[2021-01-20T22:14:17.514+0500][2.344s] GC(2) Pause Young (Concurrent Start) (Metadata GC Threshold)
[2021-01-20T22:14:17.514+0500][2.345s] GC(2) Using 13 workers of 13 for evacuation
[2021-01-20T22:14:17.518+0500][2.348s] GC(2)   Pre Evacuate Collection Set: 0.1ms
[2021-01-20T22:14:17.518+0500][2.348s] GC(2)   Merge Heap Roots: 0.1ms
[2021-01-20T22:14:17.518+0500][2.348s] GC(2)   Evacuate Collection Set: 2.5ms
[2021-01-20T22:14:17.518+0500][2.348s] GC(2)   Post Evacuate Collection Set: 0.7ms
[2021-01-20T22:14:17.518+0500][2.348s] GC(2)   Other: 0.2ms
[2021-01-20T22:14:17.518+0500][2.348s] GC(2) Eden regions: 34->0(294)
[2021-01-20T22:14:17.518+0500][2.348s] GC(2) Survivor regions: 8->13(39)
[2021-01-20T22:14:17.518+0500][2.348s] GC(2) Old regions: 7->7
[2021-01-20T22:14:17.518+0500][2.348s] GC(2) Archive regions: 2->2
[2021-01-20T22:14:17.518+0500][2.348s] GC(2) Humongous regions: 4->4
[2021-01-20T22:14:17.518+0500][2.348s] GC(2) Metaspace: 20679K(21296K)->20679K(21296K) NonClass: 18354K(18864K)->18354K(18864K) Class: 2325K(2432K)->2325K(2432K)
[2021-01-20T22:14:17.518+0500][2.348s] GC(2) Pause Young (Concurrent Start) (Metadata GC Threshold) 53M->23M(512M) 3.768ms
[2021-01-20T22:14:17.518+0500][2.348s] GC(2) User=0.03s Sys=0.00s Real=0.00s
[2021-01-20T22:14:17.518+0500][2.348s] GC(3) Concurrent Cycle
[2021-01-20T22:14:17.518+0500][2.348s] GC(3) Concurrent Clear Claimed Marks
[2021-01-20T22:14:17.518+0500][2.348s] GC(3) Concurrent Clear Claimed Marks 0.014ms
[2021-01-20T22:14:17.518+0500][2.348s] GC(3) Concurrent Scan Root Regions
[2021-01-20T22:14:17.520+0500][2.350s] GC(3) Concurrent Scan Root Regions 1.754ms
[2021-01-20T22:14:17.520+0500][2.350s] GC(3) Concurrent Mark (2.350s)
[2021-01-20T22:14:17.520+0500][2.350s] GC(3) Concurrent Mark From Roots
[2021-01-20T22:14:17.520+0500][2.350s] GC(3) Using 3 workers of 3 for marking
[2021-01-20T22:14:17.524+0500][2.354s] GC(3) Concurrent Mark From Roots 4.081ms
[2021-01-20T22:14:17.524+0500][2.354s] GC(3) Concurrent Preclean
[2021-01-20T22:14:17.524+0500][2.354s] GC(3) Concurrent Preclean 0.030ms
[2021-01-20T22:14:17.524+0500][2.354s] GC(3) Concurrent Mark (2.350s, 2.354s) 4.161ms
[2021-01-20T22:14:17.524+0500][2.355s] GC(3) Pause Remark
[2021-01-20T22:14:17.525+0500][2.356s] GC(3) Pause Remark 24M->24M(512M) 1.015ms
[2021-01-20T22:14:17.525+0500][2.356s] GC(3) User=0.01s Sys=0.00s Real=0.00s
[2021-01-20T22:14:17.525+0500][2.356s] GC(3) Concurrent Rebuild Remembered Sets
[2021-01-20T22:14:17.528+0500][2.358s] GC(3) Concurrent Rebuild Remembered Sets 2.409ms
[2021-01-20T22:14:17.528+0500][2.358s] GC(3) Pause Cleanup
[2021-01-20T22:14:17.528+0500][2.358s] GC(3) Pause Cleanup 25M->25M(512M) 0.113ms
[2021-01-20T22:14:17.528+0500][2.358s] GC(3) User=0.00s Sys=0.00s Real=0.00s
[2021-01-20T22:14:17.528+0500][2.359s] GC(3) Concurrent Cleanup for Next Mark
[2021-01-20T22:14:17.529+0500][2.359s] GC(3) Concurrent Cleanup for Next Mark 0.708ms
[2021-01-20T22:14:17.529+0500][2.359s] GC(3) Concurrent Cycle 10.945ms
[2021-01-20T22:14:19.056+0500][3.887s] GC(4) Pause Young (Concurrent Start) (Metadata GC Threshold)
[2021-01-20T22:14:19.056+0500][3.887s] GC(4) Using 13 workers of 13 for evacuation
[2021-01-20T22:14:19.063+0500][3.893s] GC(4)   Pre Evacuate Collection Set: 0.1ms
[2021-01-20T22:14:19.063+0500][3.893s] GC(4)   Merge Heap Roots: 0.1ms
[2021-01-20T22:14:19.063+0500][3.893s] GC(4)   Evacuate Collection Set: 4.8ms
[2021-01-20T22:14:19.063+0500][3.893s] GC(4)   Post Evacuate Collection Set: 1.2ms
[2021-01-20T22:14:19.063+0500][3.893s] GC(4)   Other: 0.3ms
[2021-01-20T22:14:19.063+0500][3.893s] GC(4) Eden regions: 113->0(285)
[2021-01-20T22:14:19.063+0500][3.893s] GC(4) Survivor regions: 13->22(39)
[2021-01-20T22:14:19.063+0500][3.893s] GC(4) Old regions: 7->7
[2021-01-20T22:14:19.063+0500][3.893s] GC(4) Archive regions: 2->2
[2021-01-20T22:14:19.063+0500][3.893s] GC(4) Humongous regions: 6->5
[2021-01-20T22:14:19.063+0500][3.893s] GC(4) Metaspace: 34962K(35968K)->34962K(35968K) NonClass: 30935K(31744K)->30935K(31744K) Class: 4027K(4224K)->4027K(4224K)
[2021-01-20T22:14:19.063+0500][3.893s] GC(4) Pause Young (Concurrent Start) (Metadata GC Threshold) 138M->34M(512M) 6.577ms
[2021-01-20T22:14:19.063+0500][3.893s] GC(4) User=0.06s Sys=0.00s Real=0.01s
[2021-01-20T22:14:19.063+0500][3.893s] GC(5) Concurrent Cycle
[2021-01-20T22:14:19.063+0500][3.893s] GC(5) Concurrent Clear Claimed Marks
[2021-01-20T22:14:19.063+0500][3.893s] GC(5) Concurrent Clear Claimed Marks 0.021ms
[2021-01-20T22:14:19.063+0500][3.893s] GC(5) Concurrent Scan Root Regions
[2021-01-20T22:14:19.066+0500][3.896s] GC(5) Concurrent Scan Root Regions 3.112ms
[2021-01-20T22:14:19.066+0500][3.896s] GC(5) Concurrent Mark (3.896s)
[2021-01-20T22:14:19.066+0500][3.896s] GC(5) Concurrent Mark From Roots
[2021-01-20T22:14:19.066+0500][3.896s] GC(5) Using 3 workers of 3 for marking
[2021-01-20T22:14:19.072+0500][3.903s] GC(5) Concurrent Mark From Roots 6.531ms
[2021-01-20T22:14:19.072+0500][3.903s] GC(5) Concurrent Preclean
[2021-01-20T22:14:19.073+0500][3.903s] GC(5) Concurrent Preclean 0.042ms
[2021-01-20T22:14:19.073+0500][3.903s] GC(5) Concurrent Mark (3.896s, 3.903s) 6.631ms
[2021-01-20T22:14:19.073+0500][3.903s] GC(5) Pause Remark
[2021-01-20T22:14:19.074+0500][3.904s] GC(5) Pause Remark 35M->35M(512M) 1.155ms
[2021-01-20T22:14:19.074+0500][3.904s] GC(5) User=0.01s Sys=0.01s Real=0.00s
[2021-01-20T22:14:19.074+0500][3.904s] GC(5) Concurrent Rebuild Remembered Sets
[2021-01-20T22:14:19.077+0500][3.908s] GC(5) Concurrent Rebuild Remembered Sets 3.573ms
[2021-01-20T22:14:19.078+0500][3.908s] GC(5) Pause Cleanup
[2021-01-20T22:14:19.078+0500][3.908s] GC(5) Pause Cleanup 35M->35M(512M) 0.117ms
[2021-01-20T22:14:19.078+0500][3.908s] GC(5) User=0.00s Sys=0.00s Real=0.00s
[2021-01-20T22:14:19.078+0500][3.908s] GC(5) Concurrent Cleanup for Next Mark
[2021-01-20T22:14:19.079+0500][3.909s] GC(5) Concurrent Cleanup for Next Mark 0.759ms
[2021-01-20T22:14:19.079+0500][3.909s] GC(5) Concurrent Cycle 15.915ms
[2021-01-20T22:14:43.662+0500][28.492s] GC(6) Pause Young (Normal) (G1 Evacuation Pause)
[2021-01-20T22:14:43.662+0500][28.492s] GC(6) Using 13 workers of 13 for evacuation
[2021-01-20T22:14:43.671+0500][28.502s] GC(6)   Pre Evacuate Collection Set: 0.1ms
[2021-01-20T22:14:43.672+0500][28.502s] GC(6)   Merge Heap Roots: 0.1ms
[2021-01-20T22:14:43.672+0500][28.502s] GC(6)   Evacuate Collection Set: 7.9ms
[2021-01-20T22:14:43.672+0500][28.502s] GC(6)   Post Evacuate Collection Set: 1.1ms
[2021-01-20T22:14:43.672+0500][28.502s] GC(6)   Other: 0.5ms
[2021-01-20T22:14:43.672+0500][28.502s] GC(6) Eden regions: 285->0(276)
[2021-01-20T22:14:43.672+0500][28.502s] GC(6) Survivor regions: 22->31(39)
[2021-01-20T22:14:43.672+0500][28.502s] GC(6) Old regions: 7->8
[2021-01-20T22:14:43.672+0500][28.502s] GC(6) Archive regions: 2->2
[2021-01-20T22:14:43.672+0500][28.502s] GC(6) Humongous regions: 5->5
[2021-01-20T22:14:43.672+0500][28.502s] GC(6) Metaspace: 53005K(54784K)->53005K(54784K) NonClass: 46896K(48384K)->46896K(48384K) Class: 6109K(6400K)->6109K(6400K)
[2021-01-20T22:14:43.672+0500][28.502s] GC(6) Pause Young (Normal) (G1 Evacuation Pause) 319M->44M(512M) 9.761ms
[2021-01-20T22:14:43.672+0500][28.502s] GC(6) User=0.11s Sys=0.01s Real=0.01s
[2021-01-20T22:14:45.984+0500][30.814s] GC(7) Pause Young (Normal) (G1 Evacuation Pause)
[2021-01-20T22:14:45.984+0500][30.814s] GC(7) Using 13 workers of 13 for evacuation
[2021-01-20T22:14:45.991+0500][30.822s] GC(7)   Pre Evacuate Collection Set: 0.1ms
[2021-01-20T22:14:45.992+0500][30.822s] GC(7)   Merge Heap Roots: 0.1ms
[2021-01-20T22:14:45.992+0500][30.822s] GC(7)   Evacuate Collection Set: 6.4ms
[2021-01-20T22:14:45.992+0500][30.822s] GC(7)   Post Evacuate Collection Set: 0.8ms
[2021-01-20T22:14:45.992+0500][30.822s] GC(7)   Other: 0.1ms
[2021-01-20T22:14:45.992+0500][30.822s] GC(7) Eden regions: 276->0(284)
[2021-01-20T22:14:45.992+0500][30.822s] GC(7) Survivor regions: 31->23(39)
[2021-01-20T22:14:45.992+0500][30.822s] GC(7) Old regions: 8->18
[2021-01-20T22:14:45.992+0500][30.822s] GC(7) Archive regions: 2->2
[2021-01-20T22:14:45.992+0500][30.822s] GC(7) Humongous regions: 7->5
[2021-01-20T22:14:45.992+0500][30.822s] GC(7) Metaspace: 53462K(55040K)->53462K(55040K) NonClass: 47338K(48640K)->47338K(48640K) Class: 6123K(6400K)->6123K(6400K)
[2021-01-20T22:14:45.992+0500][30.822s] GC(7) Pause Young (Normal) (G1 Evacuation Pause) 322M->46M(512M) 7.679ms
[2021-01-20T22:14:45.992+0500][30.822s] GC(7) User=0.08s Sys=0.01s Real=0.01s
[2021-01-20T22:14:49.595+0500][34.426s] GC(8) Pause Young (Normal) (G1 Evacuation Pause)
[2021-01-20T22:14:49.595+0500][34.426s] GC(8) Using 13 workers of 13 for evacuation
[2021-01-20T22:14:49.602+0500][34.432s] GC(8)   Pre Evacuate Collection Set: 0.1ms
[2021-01-20T22:14:49.602+0500][34.432s] GC(8)   Merge Heap Roots: 0.1ms
[2021-01-20T22:14:49.602+0500][34.432s] GC(8)   Evacuate Collection Set: 5.1ms
[2021-01-20T22:14:49.602+0500][34.432s] GC(8)   Post Evacuate Collection Set: 1.0ms
[2021-01-20T22:14:49.602+0500][34.432s] GC(8)   Other: 0.1ms
[2021-01-20T22:14:49.602+0500][34.432s] GC(8) Eden regions: 284->0(288)
[2021-01-20T22:14:49.602+0500][34.432s] GC(8) Survivor regions: 23->19(39)
[2021-01-20T22:14:49.602+0500][34.432s] GC(8) Old regions: 18->29
[2021-01-20T22:14:49.602+0500][34.432s] GC(8) Archive regions: 2->2
[2021-01-20T22:14:49.602+0500][34.432s] GC(8) Humongous regions: 10->7
[2021-01-20T22:14:49.602+0500][34.432s] GC(8) Metaspace: 53811K(55552K)->53811K(55552K) NonClass: 47673K(49152K)->47673K(49152K) Class: 6137K(6400K)->6137K(6400K)
[2021-01-20T22:14:49.602+0500][34.432s] GC(8) Pause Young (Normal) (G1 Evacuation Pause) 335M->54M(512M) 6.487ms
[2021-01-20T22:14:49.602+0500][34.432s] GC(8) User=0.07s Sys=0.00s Real=0.01s
[2021-01-20T22:14:50.635+0500][35.465s] GC(9) Pause Young (Normal) (G1 Evacuation Pause)
[2021-01-20T22:14:50.635+0500][35.465s] GC(9) Using 13 workers of 13 for evacuation
[2021-01-20T22:14:50.639+0500][35.470s] GC(9)   Pre Evacuate Collection Set: 0.1ms
[2021-01-20T22:14:50.639+0500][35.470s] GC(9)   Merge Heap Roots: 0.1ms
[2021-01-20T22:14:50.639+0500][35.470s] GC(9)   Evacuate Collection Set: 3.6ms
[2021-01-20T22:14:50.639+0500][35.470s] GC(9)   Post Evacuate Collection Set: 0.7ms
[2021-01-20T22:14:50.639+0500][35.470s] GC(9)   Other: 0.1ms
[2021-01-20T22:14:50.639+0500][35.470s] GC(9) Eden regions: 288->0(290)
[2021-01-20T22:14:50.639+0500][35.470s] GC(9) Survivor regions: 19->17(39)
[2021-01-20T22:14:50.639+0500][35.470s] GC(9) Old regions: 29->29
[2021-01-20T22:14:50.639+0500][35.470s] GC(9) Archive regions: 2->2
[2021-01-20T22:14:50.639+0500][35.470s] GC(9) Humongous regions: 27->14
[2021-01-20T22:14:50.639+0500][35.470s] GC(9) Metaspace: 54078K(55552K)->54078K(55552K) NonClass: 47922K(49152K)->47922K(49152K) Class: 6155K(6400K)->6155K(6400K)
[2021-01-20T22:14:50.640+0500][35.470s] GC(9) Pause Young (Normal) (G1 Evacuation Pause) 362M->59M(512M) 4.770ms
[2021-01-20T22:14:50.640+0500][35.470s] GC(9) User=0.05s Sys=0.01s Real=0.01s
[2021-01-20T22:14:52.873+0500][37.703s] GC(10) Pause Young (Normal) (G1 Evacuation Pause)
[2021-01-20T22:14:52.873+0500][37.704s] GC(10) Using 13 workers of 13 for evacuation
[2021-01-20T22:14:52.878+0500][37.708s] GC(10)   Pre Evacuate Collection Set: 0.1ms
[2021-01-20T22:14:52.878+0500][37.708s] GC(10)   Merge Heap Roots: 0.1ms
[2021-01-20T22:14:52.878+0500][37.708s] GC(10)   Evacuate Collection Set: 3.5ms
[2021-01-20T22:14:52.878+0500][37.708s] GC(10)   Post Evacuate Collection Set: 0.9ms
[2021-01-20T22:14:52.878+0500][37.708s] GC(10)   Other: 0.2ms
[2021-01-20T22:14:52.878+0500][37.708s] GC(10) Eden regions: 290->0(288)
[2021-01-20T22:14:52.878+0500][37.708s] GC(10) Survivor regions: 17->19(39)
[2021-01-20T22:14:52.878+0500][37.708s] GC(10) Old regions: 29->29
[2021-01-20T22:14:52.878+0500][37.708s] GC(10) Archive regions: 2->2
[2021-01-20T22:14:52.878+0500][37.708s] GC(10) Humongous regions: 15->5
[2021-01-20T22:14:52.878+0500][37.708s] GC(10) Metaspace: 54460K(56064K)->54460K(56064K) NonClass: 48277K(49664K)->48277K(49664K) Class: 6183K(6400K)->6183K(6400K)
[2021-01-20T22:14:52.878+0500][37.708s] GC(10) Pause Young (Normal) (G1 Evacuation Pause) 350M->52M(512M) 5.027ms
[2021-01-20T22:14:52.878+0500][37.709s] GC(10) User=0.05s Sys=0.01s Real=0.00s
[2021-01-20T22:14:55.692+0500][40.522s] GC(11) Pause Young (Normal) (G1 Evacuation Pause)
[2021-01-20T22:14:55.692+0500][40.522s] GC(11) Using 13 workers of 13 for evacuation
[2021-01-20T22:14:55.696+0500][40.526s] GC(11)   Pre Evacuate Collection Set: 0.1ms
[2021-01-20T22:14:55.696+0500][40.526s] GC(11)   Merge Heap Roots: 0.1ms
[2021-01-20T22:14:55.696+0500][40.526s] GC(11)   Evacuate Collection Set: 3.0ms
[2021-01-20T22:14:55.696+0500][40.526s] GC(11)   Post Evacuate Collection Set: 0.6ms
[2021-01-20T22:14:55.696+0500][40.526s] GC(11)   Other: 0.1ms
[2021-01-20T22:14:55.696+0500][40.526s] GC(11) Eden regions: 288->0(291)
[2021-01-20T22:14:55.696+0500][40.526s] GC(11) Survivor regions: 19->16(39)
[2021-01-20T22:14:55.696+0500][40.526s] GC(11) Old regions: 29->29
[2021-01-20T22:14:55.696+0500][40.526s] GC(11) Archive regions: 2->2
[2021-01-20T22:14:55.696+0500][40.526s] GC(11) Humongous regions: 7->5
[2021-01-20T22:14:55.696+0500][40.526s] GC(11) Metaspace: 54640K(56320K)->54640K(56320K) NonClass: 48457K(49920K)->48457K(49920K) Class: 6183K(6400K)->6183K(6400K)
[2021-01-20T22:14:55.696+0500][40.526s] GC(11) Pause Young (Normal) (G1 Evacuation Pause) 342M->49M(512M) 4.043ms
[2021-01-20T22:14:55.696+0500][40.526s] GC(11) User=0.04s Sys=0.00s Real=0.00s
[2021-01-20T22:14:58.592+0500][43.423s] GC(12) Pause Young (Normal) (G1 Evacuation Pause)
[2021-01-20T22:14:58.602+0500][43.432s] GC(12) Using 13 workers of 13 for evacuation
[2021-01-20T22:14:58.607+0500][43.437s] GC(12)   Pre Evacuate Collection Set: 0.2ms
[2021-01-20T22:14:58.607+0500][43.437s] GC(12)   Merge Heap Roots: 0.1ms
[2021-01-20T22:14:58.607+0500][43.437s] GC(12)   Evacuate Collection Set: 3.8ms
[2021-01-20T22:14:58.607+0500][43.437s] GC(12)   Post Evacuate Collection Set: 0.8ms
[2021-01-20T22:14:58.607+0500][43.437s] GC(12)   Other: 10.1ms
[2021-01-20T22:14:58.607+0500][43.438s] GC(12) Eden regions: 291->0(293)
[2021-01-20T22:14:58.607+0500][43.438s] GC(12) Survivor regions: 16->14(39)
[2021-01-20T22:14:58.607+0500][43.438s] GC(12) Old regions: 29->29
[2021-01-20T22:14:58.607+0500][43.438s] GC(12) Archive regions: 2->2
[2021-01-20T22:14:58.607+0500][43.438s] GC(12) Humongous regions: 5->5
[2021-01-20T22:14:58.607+0500][43.438s] GC(12) Metaspace: 54702K(56320K)->54702K(56320K) NonClass: 48519K(49920K)->48519K(49920K) Class: 6183K(6400K)->6183K(6400K)
[2021-01-20T22:14:58.607+0500][43.438s] GC(12) Pause Young (Normal) (G1 Evacuation Pause) 340M->47M(512M) 15.079ms
[2021-01-20T22:14:58.608+0500][43.438s] GC(12) User=0.05s Sys=0.00s Real=0.01s
[2021-01-20T22:15:01.892+0500][46.722s] GC(13) Pause Young (Normal) (G1 Evacuation Pause)
[2021-01-20T22:15:01.892+0500][46.722s] GC(13) Using 13 workers of 13 for evacuation
[2021-01-20T22:15:01.896+0500][46.726s] GC(13)   Pre Evacuate Collection Set: 0.1ms
[2021-01-20T22:15:01.896+0500][46.726s] GC(13)   Merge Heap Roots: 0.1ms
[2021-01-20T22:15:01.896+0500][46.726s] GC(13)   Evacuate Collection Set: 3.0ms
[2021-01-20T22:15:01.896+0500][46.726s] GC(13)   Post Evacuate Collection Set: 0.7ms
[2021-01-20T22:15:01.896+0500][46.726s] GC(13)   Other: 0.1ms
[2021-01-20T22:15:01.896+0500][46.726s] GC(13) Eden regions: 293->0(292)
[2021-01-20T22:15:01.896+0500][46.726s] GC(13) Survivor regions: 14->15(39)
[2021-01-20T22:15:01.896+0500][46.726s] GC(13) Old regions: 29->29
[2021-01-20T22:15:01.896+0500][46.726s] GC(13) Archive regions: 2->2
[2021-01-20T22:15:01.896+0500][46.726s] GC(13) Humongous regions: 5->5
[2021-01-20T22:15:01.896+0500][46.726s] GC(13) Metaspace: 54771K(56320K)->54771K(56320K) NonClass: 48587K(49920K)->48587K(49920K) Class: 6183K(6400K)->6183K(6400K)
[2021-01-20T22:15:01.896+0500][46.726s] GC(13) Pause Young (Normal) (G1 Evacuation Pause) 340M->48M(512M) 4.048ms
[2021-01-20T22:15:01.896+0500][46.726s] GC(13) User=0.04s Sys=0.00s Real=0.00s
[2021-01-20T22:15:04.658+0500][49.488s] GC(14) Pause Young (Normal) (G1 Evacuation Pause)
[2021-01-20T22:15:04.658+0500][49.488s] GC(14) Using 13 workers of 13 for evacuation
[2021-01-20T22:15:04.662+0500][49.492s] GC(14)   Pre Evacuate Collection Set: 0.1ms
[2021-01-20T22:15:04.662+0500][49.492s] GC(14)   Merge Heap Roots: 0.1ms
[2021-01-20T22:15:04.662+0500][49.492s] GC(14)   Evacuate Collection Set: 3.3ms
[2021-01-20T22:15:04.662+0500][49.492s] GC(14)   Post Evacuate Collection Set: 0.7ms
[2021-01-20T22:15:04.662+0500][49.492s] GC(14)   Other: 0.1ms
[2021-01-20T22:15:04.662+0500][49.492s] GC(14) Eden regions: 292->0(288)
[2021-01-20T22:15:04.662+0500][49.492s] GC(14) Survivor regions: 15->19(39)
[2021-01-20T22:15:04.662+0500][49.492s] GC(14) Old regions: 29->29
[2021-01-20T22:15:04.662+0500][49.492s] GC(14) Archive regions: 2->2
[2021-01-20T22:15:04.662+0500][49.492s] GC(14) Humongous regions: 25->11
[2021-01-20T22:15:04.662+0500][49.492s] GC(14) Metaspace: 54824K(56320K)->54824K(56320K) NonClass: 48641K(49920K)->48641K(49920K) Class: 6183K(6400K)->6183K(6400K)
[2021-01-20T22:15:04.662+0500][49.492s] GC(14) Pause Young (Normal) (G1 Evacuation Pause) 360M->58M(512M) 4.441ms
[2021-01-20T22:15:04.662+0500][49.492s] GC(14) User=0.05s Sys=0.00s Real=0.01s
[2021-01-20T22:15:06.939+0500][51.769s] GC(15) Pause Young (Normal) (G1 Evacuation Pause)
[2021-01-20T22:15:06.940+0500][51.770s] GC(15) Using 13 workers of 13 for evacuation
[2021-01-20T22:15:06.943+0500][51.773s] GC(15)   Pre Evacuate Collection Set: 0.1ms
[2021-01-20T22:15:06.943+0500][51.773s] GC(15)   Merge Heap Roots: 0.1ms
[2021-01-20T22:15:06.943+0500][51.773s] GC(15)   Evacuate Collection Set: 2.7ms
[2021-01-20T22:15:06.943+0500][51.773s] GC(15)   Post Evacuate Collection Set: 0.7ms
[2021-01-20T22:15:06.943+0500][51.773s] GC(15)   Other: 0.5ms
[2021-01-20T22:15:06.943+0500][51.773s] GC(15) Eden regions: 288->0(296)
[2021-01-20T22:15:06.943+0500][51.773s] GC(15) Survivor regions: 19->11(39)
[2021-01-20T22:15:06.943+0500][51.773s] GC(15) Old regions: 29->29
[2021-01-20T22:15:06.943+0500][51.773s] GC(15) Archive regions: 2->2
[2021-01-20T22:15:06.943+0500][51.773s] GC(15) Humongous regions: 11->5
[2021-01-20T22:15:06.943+0500][51.773s] GC(15) Metaspace: 54914K(56320K)->54914K(56320K) NonClass: 48730K(49920K)->48730K(49920K) Class: 6183K(6400K)->6183K(6400K)
[2021-01-20T22:15:06.943+0500][51.773s] GC(15) Pause Young (Normal) (G1 Evacuation Pause) 346M->44M(512M) 4.132ms
[2021-01-20T22:15:06.943+0500][51.773s] GC(15) User=0.04s Sys=0.01s Real=0.01s
[2021-01-20T22:15:08.634+0500][53.464s] GC(16) Pause Young (Normal) (G1 Evacuation Pause)
[2021-01-20T22:15:08.634+0500][53.464s] GC(16) Using 13 workers of 13 for evacuation
[2021-01-20T22:15:08.639+0500][53.469s] GC(16)   Pre Evacuate Collection Set: 0.1ms
[2021-01-20T22:15:08.639+0500][53.469s] GC(16)   Merge Heap Roots: 0.1ms
[2021-01-20T22:15:08.639+0500][53.469s] GC(16)   Evacuate Collection Set: 3.1ms
[2021-01-20T22:15:08.639+0500][53.469s] GC(16)   Post Evacuate Collection Set: 1.1ms
[2021-01-20T22:15:08.639+0500][53.469s] GC(16)   Other: 0.2ms
[2021-01-20T22:15:08.639+0500][53.469s] GC(16) Eden regions: 296->0(295)
[2021-01-20T22:15:08.639+0500][53.469s] GC(16) Survivor regions: 11->12(39)
[2021-01-20T22:15:08.639+0500][53.469s] GC(16) Old regions: 29->29
[2021-01-20T22:15:08.639+0500][53.469s] GC(16) Archive regions: 2->2
[2021-01-20T22:15:08.639+0500][53.469s] GC(16) Humongous regions: 6->5
[2021-01-20T22:15:08.639+0500][53.469s] GC(16) Metaspace: 54957K(56576K)->54957K(56576K) NonClass: 48772K(50176K)->48772K(50176K) Class: 6184K(6400K)->6184K(6400K)
[2021-01-20T22:15:08.639+0500][53.469s] GC(16) Pause Young (Normal) (G1 Evacuation Pause) 341M->45M(512M) 4.758ms
[2021-01-20T22:15:08.639+0500][53.469s] GC(16) User=0.04s Sys=0.00s Real=0.00s
[2021-01-20T22:15:10.702+0500][55.532s] GC(17) Pause Young (Normal) (G1 Evacuation Pause)
[2021-01-20T22:15:10.702+0500][55.532s] GC(17) Using 13 workers of 13 for evacuation
[2021-01-20T22:15:10.707+0500][55.537s] GC(17)   Pre Evacuate Collection Set: 0.1ms
[2021-01-20T22:15:10.707+0500][55.537s] GC(17)   Merge Heap Roots: 0.1ms
[2021-01-20T22:15:10.707+0500][55.537s] GC(17)   Evacuate Collection Set: 3.3ms
[2021-01-20T22:15:10.707+0500][55.537s] GC(17)   Post Evacuate Collection Set: 1.2ms
[2021-01-20T22:15:10.707+0500][55.537s] GC(17)   Other: 0.2ms
[2021-01-20T22:15:10.707+0500][55.537s] GC(17) Eden regions: 295->0(289)
[2021-01-20T22:15:10.707+0500][55.537s] GC(17) Survivor regions: 12->18(39)
[2021-01-20T22:15:10.707+0500][55.537s] GC(17) Old regions: 29->29
[2021-01-20T22:15:10.707+0500][55.537s] GC(17) Archive regions: 2->2
[2021-01-20T22:15:10.707+0500][55.537s] GC(17) Humongous regions: 7->5
[2021-01-20T22:15:10.707+0500][55.537s] GC(17) Metaspace: 55004K(56576K)->55004K(56576K) NonClass: 48819K(50176K)->48819K(50176K) Class: 6184K(6400K)->6184K(6400K)
[2021-01-20T22:15:10.707+0500][55.537s] GC(17) Pause Young (Normal) (G1 Evacuation Pause) 342M->51M(512M) 5.072ms
[2021-01-20T22:15:10.707+0500][55.537s] GC(17) User=0.04s Sys=0.00s Real=0.00s
[2021-01-20T22:15:12.947+0500][57.777s] GC(18) Pause Young (Normal) (G1 Evacuation Pause)
[2021-01-20T22:15:12.947+0500][57.777s] GC(18) Using 13 workers of 13 for evacuation
[2021-01-20T22:15:12.952+0500][57.782s] GC(18)   Pre Evacuate Collection Set: 0.1ms
[2021-01-20T22:15:12.952+0500][57.782s] GC(18)   Merge Heap Roots: 0.1ms
[2021-01-20T22:15:12.952+0500][57.782s] GC(18)   Evacuate Collection Set: 3.6ms
[2021-01-20T22:15:12.952+0500][57.782s] GC(18)   Post Evacuate Collection Set: 0.8ms
[2021-01-20T22:15:12.952+0500][57.782s] GC(18)   Other: 0.1ms
[2021-01-20T22:15:12.952+0500][57.782s] GC(18) Eden regions: 289->0(287)
[2021-01-20T22:15:12.952+0500][57.782s] GC(18) Survivor regions: 18->20(39)
[2021-01-20T22:15:12.952+0500][57.782s] GC(18) Old regions: 29->29
[2021-01-20T22:15:12.952+0500][57.782s] GC(18) Archive regions: 2->2
[2021-01-20T22:15:12.952+0500][57.782s] GC(18) Humongous regions: 7->5
[2021-01-20T22:15:12.952+0500][57.782s] GC(18) Metaspace: 55012K(56576K)->55012K(56576K) NonClass: 48827K(50176K)->48827K(50176K) Class: 6184K(6400K)->6184K(6400K)
[2021-01-20T22:15:12.952+0500][57.782s] GC(18) Pause Young (Normal) (G1 Evacuation Pause) 342M->53M(512M) 4.802ms
[2021-01-20T22:15:12.952+0500][57.782s] GC(18) User=0.05s Sys=0.00s Real=0.01s
[2021-01-20T22:15:14.103+0500][58.933s] GC(19) Pause Young (Normal) (G1 Evacuation Pause)
[2021-01-20T22:15:14.103+0500][58.933s] GC(19) Using 13 workers of 13 for evacuation
[2021-01-20T22:15:14.108+0500][58.938s] GC(19)   Pre Evacuate Collection Set: 0.1ms
[2021-01-20T22:15:14.108+0500][58.938s] GC(19)   Merge Heap Roots: 0.1ms
[2021-01-20T22:15:14.108+0500][58.938s] GC(19)   Evacuate Collection Set: 3.5ms
[2021-01-20T22:15:14.108+0500][58.938s] GC(19)   Post Evacuate Collection Set: 0.8ms
[2021-01-20T22:15:14.108+0500][58.938s] GC(19)   Other: 0.2ms
[2021-01-20T22:15:14.108+0500][58.938s] GC(19) Eden regions: 287->0(290)
[2021-01-20T22:15:14.108+0500][58.938s] GC(19) Survivor regions: 20->17(39)
[2021-01-20T22:15:14.108+0500][58.938s] GC(19) Old regions: 29->29
[2021-01-20T22:15:14.108+0500][58.938s] GC(19) Archive regions: 2->2
[2021-01-20T22:15:14.108+0500][58.938s] GC(19) Humongous regions: 6->5
[2021-01-20T22:15:14.108+0500][58.938s] GC(19) Metaspace: 55032K(56576K)->55032K(56576K) NonClass: 48847K(50176K)->48847K(50176K) Class: 6184K(6400K)->6184K(6400K)
[2021-01-20T22:15:14.108+0500][58.938s] GC(19) Pause Young (Normal) (G1 Evacuation Pause) 341M->50M(512M) 4.766ms
[2021-01-20T22:15:14.108+0500][58.938s] GC(19) User=0.05s Sys=0.00s Real=0.00s
[2021-01-20T22:15:15.560+0500][60.390s] GC(20) Pause Young (Normal) (G1 Evacuation Pause)
[2021-01-20T22:15:15.560+0500][60.390s] GC(20) Using 13 workers of 13 for evacuation
[2021-01-20T22:15:15.564+0500][60.394s] GC(20)   Pre Evacuate Collection Set: 0.1ms
[2021-01-20T22:15:15.564+0500][60.394s] GC(20)   Merge Heap Roots: 0.1ms
[2021-01-20T22:15:15.564+0500][60.394s] GC(20)   Evacuate Collection Set: 3.4ms
[2021-01-20T22:15:15.564+0500][60.394s] GC(20)   Post Evacuate Collection Set: 0.8ms
[2021-01-20T22:15:15.564+0500][60.394s] GC(20)   Other: 0.1ms
[2021-01-20T22:15:15.564+0500][60.394s] GC(20) Eden regions: 290->0(288)
[2021-01-20T22:15:15.564+0500][60.394s] GC(20) Survivor regions: 17->19(39)
[2021-01-20T22:15:15.564+0500][60.394s] GC(20) Old regions: 29->29
[2021-01-20T22:15:15.564+0500][60.394s] GC(20) Archive regions: 2->2
[2021-01-20T22:15:15.564+0500][60.394s] GC(20) Humongous regions: 5->5
[2021-01-20T22:15:15.565+0500][60.394s] GC(20) Metaspace: 55063K(56576K)->55063K(56576K) NonClass: 48878K(50176K)->48878K(50176K) Class: 6184K(6400K)->6184K(6400K)
[2021-01-20T22:15:15.565+0500][60.394s] GC(20) Pause Young (Normal) (G1 Evacuation Pause) 340M->52M(512M) 4.656ms
[2021-01-20T22:15:15.565+0500][60.395s] GC(20) User=0.05s Sys=0.01s Real=0.00s
[2021-01-20T22:15:17.559+0500][62.389s] GC(21) Pause Young (Normal) (G1 Evacuation Pause)
[2021-01-20T22:15:17.560+0500][62.390s] GC(21) Using 13 workers of 13 for evacuation
[2021-01-20T22:15:17.564+0500][62.394s] GC(21)   Pre Evacuate Collection Set: 0.1ms
[2021-01-20T22:15:17.564+0500][62.394s] GC(21)   Merge Heap Roots: 0.1ms
[2021-01-20T22:15:17.564+0500][62.394s] GC(21)   Evacuate Collection Set: 3.5ms
[2021-01-20T22:15:17.564+0500][62.394s] GC(21)   Post Evacuate Collection Set: 0.7ms
[2021-01-20T22:15:17.564+0500][62.394s] GC(21)   Other: 0.7ms
[2021-01-20T22:15:17.564+0500][62.394s] GC(21) Eden regions: 288->0(294)
[2021-01-20T22:15:17.564+0500][62.394s] GC(21) Survivor regions: 19->13(39)
[2021-01-20T22:15:17.564+0500][62.394s] GC(21) Old regions: 29->36
[2021-01-20T22:15:17.564+0500][62.394s] GC(21) Archive regions: 2->2
[2021-01-20T22:15:17.564+0500][62.394s] GC(21) Humongous regions: 6->5
[2021-01-20T22:15:17.564+0500][62.394s] GC(21) Metaspace: 55091K(56576K)->55091K(56576K) NonClass: 48906K(50176K)->48906K(50176K) Class: 6184K(6400K)->6184K(6400K)
[2021-01-20T22:15:17.564+0500][62.394s] GC(21) Pause Young (Normal) (G1 Evacuation Pause) 341M->54M(512M) 5.224ms
[2021-01-20T22:15:17.564+0500][62.394s] GC(21) User=0.04s Sys=0.01s Real=0.01s
[2021-01-20T22:15:18.092+0500][62.922s] GC(22) Pause Young (Normal) (G1 Evacuation Pause)
[2021-01-20T22:15:18.092+0500][62.922s] GC(22) Using 13 workers of 13 for evacuation
[2021-01-20T22:15:18.094+0500][62.924s] GC(22)   Pre Evacuate Collection Set: 0.1ms
[2021-01-20T22:15:18.094+0500][62.924s] GC(22)   Merge Heap Roots: 0.1ms
[2021-01-20T22:15:18.094+0500][62.924s] GC(22)   Evacuate Collection Set: 1.4ms
[2021-01-20T22:15:18.094+0500][62.924s] GC(22)   Post Evacuate Collection Set: 0.5ms
[2021-01-20T22:15:18.094+0500][62.924s] GC(22)   Other: 0.1ms
[2021-01-20T22:15:18.094+0500][62.924s] GC(22) Eden regions: 294->0(295)
[2021-01-20T22:15:18.094+0500][62.924s] GC(22) Survivor regions: 13->12(39)
[2021-01-20T22:15:18.094+0500][62.924s] GC(22) Old regions: 36->37
[2021-01-20T22:15:18.094+0500][62.924s] GC(22) Archive regions: 2->2
[2021-01-20T22:15:18.094+0500][62.924s] GC(22) Humongous regions: 28->11
[2021-01-20T22:15:18.094+0500][62.924s] GC(22) Metaspace: 55100K(56576K)->55100K(56576K) NonClass: 48916K(50176K)->48916K(50176K) Class: 6184K(6400K)->6184K(6400K)
[2021-01-20T22:15:18.094+0500][62.924s] GC(22) Pause Young (Normal) (G1 Evacuation Pause) 371M->59M(512M) 2.320ms
[2021-01-20T22:15:18.094+0500][62.924s] GC(22) User=0.02s Sys=0.00s Real=0.00s
[2021-01-20T22:15:19.561+0500][64.391s] GC(23) Pause Young (Normal) (G1 Evacuation Pause)
[2021-01-20T22:15:19.561+0500][64.391s] GC(23) Using 13 workers of 13 for evacuation
[2021-01-20T22:15:19.563+0500][64.393s] GC(23)   Pre Evacuate Collection Set: 0.1ms
[2021-01-20T22:15:19.563+0500][64.393s] GC(23)   Merge Heap Roots: 0.1ms
[2021-01-20T22:15:19.563+0500][64.393s] GC(23)   Evacuate Collection Set: 1.5ms
[2021-01-20T22:15:19.563+0500][64.393s] GC(23)   Post Evacuate Collection Set: 0.4ms
[2021-01-20T22:15:19.563+0500][64.393s] GC(23)   Other: 0.1ms
[2021-01-20T22:15:19.563+0500][64.393s] GC(23) Eden regions: 295->0(297)
[2021-01-20T22:15:19.563+0500][64.393s] GC(23) Survivor regions: 12->10(39)
[2021-01-20T22:15:19.563+0500][64.393s] GC(23) Old regions: 37->37
[2021-01-20T22:15:19.563+0500][64.393s] GC(23) Archive regions: 2->2
[2021-01-20T22:15:19.563+0500][64.393s] GC(23) Humongous regions: 12->5
[2021-01-20T22:15:19.563+0500][64.393s] GC(23) Metaspace: 55522K(57216K)->55522K(57216K) NonClass: 49287K(50688K)->49287K(50688K) Class: 6235K(6528K)->6235K(6528K)
[2021-01-20T22:15:19.563+0500][64.393s] GC(23) Pause Young (Normal) (G1 Evacuation Pause) 355M->52M(512M) 2.251ms
[2021-01-20T22:15:19.563+0500][64.393s] GC(23) User=0.02s Sys=0.00s Real=0.00s
[2021-01-20T22:15:21.301+0500][66.131s] GC(24) Pause Young (Normal) (G1 Evacuation Pause)
[2021-01-20T22:15:21.301+0500][66.131s] GC(24) Using 13 workers of 13 for evacuation
[2021-01-20T22:15:21.303+0500][66.133s] GC(24)   Pre Evacuate Collection Set: 0.1ms
[2021-01-20T22:15:21.303+0500][66.133s] GC(24)   Merge Heap Roots: 0.1ms
[2021-01-20T22:15:21.303+0500][66.133s] GC(24)   Evacuate Collection Set: 0.8ms
[2021-01-20T22:15:21.303+0500][66.133s] GC(24)   Post Evacuate Collection Set: 0.5ms
[2021-01-20T22:15:21.303+0500][66.133s] GC(24)   Other: 0.1ms
[2021-01-20T22:15:21.303+0500][66.133s] GC(24) Eden regions: 297->0(302)
[2021-01-20T22:15:21.303+0500][66.133s] GC(24) Survivor regions: 10->5(39)
[2021-01-20T22:15:21.303+0500][66.133s] GC(24) Old regions: 37->38
[2021-01-20T22:15:21.303+0500][66.133s] GC(24) Archive regions: 2->2
[2021-01-20T22:15:21.303+0500][66.133s] GC(24) Humongous regions: 5->5
[2021-01-20T22:15:21.303+0500][66.133s] GC(24) Metaspace: 55549K(57216K)->55549K(57216K) NonClass: 49314K(50688K)->49314K(50688K) Class: 6235K(6528K)->6235K(6528K)
[2021-01-20T22:15:21.303+0500][66.133s] GC(24) Pause Young (Normal) (G1 Evacuation Pause) 349M->47M(512M) 1.680ms
[2021-01-20T22:15:21.303+0500][66.133s] GC(24) User=0.01s Sys=0.00s Real=0.00s
[2021-01-20T22:15:23.458+0500][68.288s] GC(25) Pause Young (Normal) (G1 Evacuation Pause)
[2021-01-20T22:15:23.458+0500][68.288s] GC(25) Using 13 workers of 13 for evacuation
[2021-01-20T22:15:23.460+0500][68.290s] GC(25)   Pre Evacuate Collection Set: 0.1ms
[2021-01-20T22:15:23.460+0500][68.290s] GC(25)   Merge Heap Roots: 0.1ms
[2021-01-20T22:15:23.460+0500][68.290s] GC(25)   Evacuate Collection Set: 0.6ms
[2021-01-20T22:15:23.460+0500][68.290s] GC(25)   Post Evacuate Collection Set: 0.5ms
[2021-01-20T22:15:23.460+0500][68.290s] GC(25)   Other: 0.1ms
[2021-01-20T22:15:23.460+0500][68.290s] GC(25) Eden regions: 302->0(303)
[2021-01-20T22:15:23.460+0500][68.290s] GC(25) Survivor regions: 5->4(39)
[2021-01-20T22:15:23.460+0500][68.290s] GC(25) Old regions: 38->38
[2021-01-20T22:15:23.460+0500][68.290s] GC(25) Archive regions: 2->2
[2021-01-20T22:15:23.460+0500][68.290s] GC(25) Humongous regions: 5->5
[2021-01-20T22:15:23.460+0500][68.290s] GC(25) Metaspace: 55565K(57216K)->55565K(57216K) NonClass: 49329K(50688K)->49329K(50688K) Class: 6235K(6528K)->6235K(6528K)
[2021-01-20T22:15:23.460+0500][68.290s] GC(25) Pause Young (Normal) (G1 Evacuation Pause) 349M->46M(512M) 1.481ms
[2021-01-20T22:15:23.460+0500][68.290s] GC(25) User=0.00s Sys=0.00s Real=0.01s
[2021-01-20T22:15:24.888+0500][69.718s] GC(26) Pause Young (Normal) (G1 Evacuation Pause)
[2021-01-20T22:15:24.888+0500][69.718s] GC(26) Using 13 workers of 13 for evacuation
[2021-01-20T22:15:24.889+0500][69.719s] GC(26)   Pre Evacuate Collection Set: 0.1ms
[2021-01-20T22:15:24.889+0500][69.719s] GC(26)   Merge Heap Roots: 0.1ms
[2021-01-20T22:15:24.889+0500][69.719s] GC(26)   Evacuate Collection Set: 0.8ms
[2021-01-20T22:15:24.889+0500][69.719s] GC(26)   Post Evacuate Collection Set: 0.5ms
[2021-01-20T22:15:24.889+0500][69.719s] GC(26)   Other: 0.1ms
[2021-01-20T22:15:24.889+0500][69.719s] GC(26) Eden regions: 303->0(302)
[2021-01-20T22:15:24.889+0500][69.719s] GC(26) Survivor regions: 4->5(39)
[2021-01-20T22:15:24.889+0500][69.719s] GC(26) Old regions: 38->38
[2021-01-20T22:15:24.889+0500][69.719s] GC(26) Archive regions: 2->2
[2021-01-20T22:15:24.889+0500][69.719s] GC(26) Humongous regions: 5->5
[2021-01-20T22:15:24.889+0500][69.719s] GC(26) Metaspace: 55615K(57216K)->55615K(57216K) NonClass: 49380K(50688K)->49380K(50688K) Class: 6235K(6528K)->6235K(6528K)
[2021-01-20T22:15:24.889+0500][69.719s] GC(26) Pause Young (Normal) (G1 Evacuation Pause) 349M->47M(512M) 1.669ms
[2021-01-20T22:15:24.889+0500][69.719s] GC(26) User=0.01s Sys=0.00s Real=0.00s
[2021-01-20T22:15:26.501+0500][71.331s] GC(27) Pause Young (Normal) (G1 Evacuation Pause)
[2021-01-20T22:15:26.501+0500][71.331s] GC(27) Using 13 workers of 13 for evacuation
[2021-01-20T22:15:26.502+0500][71.332s] GC(27)   Pre Evacuate Collection Set: 0.1ms
[2021-01-20T22:15:26.502+0500][71.332s] GC(27)   Merge Heap Roots: 0.1ms
[2021-01-20T22:15:26.502+0500][71.332s] GC(27)   Evacuate Collection Set: 0.8ms
[2021-01-20T22:15:26.502+0500][71.332s] GC(27)   Post Evacuate Collection Set: 0.5ms
[2021-01-20T22:15:26.503+0500][71.332s] GC(27)   Other: 0.2ms
[2021-01-20T22:15:26.503+0500][71.332s] GC(27) Eden regions: 302->0(302)
[2021-01-20T22:15:26.503+0500][71.332s] GC(27) Survivor regions: 5->5(39)
[2021-01-20T22:15:26.503+0500][71.332s] GC(27) Old regions: 38->38
[2021-01-20T22:15:26.503+0500][71.332s] GC(27) Archive regions: 2->2
[2021-01-20T22:15:26.503+0500][71.332s] GC(27) Humongous regions: 5->5
[2021-01-20T22:15:26.503+0500][71.332s] GC(27) Metaspace: 55625K(57216K)->55625K(57216K) NonClass: 49390K(50688K)->49390K(50688K) Class: 6235K(6528K)->6235K(6528K)
[2021-01-20T22:15:26.503+0500][71.332s] GC(27) Pause Young (Normal) (G1 Evacuation Pause) 349M->47M(512M) 1.741ms
[2021-01-20T22:15:26.503+0500][71.332s] GC(27) User=0.01s Sys=0.00s Real=0.00s
[2021-01-20T22:15:28.322+0500][73.152s] GC(28) Pause Young (Normal) (G1 Evacuation Pause)
[2021-01-20T22:15:28.322+0500][73.152s] GC(28) Using 13 workers of 13 for evacuation
[2021-01-20T22:15:28.324+0500][73.154s] GC(28)   Pre Evacuate Collection Set: 0.1ms
[2021-01-20T22:15:28.324+0500][73.154s] GC(28)   Merge Heap Roots: 0.1ms
[2021-01-20T22:15:28.324+0500][73.154s] GC(28)   Evacuate Collection Set: 1.0ms
[2021-01-20T22:15:28.324+0500][73.154s] GC(28)   Post Evacuate Collection Set: 0.9ms
[2021-01-20T22:15:28.324+0500][73.154s] GC(28)   Other: 0.2ms
[2021-01-20T22:15:28.324+0500][73.154s] GC(28) Eden regions: 302->0(302)
[2021-01-20T22:15:28.324+0500][73.154s] GC(28) Survivor regions: 5->5(39)
[2021-01-20T22:15:28.324+0500][73.154s] GC(28) Old regions: 38->38
[2021-01-20T22:15:28.324+0500][73.154s] GC(28) Archive regions: 2->2
[2021-01-20T22:15:28.324+0500][73.154s] GC(28) Humongous regions: 5->5
[2021-01-20T22:15:28.324+0500][73.154s] GC(28) Metaspace: 55681K(57216K)->55681K(57216K) NonClass: 49446K(50688K)->49446K(50688K) Class: 6235K(6528K)->6235K(6528K)
[2021-01-20T22:15:28.324+0500][73.154s] GC(28) Pause Young (Normal) (G1 Evacuation Pause) 349M->48M(512M) 2.426ms
[2021-01-20T22:15:28.324+0500][73.154s] GC(28) User=0.01s Sys=0.00s Real=0.00s
[2021-01-20T22:15:29.570+0500][74.399s] GC(29) Pause Young (Normal) (G1 Evacuation Pause)
[2021-01-20T22:15:29.588+0500][74.418s] GC(29) Using 13 workers of 13 for evacuation
[2021-01-20T22:15:29.590+0500][74.419s] GC(29)   Pre Evacuate Collection Set: 0.1ms
[2021-01-20T22:15:29.590+0500][74.420s] GC(29)   Merge Heap Roots: 0.1ms
[2021-01-20T22:15:29.590+0500][74.420s] GC(29)   Evacuate Collection Set: 0.9ms
[2021-01-20T22:15:29.590+0500][74.420s] GC(29)   Post Evacuate Collection Set: 0.5ms
[2021-01-20T22:15:29.590+0500][74.420s] GC(29)   Other: 18.6ms
[2021-01-20T22:15:29.590+0500][74.420s] GC(29) Eden regions: 302->0(300)
[2021-01-20T22:15:29.590+0500][74.420s] GC(29) Survivor regions: 5->7(39)
[2021-01-20T22:15:29.590+0500][74.420s] GC(29) Old regions: 38->38
[2021-01-20T22:15:29.590+0500][74.420s] GC(29) Archive regions: 2->2
[2021-01-20T22:15:29.590+0500][74.420s] GC(29) Humongous regions: 18->7
[2021-01-20T22:15:29.590+0500][74.420s] GC(29) Metaspace: 55723K(57472K)->55723K(57472K) NonClass: 49488K(50944K)->49488K(50944K) Class: 6235K(6528K)->6235K(6528K)
[2021-01-20T22:15:29.590+0500][74.420s] GC(29) Pause Young (Normal) (G1 Evacuation Pause) 363M->51M(512M) 20.282ms
[2021-01-20T22:15:29.590+0500][74.420s] GC(29) User=0.02s Sys=0.01s Real=0.02s
[2021-01-20T22:15:30.538+0500][75.368s] GC(30) Pause Young (Normal) (G1 Evacuation Pause)
[2021-01-20T22:15:30.538+0500][75.368s] GC(30) Using 13 workers of 13 for evacuation
[2021-01-20T22:15:30.539+0500][75.369s] GC(30)   Pre Evacuate Collection Set: 0.1ms
[2021-01-20T22:15:30.539+0500][75.369s] GC(30)   Merge Heap Roots: 0.1ms
[2021-01-20T22:15:30.540+0500][75.369s] GC(30)   Evacuate Collection Set: 0.8ms
[2021-01-20T22:15:30.540+0500][75.369s] GC(30)   Post Evacuate Collection Set: 0.5ms
[2021-01-20T22:15:30.540+0500][75.369s] GC(30)   Other: 0.1ms
[2021-01-20T22:15:30.540+0500][75.369s] GC(30) Eden regions: 300->0(303)
[2021-01-20T22:15:30.540+0500][75.369s] GC(30) Survivor regions: 7->4(39)
[2021-01-20T22:15:30.540+0500][75.369s] GC(30) Old regions: 38->38
[2021-01-20T22:15:30.540+0500][75.369s] GC(30) Archive regions: 2->2
[2021-01-20T22:15:30.540+0500][75.369s] GC(30) Humongous regions: 7->5
[2021-01-20T22:15:30.540+0500][75.369s] GC(30) Metaspace: 55760K(57472K)->55760K(57472K) NonClass: 49524K(50944K)->49524K(50944K) Class: 6235K(6528K)->6235K(6528K)
[2021-01-20T22:15:30.540+0500][75.369s] GC(30) Pause Young (Normal) (G1 Evacuation Pause) 351M->47M(512M) 1.683ms
[2021-01-20T22:15:30.540+0500][75.369s] GC(30) User=0.02s Sys=0.00s Real=0.01s
[2021-01-20T22:15:31.933+0500][76.763s] GC(31) Pause Young (Normal) (G1 Evacuation Pause)
[2021-01-20T22:15:31.933+0500][76.763s] GC(31) Using 13 workers of 13 for evacuation
[2021-01-20T22:15:31.935+0500][76.765s] GC(31)   Pre Evacuate Collection Set: 0.1ms
[2021-01-20T22:15:31.935+0500][76.765s] GC(31)   Merge Heap Roots: 0.1ms
[2021-01-20T22:15:31.935+0500][76.765s] GC(31)   Evacuate Collection Set: 0.6ms
[2021-01-20T22:15:31.935+0500][76.765s] GC(31)   Post Evacuate Collection Set: 1.0ms
[2021-01-20T22:15:31.935+0500][76.765s] GC(31)   Other: 0.3ms
[2021-01-20T22:15:31.935+0500][76.765s] GC(31) Eden regions: 303->0(305)
[2021-01-20T22:15:31.935+0500][76.765s] GC(31) Survivor regions: 4->2(39)
[2021-01-20T22:15:31.935+0500][76.765s] GC(31) Old regions: 38->38
[2021-01-20T22:15:31.935+0500][76.765s] GC(31) Archive regions: 2->2
[2021-01-20T22:15:31.935+0500][76.765s] GC(31) Humongous regions: 5->5
[2021-01-20T22:15:31.935+0500][76.765s] GC(31) Metaspace: 55785K(57472K)->55785K(57472K) NonClass: 49550K(50944K)->49550K(50944K) Class: 6235K(6528K)->6235K(6528K)
[2021-01-20T22:15:31.935+0500][76.765s] GC(31) Pause Young (Normal) (G1 Evacuation Pause) 350M->44M(512M) 2.191ms
[2021-01-20T22:15:31.935+0500][76.765s] GC(31) User=0.01s Sys=0.00s Real=0.00s
[2021-01-20T22:15:33.354+0500][78.184s] GC(32) Pause Young (Normal) (G1 Evacuation Pause)
[2021-01-20T22:15:33.354+0500][78.184s] GC(32) Using 13 workers of 13 for evacuation
[2021-01-20T22:15:33.355+0500][78.185s] GC(32)   Pre Evacuate Collection Set: 0.1ms
[2021-01-20T22:15:33.355+0500][78.185s] GC(32)   Merge Heap Roots: 0.1ms
[2021-01-20T22:15:33.355+0500][78.185s] GC(32)   Evacuate Collection Set: 0.6ms
[2021-01-20T22:15:33.356+0500][78.185s] GC(32)   Post Evacuate Collection Set: 0.5ms
[2021-01-20T22:15:33.356+0500][78.185s] GC(32)   Other: 0.1ms
[2021-01-20T22:15:33.356+0500][78.185s] GC(32) Eden regions: 305->0(304)
[2021-01-20T22:15:33.356+0500][78.185s] GC(32) Survivor regions: 2->3(39)
[2021-01-20T22:15:33.356+0500][78.185s] GC(32) Old regions: 38->38
[2021-01-20T22:15:33.356+0500][78.185s] GC(32) Archive regions: 2->2
[2021-01-20T22:15:33.356+0500][78.185s] GC(32) Humongous regions: 5->5
[2021-01-20T22:15:33.356+0500][78.185s] GC(32) Metaspace: 55797K(57472K)->55797K(57472K) NonClass: 49562K(50944K)->49562K(50944K) Class: 6235K(6528K)->6235K(6528K)
[2021-01-20T22:15:33.356+0500][78.185s] GC(32) Pause Young (Normal) (G1 Evacuation Pause) 349M->45M(512M) 1.459ms
[2021-01-20T22:15:33.356+0500][78.185s] GC(32) User=0.01s Sys=0.00s Real=0.00s
[2021-01-20T22:15:34.769+0500][79.598s] GC(33) Pause Young (Normal) (G1 Evacuation Pause)
[2021-01-20T22:15:34.769+0500][79.598s] GC(33) Using 13 workers of 13 for evacuation
[2021-01-20T22:15:34.770+0500][79.600s] GC(33)   Pre Evacuate Collection Set: 0.1ms
[2021-01-20T22:15:34.771+0500][79.600s] GC(33)   Merge Heap Roots: 0.1ms
[2021-01-20T22:15:34.771+0500][79.600s] GC(33)   Evacuate Collection Set: 0.6ms
[2021-01-20T22:15:34.771+0500][79.600s] GC(33)   Post Evacuate Collection Set: 0.9ms
[2021-01-20T22:15:34.771+0500][79.600s] GC(33)   Other: 0.2ms
[2021-01-20T22:15:34.771+0500][79.600s] GC(33) Eden regions: 304->0(304)
[2021-01-20T22:15:34.771+0500][79.600s] GC(33) Survivor regions: 3->3(39)
[2021-01-20T22:15:34.771+0500][79.600s] GC(33) Old regions: 38->38
[2021-01-20T22:15:34.771+0500][79.600s] GC(33) Archive regions: 2->2
[2021-01-20T22:15:34.771+0500][79.600s] GC(33) Humongous regions: 5->5
[2021-01-20T22:15:34.771+0500][79.600s] GC(33) Metaspace: 55802K(57472K)->55802K(57472K) NonClass: 49566K(50944K)->49566K(50944K) Class: 6235K(6528K)->6235K(6528K)
[2021-01-20T22:15:34.771+0500][79.600s] GC(33) Pause Young (Normal) (G1 Evacuation Pause) 349M->45M(512M) 2.096ms
[2021-01-20T22:15:34.771+0500][79.600s] GC(33) User=0.01s Sys=0.00s Real=0.01s
[2021-01-20T22:15:36.711+0500][81.541s] GC(34) Pause Young (Normal) (G1 Evacuation Pause)
[2021-01-20T22:15:36.711+0500][81.541s] GC(34) Using 13 workers of 13 for evacuation
[2021-01-20T22:15:36.713+0500][81.543s] GC(34)   Pre Evacuate Collection Set: 0.1ms
[2021-01-20T22:15:36.713+0500][81.543s] GC(34)   Merge Heap Roots: 0.1ms
[2021-01-20T22:15:36.713+0500][81.543s] GC(34)   Evacuate Collection Set: 0.8ms
[2021-01-20T22:15:36.713+0500][81.543s] GC(34)   Post Evacuate Collection Set: 0.8ms
[2021-01-20T22:15:36.713+0500][81.543s] GC(34)   Other: 0.2ms
[2021-01-20T22:15:36.713+0500][81.543s] GC(34) Eden regions: 304->0(303)
[2021-01-20T22:15:36.713+0500][81.543s] GC(34) Survivor regions: 3->4(39)
[2021-01-20T22:15:36.713+0500][81.543s] GC(34) Old regions: 38->38
[2021-01-20T22:15:36.713+0500][81.543s] GC(34) Archive regions: 2->2
[2021-01-20T22:15:36.713+0500][81.543s] GC(34) Humongous regions: 5->5
[2021-01-20T22:15:36.713+0500][81.543s] GC(34) Metaspace: 55809K(57472K)->55809K(57472K) NonClass: 49573K(50944K)->49573K(50944K) Class: 6235K(6528K)->6235K(6528K)
[2021-01-20T22:15:36.713+0500][81.543s] GC(34) Pause Young (Normal) (G1 Evacuation Pause) 349M->47M(512M) 2.056ms
[2021-01-20T22:15:36.713+0500][81.543s] GC(34) User=0.01s Sys=0.00s Real=0.00s
[2021-01-20T22:15:38.696+0500][83.526s] GC(35) Pause Young (Normal) (G1 Evacuation Pause)
[2021-01-20T22:15:38.696+0500][83.526s] GC(35) Using 13 workers of 13 for evacuation
[2021-01-20T22:15:38.698+0500][83.528s] GC(35)   Pre Evacuate Collection Set: 0.1ms
[2021-01-20T22:15:38.698+0500][83.528s] GC(35)   Merge Heap Roots: 0.1ms
[2021-01-20T22:15:38.698+0500][83.528s] GC(35)   Evacuate Collection Set: 0.6ms
[2021-01-20T22:15:38.698+0500][83.528s] GC(35)   Post Evacuate Collection Set: 0.5ms
[2021-01-20T22:15:38.698+0500][83.528s] GC(35)   Other: 0.1ms
[2021-01-20T22:15:38.698+0500][83.528s] GC(35) Eden regions: 303->0(304)
[2021-01-20T22:15:38.698+0500][83.528s] GC(35) Survivor regions: 4->3(39)
[2021-01-20T22:15:38.698+0500][83.528s] GC(35) Old regions: 38->38
[2021-01-20T22:15:38.698+0500][83.528s] GC(35) Archive regions: 2->2
[2021-01-20T22:15:38.698+0500][83.528s] GC(35) Humongous regions: 5->5
[2021-01-20T22:15:38.698+0500][83.528s] GC(35) Metaspace: 55814K(57472K)->55814K(57472K) NonClass: 49578K(50944K)->49578K(50944K) Class: 6235K(6528K)->6235K(6528K)
[2021-01-20T22:15:38.698+0500][83.528s] GC(35) Pause Young (Normal) (G1 Evacuation Pause) 350M->45M(512M) 1.471ms
[2021-01-20T22:15:38.698+0500][83.528s] GC(35) User=0.01s Sys=0.00s Real=0.00s
[2021-01-20T22:15:40.346+0500][85.176s] GC(36) Pause Young (Normal) (G1 Evacuation Pause)
[2021-01-20T22:15:40.346+0500][85.176s] GC(36) Using 13 workers of 13 for evacuation
[2021-01-20T22:15:40.347+0500][85.177s] GC(36)   Pre Evacuate Collection Set: 0.1ms
[2021-01-20T22:15:40.347+0500][85.177s] GC(36)   Merge Heap Roots: 0.1ms
[2021-01-20T22:15:40.347+0500][85.177s] GC(36)   Evacuate Collection Set: 0.6ms
[2021-01-20T22:15:40.347+0500][85.177s] GC(36)   Post Evacuate Collection Set: 0.4ms
[2021-01-20T22:15:40.347+0500][85.177s] GC(36)   Other: 0.1ms
[2021-01-20T22:15:40.347+0500][85.177s] GC(36) Eden regions: 304->0(304)
[2021-01-20T22:15:40.347+0500][85.177s] GC(36) Survivor regions: 3->3(39)
[2021-01-20T22:15:40.347+0500][85.177s] GC(36) Old regions: 38->38
[2021-01-20T22:15:40.347+0500][85.177s] GC(36) Archive regions: 2->2
[2021-01-20T22:15:40.347+0500][85.177s] GC(36) Humongous regions: 6->5
[2021-01-20T22:15:40.347+0500][85.177s] GC(36) Metaspace: 55817K(57472K)->55817K(57472K) NonClass: 49582K(50944K)->49582K(50944K) Class: 6235K(6528K)->6235K(6528K)
[2021-01-20T22:15:40.347+0500][85.177s] GC(36) Pause Young (Normal) (G1 Evacuation Pause) 350M->46M(512M) 1.416ms
[2021-01-20T22:15:40.347+0500][85.177s] GC(36) User=0.01s Sys=0.00s Real=0.00s
[2021-01-20T22:15:42.049+0500][86.879s] GC(37) Pause Young (Normal) (G1 Evacuation Pause)
[2021-01-20T22:15:42.049+0500][86.879s] GC(37) Using 13 workers of 13 for evacuation
[2021-01-20T22:15:42.051+0500][86.881s] GC(37)   Pre Evacuate Collection Set: 0.1ms
[2021-01-20T22:15:42.051+0500][86.881s] GC(37)   Merge Heap Roots: 0.1ms
[2021-01-20T22:15:42.051+0500][86.881s] GC(37)   Evacuate Collection Set: 1.2ms
[2021-01-20T22:15:42.051+0500][86.881s] GC(37)   Post Evacuate Collection Set: 0.6ms
[2021-01-20T22:15:42.051+0500][86.881s] GC(37)   Other: 0.1ms
[2021-01-20T22:15:42.051+0500][86.881s] GC(37) Eden regions: 304->0(300)
[2021-01-20T22:15:42.051+0500][86.881s] GC(37) Survivor regions: 3->7(39)
[2021-01-20T22:15:42.051+0500][86.881s] GC(37) Old regions: 38->38
[2021-01-20T22:15:42.051+0500][86.881s] GC(37) Archive regions: 2->2
[2021-01-20T22:15:42.051+0500][86.881s] GC(37) Humongous regions: 6->5
[2021-01-20T22:15:42.051+0500][86.881s] GC(37) Metaspace: 55821K(57472K)->55821K(57472K) NonClass: 49585K(50944K)->49585K(50944K) Class: 6235K(6528K)->6235K(6528K)
[2021-01-20T22:15:42.051+0500][86.881s] GC(37) Pause Young (Normal) (G1 Evacuation Pause) 351M->49M(512M) 2.242ms
[2021-01-20T22:15:42.051+0500][86.881s] GC(37) User=0.01s Sys=0.00s Real=0.01s
[2021-01-20T22:15:42.568+0500][87.398s] GC(38) Pause Young (Normal) (G1 Evacuation Pause)
[2021-01-20T22:15:42.568+0500][87.398s] GC(38) Using 13 workers of 13 for evacuation
[2021-01-20T22:15:42.570+0500][87.399s] GC(38)   Pre Evacuate Collection Set: 0.1ms
[2021-01-20T22:15:42.570+0500][87.399s] GC(38)   Merge Heap Roots: 0.1ms
[2021-01-20T22:15:42.570+0500][87.399s] GC(38)   Evacuate Collection Set: 0.9ms
[2021-01-20T22:15:42.570+0500][87.399s] GC(38)   Post Evacuate Collection Set: 0.4ms
[2021-01-20T22:15:42.570+0500][87.399s] GC(38)   Other: 0.1ms
[2021-01-20T22:15:42.570+0500][87.399s] GC(38) Eden regions: 300->0(301)
[2021-01-20T22:15:42.570+0500][87.399s] GC(38) Survivor regions: 7->6(39)
[2021-01-20T22:15:42.570+0500][87.399s] GC(38) Old regions: 38->39
[2021-01-20T22:15:42.570+0500][87.399s] GC(38) Archive regions: 2->2
[2021-01-20T22:15:42.570+0500][87.399s] GC(38) Humongous regions: 30->9
[2021-01-20T22:15:42.570+0500][87.399s] GC(38) Metaspace: 55825K(57472K)->55825K(57472K) NonClass: 49589K(50944K)->49589K(50944K) Class: 6235K(6528K)->6235K(6528K)
[2021-01-20T22:15:42.570+0500][87.399s] GC(38) Pause Young (Normal) (G1 Evacuation Pause) 374M->53M(512M) 1.723ms
[2021-01-20T22:15:42.570+0500][87.399s] GC(38) User=0.01s Sys=0.00s Real=0.01s
[2021-01-20T22:15:43.694+0500][88.524s] GC(39) Pause Young (Normal) (G1 Evacuation Pause)
[2021-01-20T22:15:43.694+0500][88.524s] GC(39) Using 13 workers of 13 for evacuation
[2021-01-20T22:15:43.696+0500][88.526s] GC(39)   Pre Evacuate Collection Set: 0.1ms
[2021-01-20T22:15:43.696+0500][88.526s] GC(39)   Merge Heap Roots: 0.1ms
[2021-01-20T22:15:43.696+0500][88.526s] GC(39)   Evacuate Collection Set: 0.8ms
[2021-01-20T22:15:43.696+0500][88.526s] GC(39)   Post Evacuate Collection Set: 0.5ms
[2021-01-20T22:15:43.696+0500][88.526s] GC(39)   Other: 0.1ms
[2021-01-20T22:15:43.696+0500][88.526s] GC(39) Eden regions: 301->0(301)
[2021-01-20T22:15:43.696+0500][88.526s] GC(39) Survivor regions: 6->6(39)
[2021-01-20T22:15:43.696+0500][88.526s] GC(39) Old regions: 39->39
[2021-01-20T22:15:43.696+0500][88.526s] GC(39) Archive regions: 2->2
[2021-01-20T22:15:43.696+0500][88.526s] GC(39) Humongous regions: 9->9
[2021-01-20T22:15:43.696+0500][88.526s] GC(39) Metaspace: 55833K(57472K)->55833K(57472K) NonClass: 49597K(50944K)->49597K(50944K) Class: 6235K(6528K)->6235K(6528K)
[2021-01-20T22:15:43.696+0500][88.526s] GC(39) Pause Young (Normal) (G1 Evacuation Pause) 354M->53M(512M) 1.670ms
[2021-01-20T22:15:43.696+0500][88.526s] GC(39) User=0.01s Sys=0.00s Real=0.00s
[2021-01-20T22:15:44.180+0500][89.009s] GC(40) Pause Young (Normal) (G1 Evacuation Pause)
[2021-01-20T22:15:44.180+0500][89.009s] GC(40) Using 13 workers of 13 for evacuation
[2021-01-20T22:15:44.181+0500][89.011s] GC(40)   Pre Evacuate Collection Set: 0.1ms
[2021-01-20T22:15:44.181+0500][89.011s] GC(40)   Merge Heap Roots: 0.1ms
[2021-01-20T22:15:44.181+0500][89.011s] GC(40)   Evacuate Collection Set: 0.8ms
[2021-01-20T22:15:44.181+0500][89.011s] GC(40)   Post Evacuate Collection Set: 0.3ms
[2021-01-20T22:15:44.181+0500][89.011s] GC(40)   Other: 0.1ms
[2021-01-20T22:15:44.181+0500][89.011s] GC(40) Eden regions: 301->0(301)
[2021-01-20T22:15:44.181+0500][89.011s] GC(40) Survivor regions: 6->6(39)
[2021-01-20T22:15:44.181+0500][89.011s] GC(40) Old regions: 39->39
[2021-01-20T22:15:44.181+0500][89.011s] GC(40) Archive regions: 2->2
[2021-01-20T22:15:44.181+0500][89.011s] GC(40) Humongous regions: 9->9
[2021-01-20T22:15:44.181+0500][89.011s] GC(40) Metaspace: 55848K(57472K)->55848K(57472K) NonClass: 49612K(50944K)->49612K(50944K) Class: 6235K(6528K)->6235K(6528K)
[2021-01-20T22:15:44.181+0500][89.011s] GC(40) Pause Young (Normal) (G1 Evacuation Pause) 354M->53M(512M) 1.547ms
[2021-01-20T22:15:44.181+0500][89.011s] GC(40) User=0.02s Sys=0.00s Real=0.00s
[2021-01-20T22:15:45.721+0500][90.550s] GC(41) Pause Young (Normal) (G1 Evacuation Pause)
[2021-01-20T22:15:45.721+0500][90.550s] GC(41) Using 13 workers of 13 for evacuation
[2021-01-20T22:15:45.722+0500][90.552s] GC(41)   Pre Evacuate Collection Set: 0.1ms
[2021-01-20T22:15:45.722+0500][90.552s] GC(41)   Merge Heap Roots: 0.1ms
[2021-01-20T22:15:45.722+0500][90.552s] GC(41)   Evacuate Collection Set: 0.9ms
[2021-01-20T22:15:45.722+0500][90.552s] GC(41)   Post Evacuate Collection Set: 0.5ms
[2021-01-20T22:15:45.722+0500][90.552s] GC(41)   Other: 0.1ms
[2021-01-20T22:15:45.722+0500][90.552s] GC(41) Eden regions: 301->0(301)
[2021-01-20T22:15:45.722+0500][90.552s] GC(41) Survivor regions: 6->6(39)
[2021-01-20T22:15:45.722+0500][90.552s] GC(41) Old regions: 39->39
[2021-01-20T22:15:45.722+0500][90.552s] GC(41) Archive regions: 2->2
[2021-01-20T22:15:45.722+0500][90.552s] GC(41) Humongous regions: 10->5
[2021-01-20T22:15:45.722+0500][90.552s] GC(41) Metaspace: 55858K(57472K)->55858K(57472K) NonClass: 49622K(50944K)->49622K(50944K) Class: 6235K(6528K)->6235K(6528K)
[2021-01-20T22:15:45.722+0500][90.552s] GC(41) Pause Young (Normal) (G1 Evacuation Pause) 355M->49M(512M) 1.775ms
[2021-01-20T22:15:45.722+0500][90.552s] GC(41) User=0.02s Sys=0.00s Real=0.00s
[2021-01-20T22:15:46.903+0500][91.733s] GC(42) Pause Young (Normal) (G1 Evacuation Pause)
[2021-01-20T22:15:46.904+0500][91.734s] GC(42) Using 13 workers of 13 for evacuation
[2021-01-20T22:15:46.906+0500][91.736s] GC(42)   Pre Evacuate Collection Set: 0.1ms
[2021-01-20T22:15:46.906+0500][91.736s] GC(42)   Merge Heap Roots: 0.1ms
[2021-01-20T22:15:46.906+0500][91.736s] GC(42)   Evacuate Collection Set: 0.8ms
[2021-01-20T22:15:46.906+0500][91.736s] GC(42)   Post Evacuate Collection Set: 0.8ms
[2021-01-20T22:15:46.906+0500][91.736s] GC(42)   Other: 0.9ms
[2021-01-20T22:15:46.906+0500][91.736s] GC(42) Eden regions: 301->0(304)
[2021-01-20T22:15:46.906+0500][91.736s] GC(42) Survivor regions: 6->3(39)
[2021-01-20T22:15:46.906+0500][91.736s] GC(42) Old regions: 39->39
[2021-01-20T22:15:46.906+0500][91.736s] GC(42) Archive regions: 2->2
[2021-01-20T22:15:46.906+0500][91.736s] GC(42) Humongous regions: 5->5
[2021-01-20T22:15:46.906+0500][91.736s] GC(42) Metaspace: 55862K(57472K)->55862K(57472K) NonClass: 49626K(50944K)->49626K(50944K) Class: 6235K(6528K)->6235K(6528K)
[2021-01-20T22:15:46.906+0500][91.736s] GC(42) Pause Young (Normal) (G1 Evacuation Pause) 350M->46M(512M) 2.812ms
[2021-01-20T22:15:46.906+0500][91.736s] GC(42) User=0.01s Sys=0.00s Real=0.00s
[2021-01-20T22:15:48.312+0500][93.141s] GC(43) Pause Young (Normal) (G1 Evacuation Pause)
[2021-01-20T22:15:48.312+0500][93.141s] GC(43) Using 13 workers of 13 for evacuation
[2021-01-20T22:15:48.313+0500][93.143s] GC(43)   Pre Evacuate Collection Set: 0.1ms
[2021-01-20T22:15:48.314+0500][93.143s] GC(43)   Merge Heap Roots: 0.1ms
[2021-01-20T22:15:48.314+0500][93.143s] GC(43)   Evacuate Collection Set: 0.7ms
[2021-01-20T22:15:48.314+0500][93.143s] GC(43)   Post Evacuate Collection Set: 0.8ms
[2021-01-20T22:15:48.314+0500][93.143s] GC(43)   Other: 0.2ms
[2021-01-20T22:15:48.314+0500][93.143s] GC(43) Eden regions: 304->0(304)
[2021-01-20T22:15:48.314+0500][93.143s] GC(43) Survivor regions: 3->3(39)
[2021-01-20T22:15:48.314+0500][93.143s] GC(43) Old regions: 39->39
[2021-01-20T22:15:48.314+0500][93.143s] GC(43) Archive regions: 2->2
[2021-01-20T22:15:48.314+0500][93.143s] GC(43) Humongous regions: 5->5
[2021-01-20T22:15:48.314+0500][93.143s] GC(43) Metaspace: 55865K(57472K)->55865K(57472K) NonClass: 49629K(50944K)->49629K(50944K) Class: 6235K(6528K)->6235K(6528K)
[2021-01-20T22:15:48.314+0500][93.143s] GC(43) Pause Young (Normal) (G1 Evacuation Pause) 350M->46M(512M) 2.014ms
[2021-01-20T22:15:48.314+0500][93.143s] GC(43) User=0.01s Sys=0.00s Real=0.00s
[2021-01-20T22:15:49.463+0500][94.293s] GC(44) Pause Young (Normal) (G1 Evacuation Pause)
[2021-01-20T22:15:49.463+0500][94.293s] GC(44) Using 13 workers of 13 for evacuation
[2021-01-20T22:15:49.465+0500][94.295s] GC(44)   Pre Evacuate Collection Set: 0.1ms
[2021-01-20T22:15:49.465+0500][94.295s] GC(44)   Merge Heap Roots: 0.1ms
[2021-01-20T22:15:49.465+0500][94.295s] GC(44)   Evacuate Collection Set: 0.7ms
[2021-01-20T22:15:49.465+0500][94.295s] GC(44)   Post Evacuate Collection Set: 0.9ms
[2021-01-20T22:15:49.465+0500][94.295s] GC(44)   Other: 0.2ms
[2021-01-20T22:15:49.465+0500][94.295s] GC(44) Eden regions: 304->0(304)
[2021-01-20T22:15:49.465+0500][94.295s] GC(44) Survivor regions: 3->3(39)
[2021-01-20T22:15:49.465+0500][94.295s] GC(44) Old regions: 39->39
[2021-01-20T22:15:49.465+0500][94.295s] GC(44) Archive regions: 2->2
[2021-01-20T22:15:49.465+0500][94.295s] GC(44) Humongous regions: 5->5
[2021-01-20T22:15:49.465+0500][94.295s] GC(44) Metaspace: 55869K(57472K)->55869K(57472K) NonClass: 49634K(50944K)->49634K(50944K) Class: 6235K(6528K)->6235K(6528K)
[2021-01-20T22:15:49.465+0500][94.295s] GC(44) Pause Young (Normal) (G1 Evacuation Pause) 350M->46M(512M) 2.191ms
[2021-01-20T22:15:49.465+0500][94.295s] GC(44) User=0.00s Sys=0.00s Real=0.00s
[2021-01-20T22:15:50.645+0500][95.475s] GC(45) Pause Young (Normal) (G1 Evacuation Pause)
[2021-01-20T22:15:50.645+0500][95.475s] GC(45) Using 13 workers of 13 for evacuation
[2021-01-20T22:15:50.647+0500][95.477s] GC(45)   Pre Evacuate Collection Set: 0.1ms
[2021-01-20T22:15:50.647+0500][95.477s] GC(45)   Merge Heap Roots: 0.1ms
[2021-01-20T22:15:50.647+0500][95.477s] GC(45)   Evacuate Collection Set: 0.7ms
[2021-01-20T22:15:50.647+0500][95.477s] GC(45)   Post Evacuate Collection Set: 0.7ms
[2021-01-20T22:15:50.647+0500][95.477s] GC(45)   Other: 0.2ms
[2021-01-20T22:15:50.647+0500][95.477s] GC(45) Eden regions: 304->0(303)
[2021-01-20T22:15:50.647+0500][95.477s] GC(45) Survivor regions: 3->4(39)
[2021-01-20T22:15:50.647+0500][95.477s] GC(45) Old regions: 39->39
[2021-01-20T22:15:50.647+0500][95.477s] GC(45) Archive regions: 2->2
[2021-01-20T22:15:50.647+0500][95.477s] GC(45) Humongous regions: 5->5
[2021-01-20T22:15:50.647+0500][95.477s] GC(45) Metaspace: 55879K(57472K)->55879K(57472K) NonClass: 49643K(50944K)->49643K(50944K) Class: 6235K(6528K)->6235K(6528K)
[2021-01-20T22:15:50.647+0500][95.477s] GC(45) Pause Young (Normal) (G1 Evacuation Pause) 350M->47M(512M) 1.895ms
[2021-01-20T22:15:50.647+0500][95.477s] GC(45) User=0.01s Sys=0.00s Real=0.00s
[2021-01-20T22:15:51.818+0500][96.647s] GC(46) Pause Young (Normal) (G1 Evacuation Pause)
[2021-01-20T22:15:51.818+0500][96.647s] GC(46) Using 13 workers of 13 for evacuation
[2021-01-20T22:15:51.819+0500][96.649s] GC(46)   Pre Evacuate Collection Set: 0.1ms
[2021-01-20T22:15:51.819+0500][96.649s] GC(46)   Merge Heap Roots: 0.1ms
[2021-01-20T22:15:51.819+0500][96.649s] GC(46)   Evacuate Collection Set: 0.8ms
[2021-01-20T22:15:51.819+0500][96.649s] GC(46)   Post Evacuate Collection Set: 0.6ms
[2021-01-20T22:15:51.819+0500][96.649s] GC(46)   Other: 0.1ms
[2021-01-20T22:15:51.819+0500][96.649s] GC(46) Eden regions: 303->0(301)
[2021-01-20T22:15:51.819+0500][96.649s] GC(46) Survivor regions: 4->6(39)
[2021-01-20T22:15:51.819+0500][96.649s] GC(46) Old regions: 39->39
[2021-01-20T22:15:51.819+0500][96.649s] GC(46) Archive regions: 2->2
[2021-01-20T22:15:51.819+0500][96.649s] GC(46) Humongous regions: 9->6
[2021-01-20T22:15:51.819+0500][96.649s] GC(46) Metaspace: 55891K(57472K)->55891K(57472K) NonClass: 49656K(50944K)->49656K(50944K) Class: 6235K(6528K)->6235K(6528K)
[2021-01-20T22:15:51.819+0500][96.649s] GC(46) Pause Young (Normal) (G1 Evacuation Pause) 354M->50M(512M) 1.786ms
[2021-01-20T22:15:51.819+0500][96.649s] GC(46) User=0.01s Sys=0.00s Real=0.00s
[2021-01-20T22:15:52.284+0500][97.113s] GC(47) Pause Young (Normal) (G1 Evacuation Pause)
[2021-01-20T22:15:52.284+0500][97.113s] GC(47) Using 13 workers of 13 for evacuation
[2021-01-20T22:15:52.286+0500][97.116s] GC(47)   Pre Evacuate Collection Set: 0.1ms
[2021-01-20T22:15:52.286+0500][97.116s] GC(47)   Merge Heap Roots: 0.1ms
[2021-01-20T22:15:52.286+0500][97.116s] GC(47)   Evacuate Collection Set: 1.3ms
[2021-01-20T22:15:52.286+0500][97.116s] GC(47)   Post Evacuate Collection Set: 0.6ms
[2021-01-20T22:15:52.286+0500][97.116s] GC(47)   Other: 0.4ms
[2021-01-20T22:15:52.286+0500][97.116s] GC(47) Eden regions: 301->0(300)
[2021-01-20T22:15:52.286+0500][97.116s] GC(47) Survivor regions: 6->7(39)
[2021-01-20T22:15:52.286+0500][97.116s] GC(47) Old regions: 39->39
[2021-01-20T22:15:52.286+0500][97.116s] GC(47) Archive regions: 2->2
[2021-01-20T22:15:52.286+0500][97.116s] GC(47) Humongous regions: 6->5
[2021-01-20T22:15:52.286+0500][97.116s] GC(47) Metaspace: 55917K(57472K)->55917K(57472K) NonClass: 49681K(50944K)->49681K(50944K) Class: 6236K(6528K)->6236K(6528K)
[2021-01-20T22:15:52.286+0500][97.116s] GC(47) Pause Young (Normal) (G1 Evacuation Pause) 351M->50M(512M) 2.565ms
[2021-01-20T22:15:52.286+0500][97.116s] GC(47) User=0.02s Sys=0.00s Real=0.00s
[2021-01-20T22:15:53.478+0500][98.307s] GC(48) Pause Young (Normal) (G1 Evacuation Pause)
[2021-01-20T22:15:53.478+0500][98.307s] GC(48) Using 13 workers of 13 for evacuation
[2021-01-20T22:15:53.479+0500][98.309s] GC(48)   Pre Evacuate Collection Set: 0.1ms
[2021-01-20T22:15:53.479+0500][98.309s] GC(48)   Merge Heap Roots: 0.1ms
[2021-01-20T22:15:53.479+0500][98.309s] GC(48)   Evacuate Collection Set: 1.0ms
[2021-01-20T22:15:53.480+0500][98.309s] GC(48)   Post Evacuate Collection Set: 0.5ms
[2021-01-20T22:15:53.480+0500][98.309s] GC(48)   Other: 0.1ms
[2021-01-20T22:15:53.480+0500][98.309s] GC(48) Eden regions: 300->0(300)
[2021-01-20T22:15:53.480+0500][98.309s] GC(48) Survivor regions: 7->7(39)
[2021-01-20T22:15:53.480+0500][98.309s] GC(48) Old regions: 39->39
[2021-01-20T22:15:53.480+0500][98.309s] GC(48) Archive regions: 2->2
[2021-01-20T22:15:53.480+0500][98.309s] GC(48) Humongous regions: 5->5
[2021-01-20T22:15:53.480+0500][98.309s] GC(48) Metaspace: 55931K(57472K)->55931K(57472K) NonClass: 49694K(50944K)->49694K(50944K) Class: 6236K(6528K)->6236K(6528K)
[2021-01-20T22:15:53.480+0500][98.309s] GC(48) Pause Young (Normal) (G1 Evacuation Pause) 350M->50M(512M) 1.867ms
[2021-01-20T22:15:53.480+0500][98.309s] GC(48) User=0.02s Sys=0.00s Real=0.01s
[2021-01-20T22:15:54.615+0500][99.445s] GC(49) Pause Young (Normal) (G1 Evacuation Pause)
[2021-01-20T22:15:54.615+0500][99.445s] GC(49) Using 13 workers of 13 for evacuation
[2021-01-20T22:15:54.617+0500][99.446s] GC(49)   Pre Evacuate Collection Set: 0.1ms
[2021-01-20T22:15:54.617+0500][99.446s] GC(49)   Merge Heap Roots: 0.1ms
[2021-01-20T22:15:54.617+0500][99.446s] GC(49)   Evacuate Collection Set: 0.8ms
[2021-01-20T22:15:54.617+0500][99.446s] GC(49)   Post Evacuate Collection Set: 0.5ms
[2021-01-20T22:15:54.617+0500][99.446s] GC(49)   Other: 0.1ms
[2021-01-20T22:15:54.617+0500][99.446s] GC(49) Eden regions: 300->0(302)
[2021-01-20T22:15:54.617+0500][99.446s] GC(49) Survivor regions: 7->5(39)
[2021-01-20T22:15:54.617+0500][99.446s] GC(49) Old regions: 39->39
[2021-01-20T22:15:54.617+0500][99.446s] GC(49) Archive regions: 2->2
[2021-01-20T22:15:54.617+0500][99.446s] GC(49) Humongous regions: 5->5
[2021-01-20T22:15:54.617+0500][99.446s] GC(49) Metaspace: 55938K(57472K)->55938K(57472K) NonClass: 49701K(50944K)->49701K(50944K) Class: 6236K(6528K)->6236K(6528K)
[2021-01-20T22:15:54.617+0500][99.447s] GC(49) Pause Young (Normal) (G1 Evacuation Pause) 350M->48M(512M) 1.735ms
[2021-01-20T22:15:54.617+0500][99.447s] GC(49) User=0.01s Sys=0.00s Real=0.00s
[2021-01-20T22:15:55.690+0500][100.520s] GC(50) Pause Young (Normal) (G1 Evacuation Pause)
[2021-01-20T22:15:55.690+0500][100.520s] GC(50) Using 13 workers of 13 for evacuation
[2021-01-20T22:15:55.692+0500][100.521s] GC(50)   Pre Evacuate Collection Set: 0.1ms
[2021-01-20T22:15:55.692+0500][100.521s] GC(50)   Merge Heap Roots: 0.1ms
[2021-01-20T22:15:55.692+0500][100.521s] GC(50)   Evacuate Collection Set: 0.7ms
[2021-01-20T22:15:55.692+0500][100.521s] GC(50)   Post Evacuate Collection Set: 0.4ms
[2021-01-20T22:15:55.692+0500][100.521s] GC(50)   Other: 0.1ms
[2021-01-20T22:15:55.692+0500][100.521s] GC(50) Eden regions: 302->0(302)
[2021-01-20T22:15:55.692+0500][100.521s] GC(50) Survivor regions: 5->5(39)
[2021-01-20T22:15:55.692+0500][100.521s] GC(50) Old regions: 39->39
[2021-01-20T22:15:55.692+0500][100.521s] GC(50) Archive regions: 2->2
[2021-01-20T22:15:55.692+0500][100.521s] GC(50) Humongous regions: 5->5
[2021-01-20T22:15:55.692+0500][100.521s] GC(50) Metaspace: 55961K(57472K)->55961K(57472K) NonClass: 49724K(50944K)->49724K(50944K) Class: 6236K(6528K)->6236K(6528K)
[2021-01-20T22:15:55.692+0500][100.521s] GC(50) Pause Young (Normal) (G1 Evacuation Pause) 350M->48M(512M) 1.519ms
[2021-01-20T22:15:55.692+0500][100.521s] GC(50) User=0.01s Sys=0.00s Real=0.00s
[2021-01-20T22:15:56.867+0500][101.696s] GC(51) Pause Young (Normal) (G1 Evacuation Pause)
[2021-01-20T22:15:56.867+0500][101.696s] GC(51) Using 13 workers of 13 for evacuation
[2021-01-20T22:15:56.869+0500][101.698s] GC(51)   Pre Evacuate Collection Set: 0.1ms
[2021-01-20T22:15:56.869+0500][101.699s] GC(51)   Merge Heap Roots: 0.1ms
[2021-01-20T22:15:56.869+0500][101.699s] GC(51)   Evacuate Collection Set: 0.8ms
[2021-01-20T22:15:56.869+0500][101.699s] GC(51)   Post Evacuate Collection Set: 1.0ms
[2021-01-20T22:15:56.869+0500][101.699s] GC(51)   Other: 0.2ms
[2021-01-20T22:15:56.869+0500][101.699s] GC(51) Eden regions: 302->0(303)
[2021-01-20T22:15:56.869+0500][101.699s] GC(51) Survivor regions: 5->4(39)
[2021-01-20T22:15:56.869+0500][101.699s] GC(51) Old regions: 39->39
[2021-01-20T22:15:56.869+0500][101.699s] GC(51) Archive regions: 2->2
[2021-01-20T22:15:56.869+0500][101.699s] GC(51) Humongous regions: 5->5
[2021-01-20T22:15:56.869+0500][101.699s] GC(51) Metaspace: 55975K(57728K)->55975K(57728K) NonClass: 49738K(51200K)->49738K(51200K) Class: 6236K(6528K)->6236K(6528K)
[2021-01-20T22:15:56.869+0500][101.699s] GC(51) Pause Young (Normal) (G1 Evacuation Pause) 350M->47M(512M) 2.407ms
[2021-01-20T22:15:56.869+0500][101.699s] GC(51) User=0.02s Sys=0.00s Real=0.00s
[2021-01-20T22:15:57.988+0500][102.817s] GC(52) Pause Young (Normal) (G1 Evacuation Pause)
[2021-01-20T22:15:57.988+0500][102.817s] GC(52) Using 13 workers of 13 for evacuation
[2021-01-20T22:15:57.989+0500][102.819s] GC(52)   Pre Evacuate Collection Set: 0.1ms
[2021-01-20T22:15:57.989+0500][102.819s] GC(52)   Merge Heap Roots: 0.1ms
[2021-01-20T22:15:57.989+0500][102.819s] GC(52)   Evacuate Collection Set: 0.8ms
[2021-01-20T22:15:57.989+0500][102.819s] GC(52)   Post Evacuate Collection Set: 0.5ms
[2021-01-20T22:15:57.989+0500][102.819s] GC(52)   Other: 0.2ms
[2021-01-20T22:15:57.989+0500][102.819s] GC(52) Eden regions: 303->0(303)
[2021-01-20T22:15:57.989+0500][102.819s] GC(52) Survivor regions: 4->4(39)
[2021-01-20T22:15:57.989+0500][102.819s] GC(52) Old regions: 39->39
[2021-01-20T22:15:57.989+0500][102.819s] GC(52) Archive regions: 2->2
[2021-01-20T22:15:57.989+0500][102.819s] GC(52) Humongous regions: 5->5
[2021-01-20T22:15:57.989+0500][102.819s] GC(52) Metaspace: 55975K(57728K)->55975K(57728K) NonClass: 49738K(51200K)->49738K(51200K) Class: 6236K(6528K)->6236K(6528K)
[2021-01-20T22:15:57.989+0500][102.819s] GC(52) Pause Young (Normal) (G1 Evacuation Pause) 350M->47M(512M) 1.758ms
[2021-01-20T22:15:57.989+0500][102.819s] GC(52) User=0.01s Sys=0.00s Real=0.00s
[2021-01-20T22:15:59.110+0500][103.940s] GC(53) Pause Young (Normal) (G1 Evacuation Pause)
[2021-01-20T22:15:59.110+0500][103.940s] GC(53) Using 13 workers of 13 for evacuation
[2021-01-20T22:15:59.112+0500][103.941s] GC(53)   Pre Evacuate Collection Set: 0.1ms
[2021-01-20T22:15:59.112+0500][103.941s] GC(53)   Merge Heap Roots: 0.1ms
[2021-01-20T22:15:59.112+0500][103.941s] GC(53)   Evacuate Collection Set: 0.8ms
[2021-01-20T22:15:59.112+0500][103.941s] GC(53)   Post Evacuate Collection Set: 0.4ms
[2021-01-20T22:15:59.112+0500][103.941s] GC(53)   Other: 0.1ms
[2021-01-20T22:15:59.112+0500][103.941s] GC(53) Eden regions: 303->0(302)
[2021-01-20T22:15:59.112+0500][103.941s] GC(53) Survivor regions: 4->5(39)
[2021-01-20T22:15:59.112+0500][103.941s] GC(53) Old regions: 39->39
[2021-01-20T22:15:59.112+0500][103.941s] GC(53) Archive regions: 2->2
[2021-01-20T22:15:59.112+0500][103.941s] GC(53) Humongous regions: 5->5
[2021-01-20T22:15:59.112+0500][103.941s] GC(53) Metaspace: 55975K(57728K)->55975K(57728K) NonClass: 49738K(51200K)->49738K(51200K) Class: 6236K(6528K)->6236K(6528K)
[2021-01-20T22:15:59.112+0500][103.941s] GC(53) Pause Young (Normal) (G1 Evacuation Pause) 350M->49M(512M) 1.564ms
[2021-01-20T22:15:59.112+0500][103.941s] GC(53) User=0.01s Sys=0.00s Real=0.00s
[2021-01-20T22:15:59.695+0500][104.524s] GC(54) Pause Young (Normal) (G1 Evacuation Pause)
[2021-01-20T22:15:59.695+0500][104.524s] GC(54) Using 13 workers of 13 for evacuation
[2021-01-20T22:15:59.696+0500][104.526s] GC(54)   Pre Evacuate Collection Set: 0.1ms
[2021-01-20T22:15:59.696+0500][104.526s] GC(54)   Merge Heap Roots: 0.1ms
[2021-01-20T22:15:59.696+0500][104.526s] GC(54)   Evacuate Collection Set: 0.9ms
[2021-01-20T22:15:59.696+0500][104.526s] GC(54)   Post Evacuate Collection Set: 0.4ms
[2021-01-20T22:15:59.696+0500][104.526s] GC(54)   Other: 0.1ms
[2021-01-20T22:15:59.696+0500][104.526s] GC(54) Eden regions: 302->0(300)
[2021-01-20T22:15:59.696+0500][104.526s] GC(54) Survivor regions: 5->7(39)
[2021-01-20T22:15:59.696+0500][104.526s] GC(54) Old regions: 39->39
[2021-01-20T22:15:59.696+0500][104.526s] GC(54) Archive regions: 2->2
[2021-01-20T22:15:59.696+0500][104.526s] GC(54) Humongous regions: 5->5
[2021-01-20T22:15:59.696+0500][104.526s] GC(54) Metaspace: 55979K(57728K)->55979K(57728K) NonClass: 49742K(51200K)->49742K(51200K) Class: 6236K(6528K)->6236K(6528K)
[2021-01-20T22:15:59.696+0500][104.526s] GC(54) Pause Young (Normal) (G1 Evacuation Pause) 351M->50M(512M) 1.605ms
[2021-01-20T22:15:59.696+0500][104.526s] GC(54) User=0.01s Sys=0.00s Real=0.00s
[2021-01-20T22:16:01.112+0500][105.941s] GC(55) Pause Young (Normal) (G1 Evacuation Pause)
[2021-01-20T22:16:01.112+0500][105.942s] GC(55) Using 13 workers of 13 for evacuation
[2021-01-20T22:16:01.114+0500][105.944s] GC(55)   Pre Evacuate Collection Set: 0.1ms
[2021-01-20T22:16:01.115+0500][105.944s] GC(55)   Merge Heap Roots: 0.1ms
[2021-01-20T22:16:01.115+0500][105.944s] GC(55)   Evacuate Collection Set: 1.0ms
[2021-01-20T22:16:01.115+0500][105.944s] GC(55)   Post Evacuate Collection Set: 0.9ms
[2021-01-20T22:16:01.115+0500][105.944s] GC(55)   Other: 0.6ms
[2021-01-20T22:16:01.115+0500][105.944s] GC(55) Eden regions: 300->0(302)
[2021-01-20T22:16:01.115+0500][105.944s] GC(55) Survivor regions: 7->5(39)
[2021-01-20T22:16:01.115+0500][105.944s] GC(55) Old regions: 39->39
[2021-01-20T22:16:01.115+0500][105.944s] GC(55) Archive regions: 2->2
[2021-01-20T22:16:01.115+0500][105.944s] GC(55) Humongous regions: 5->5
[2021-01-20T22:16:01.115+0500][105.944s] GC(55) Metaspace: 56022K(57728K)->56022K(57728K) NonClass: 49785K(51200K)->49785K(51200K) Class: 6236K(6528K)->6236K(6528K)
[2021-01-20T22:16:01.115+0500][105.944s] GC(55) Pause Young (Normal) (G1 Evacuation Pause) 350M->48M(512M) 2.842ms
[2021-01-20T22:16:01.115+0500][105.944s] GC(55) User=0.01s Sys=0.00s Real=0.00s
[2021-01-21T13:55:52.274+0500][5364.885s] GC(56) Pause Young (Normal) (G1 Evacuation Pause)
[2021-01-21T13:55:52.274+0500][5364.885s] GC(56) Using 13 workers of 13 for evacuation
[2021-01-21T13:55:52.295+0500][5364.906s] GC(56)   Pre Evacuate Collection Set: 0.6ms
[2021-01-21T13:55:52.295+0500][5364.906s] GC(56)   Merge Heap Roots: 0.3ms
[2021-01-21T13:55:52.295+0500][5364.906s] GC(56)   Evacuate Collection Set: 18.1ms
[2021-01-21T13:55:52.295+0500][5364.906s] GC(56)   Post Evacuate Collection Set: 1.5ms
[2021-01-21T13:55:52.295+0500][5364.906s] GC(56)   Other: 0.5ms
[2021-01-21T13:55:52.295+0500][5364.906s] GC(56) Eden regions: 302->0(301)
[2021-01-21T13:55:52.295+0500][5364.906s] GC(56) Survivor regions: 5->6(39)
[2021-01-21T13:55:52.295+0500][5364.906s] GC(56) Old regions: 39->39
[2021-01-21T13:55:52.295+0500][5364.906s] GC(56) Archive regions: 2->2
[2021-01-21T13:55:52.295+0500][5364.906s] GC(56) Humongous regions: 5->5
[2021-01-21T13:55:52.295+0500][5364.906s] GC(56) Metaspace: 57243K(58752K)->57243K(58752K) NonClass: 50930K(52224K)->50930K(52224K) Class: 6313K(6528K)->6313K(6528K)
[2021-01-21T13:55:52.295+0500][5364.906s] GC(56) Pause Young (Normal) (G1 Evacuation Pause) 350M->49M(512M) 20.952ms
[2021-01-21T13:55:52.295+0500][5364.906s] GC(56) User=0.04s Sys=0.13s Real=0.02s
[2021-01-21T13:55:53.022+0500][5365.633s] GC(57) Pause Young (Normal) (G1 Evacuation Pause)
[2021-01-21T13:55:53.022+0500][5365.633s] GC(57) Using 13 workers of 13 for evacuation
[2021-01-21T13:55:53.033+0500][5365.644s] GC(57)   Pre Evacuate Collection Set: 0.1ms
[2021-01-21T13:55:53.033+0500][5365.644s] GC(57)   Merge Heap Roots: 0.1ms
[2021-01-21T13:55:53.033+0500][5365.644s] GC(57)   Evacuate Collection Set: 9.9ms
[2021-01-21T13:55:53.033+0500][5365.644s] GC(57)   Post Evacuate Collection Set: 0.8ms
[2021-01-21T13:55:53.033+0500][5365.644s] GC(57)   Other: 0.2ms
[2021-01-21T13:55:53.033+0500][5365.644s] GC(57) Eden regions: 301->0(297)
[2021-01-21T13:55:53.033+0500][5365.644s] GC(57) Survivor regions: 6->10(39)
[2021-01-21T13:55:53.033+0500][5365.644s] GC(57) Old regions: 39->39
[2021-01-21T13:55:53.033+0500][5365.644s] GC(57) Archive regions: 2->2
[2021-01-21T13:55:53.033+0500][5365.644s] GC(57) Humongous regions: 5->5
[2021-01-21T13:55:53.033+0500][5365.644s] GC(57) Metaspace: 57243K(58752K)->57243K(58752K) NonClass: 50930K(52224K)->50930K(52224K) Class: 6313K(6528K)->6313K(6528K)
[2021-01-21T13:55:53.033+0500][5365.644s] GC(57) Pause Young (Normal) (G1 Evacuation Pause) 350M->53M(512M) 11.240ms
[2021-01-21T13:55:53.033+0500][5365.644s] GC(57) User=0.02s Sys=0.05s Real=0.01s
[2021-01-21T13:55:53.780+0500][5366.391s] GC(58) Pause Young (Normal) (G1 Evacuation Pause)
[2021-01-21T13:55:53.780+0500][5366.391s] GC(58) Using 13 workers of 13 for evacuation
[2021-01-21T13:55:53.783+0500][5366.394s] GC(58)   Pre Evacuate Collection Set: 0.1ms
[2021-01-21T13:55:53.783+0500][5366.394s] GC(58)   Merge Heap Roots: 0.1ms
[2021-01-21T13:55:53.783+0500][5366.394s] GC(58)   Evacuate Collection Set: 1.9ms
[2021-01-21T13:55:53.783+0500][5366.394s] GC(58)   Post Evacuate Collection Set: 0.7ms
[2021-01-21T13:55:53.783+0500][5366.394s] GC(58)   Other: 0.1ms
[2021-01-21T13:55:53.783+0500][5366.394s] GC(58) Eden regions: 297->0(297)
[2021-01-21T13:55:53.783+0500][5366.394s] GC(58) Survivor regions: 10->10(39)
[2021-01-21T13:55:53.783+0500][5366.394s] GC(58) Old regions: 39->39
[2021-01-21T13:55:53.783+0500][5366.394s] GC(58) Archive regions: 2->2
[2021-01-21T13:55:53.783+0500][5366.394s] GC(58) Humongous regions: 16->9
[2021-01-21T13:55:53.783+0500][5366.394s] GC(58) Metaspace: 57254K(58752K)->57254K(58752K) NonClass: 50940K(52224K)->50940K(52224K) Class: 6313K(6528K)->6313K(6528K)
[2021-01-21T13:55:53.783+0500][5366.394s] GC(58) Pause Young (Normal) (G1 Evacuation Pause) 361M->58M(512M) 3.105ms
[2021-01-21T13:55:53.783+0500][5366.394s] GC(58) User=0.02s Sys=0.01s Real=0.00s
[2021-01-21T13:55:54.648+0500][5367.259s] GC(59) Pause Young (Normal) (G1 Evacuation Pause)
[2021-01-21T13:55:54.648+0500][5367.259s] GC(59) Using 13 workers of 13 for evacuation
[2021-01-21T13:55:54.651+0500][5367.262s] GC(59)   Pre Evacuate Collection Set: 0.1ms
[2021-01-21T13:55:54.651+0500][5367.262s] GC(59)   Merge Heap Roots: 0.1ms
[2021-01-21T13:55:54.651+0500][5367.262s] GC(59)   Evacuate Collection Set: 2.0ms
[2021-01-21T13:55:54.651+0500][5367.262s] GC(59)   Post Evacuate Collection Set: 0.5ms
[2021-01-21T13:55:54.651+0500][5367.262s] GC(59)   Other: 0.2ms
[2021-01-21T13:55:54.651+0500][5367.262s] GC(59) Eden regions: 297->0(297)
[2021-01-21T13:55:54.651+0500][5367.262s] GC(59) Survivor regions: 10->10(39)
[2021-01-21T13:55:54.651+0500][5367.262s] GC(59) Old regions: 39->39
[2021-01-21T13:55:54.651+0500][5367.262s] GC(59) Archive regions: 2->2
[2021-01-21T13:55:54.651+0500][5367.262s] GC(59) Humongous regions: 9->5
[2021-01-21T13:55:54.651+0500][5367.262s] GC(59) Metaspace: 57266K(58752K)->57266K(58752K) NonClass: 50952K(52224K)->50952K(52224K) Class: 6313K(6528K)->6313K(6528K)
[2021-01-21T13:55:54.651+0500][5367.262s] GC(59) Pause Young (Normal) (G1 Evacuation Pause) 355M->54M(512M) 2.999ms
[2021-01-21T13:55:54.651+0500][5367.262s] GC(59) User=0.02s Sys=0.01s Real=0.01s
[2021-01-21T13:55:55.206+0500][5367.817s] GC(60) Pause Young (Normal) (G1 Evacuation Pause)
[2021-01-21T13:55:55.206+0500][5367.817s] GC(60) Using 13 workers of 13 for evacuation
[2021-01-21T13:55:55.209+0500][5367.820s] GC(60)   Pre Evacuate Collection Set: 0.1ms
[2021-01-21T13:55:55.209+0500][5367.820s] GC(60)   Merge Heap Roots: 0.1ms
[2021-01-21T13:55:55.209+0500][5367.820s] GC(60)   Evacuate Collection Set: 1.7ms
[2021-01-21T13:55:55.209+0500][5367.820s] GC(60)   Post Evacuate Collection Set: 0.8ms
[2021-01-21T13:55:55.209+0500][5367.820s] GC(60)   Other: 0.2ms
[2021-01-21T13:55:55.209+0500][5367.820s] GC(60) Eden regions: 297->0(296)
[2021-01-21T13:55:55.209+0500][5367.820s] GC(60) Survivor regions: 10->11(39)
[2021-01-21T13:55:55.209+0500][5367.820s] GC(60) Old regions: 39->39
[2021-01-21T13:55:55.209+0500][5367.820s] GC(60) Archive regions: 2->2
[2021-01-21T13:55:55.209+0500][5367.820s] GC(60) Humongous regions: 5->5
[2021-01-21T13:55:55.209+0500][5367.820s] GC(60) Metaspace: 57268K(58752K)->57268K(58752K) NonClass: 50954K(52224K)->50954K(52224K) Class: 6313K(6528K)->6313K(6528K)
[2021-01-21T13:55:55.209+0500][5367.820s] GC(60) Pause Young (Normal) (G1 Evacuation Pause) 351M->54M(512M) 3.043ms
[2021-01-21T13:55:55.209+0500][5367.820s] GC(60) User=0.02s Sys=0.00s Real=0.00s
[2021-01-21T13:55:55.917+0500][5368.529s] GC(61) Pause Young (Normal) (G1 Evacuation Pause)
[2021-01-21T13:55:55.917+0500][5368.529s] GC(61) Using 13 workers of 13 for evacuation
[2021-01-21T13:55:55.919+0500][5368.530s] GC(61)   Pre Evacuate Collection Set: 0.1ms
[2021-01-21T13:55:55.919+0500][5368.531s] GC(61)   Merge Heap Roots: 0.1ms
[2021-01-21T13:55:55.919+0500][5368.531s] GC(61)   Evacuate Collection Set: 1.1ms
[2021-01-21T13:55:55.919+0500][5368.531s] GC(61)   Post Evacuate Collection Set: 0.6ms
[2021-01-21T13:55:55.919+0500][5368.531s] GC(61)   Other: 0.1ms
[2021-01-21T13:55:55.919+0500][5368.531s] GC(61) Eden regions: 296->0(301)
[2021-01-21T13:55:55.919+0500][5368.531s] GC(61) Survivor regions: 11->6(39)
[2021-01-21T13:55:55.919+0500][5368.531s] GC(61) Old regions: 39->39
[2021-01-21T13:55:55.919+0500][5368.531s] GC(61) Archive regions: 2->2
[2021-01-21T13:55:55.919+0500][5368.531s] GC(61) Humongous regions: 5->5
[2021-01-21T13:55:55.919+0500][5368.531s] GC(61) Metaspace: 57280K(58752K)->57280K(58752K) NonClass: 50967K(52224K)->50967K(52224K) Class: 6313K(6528K)->6313K(6528K)
[2021-01-21T13:55:55.919+0500][5368.531s] GC(61) Pause Young (Normal) (G1 Evacuation Pause) 350M->50M(512M) 2.107ms
[2021-01-21T13:55:55.920+0500][5368.531s] GC(61) User=0.01s Sys=0.00s Real=0.01s
[2021-01-21T13:55:56.836+0500][5369.447s] GC(62) Pause Young (Normal) (G1 Evacuation Pause)
[2021-01-21T13:55:56.836+0500][5369.447s] GC(62) Using 13 workers of 13 for evacuation
[2021-01-21T13:55:56.838+0500][5369.449s] GC(62)   Pre Evacuate Collection Set: 0.1ms
[2021-01-21T13:55:56.838+0500][5369.449s] GC(62)   Merge Heap Roots: 0.1ms
[2021-01-21T13:55:56.838+0500][5369.449s] GC(62)   Evacuate Collection Set: 0.9ms
[2021-01-21T13:55:56.838+0500][5369.449s] GC(62)   Post Evacuate Collection Set: 0.5ms
[2021-01-21T13:55:56.838+0500][5369.449s] GC(62)   Other: 0.2ms
[2021-01-21T13:55:56.838+0500][5369.449s] GC(62) Eden regions: 301->0(304)
[2021-01-21T13:55:56.838+0500][5369.449s] GC(62) Survivor regions: 6->3(39)
[2021-01-21T13:55:56.838+0500][5369.449s] GC(62) Old regions: 39->39
[2021-01-21T13:55:56.838+0500][5369.449s] GC(62) Archive regions: 2->2
[2021-01-21T13:55:56.838+0500][5369.449s] GC(62) Humongous regions: 5->5
[2021-01-21T13:55:56.838+0500][5369.449s] GC(62) Metaspace: 57283K(58752K)->57283K(58752K) NonClass: 50969K(52224K)->50969K(52224K) Class: 6313K(6528K)->6313K(6528K)
[2021-01-21T13:55:56.838+0500][5369.449s] GC(62) Pause Young (Normal) (G1 Evacuation Pause) 351M->47M(512M) 1.853ms
[2021-01-21T13:55:56.838+0500][5369.449s] GC(62) User=0.01s Sys=0.00s Real=0.00s
[2021-01-21T13:55:57.459+0500][5370.071s] GC(63) Pause Young (Normal) (G1 Evacuation Pause)
[2021-01-21T13:55:57.459+0500][5370.071s] GC(63) Using 13 workers of 13 for evacuation
[2021-01-21T13:55:57.461+0500][5370.072s] GC(63)   Pre Evacuate Collection Set: 0.1ms
[2021-01-21T13:55:57.461+0500][5370.072s] GC(63)   Merge Heap Roots: 0.1ms
[2021-01-21T13:55:57.461+0500][5370.072s] GC(63)   Evacuate Collection Set: 0.9ms
[2021-01-21T13:55:57.461+0500][5370.072s] GC(63)   Post Evacuate Collection Set: 0.4ms
[2021-01-21T13:55:57.461+0500][5370.072s] GC(63)   Other: 0.2ms
[2021-01-21T13:55:57.461+0500][5370.072s] GC(63) Eden regions: 304->0(302)
[2021-01-21T13:55:57.461+0500][5370.072s] GC(63) Survivor regions: 3->5(39)
[2021-01-21T13:55:57.461+0500][5370.072s] GC(63) Old regions: 39->39
[2021-01-21T13:55:57.461+0500][5370.072s] GC(63) Archive regions: 2->2
[2021-01-21T13:55:57.461+0500][5370.072s] GC(63) Humongous regions: 5->5
[2021-01-21T13:55:57.461+0500][5370.072s] GC(63) Metaspace: 57283K(58752K)->57283K(58752K) NonClass: 50969K(52224K)->50969K(52224K) Class: 6313K(6528K)->6313K(6528K)
[2021-01-21T13:55:57.461+0500][5370.072s] GC(63) Pause Young (Normal) (G1 Evacuation Pause) 351M->49M(512M) 1.776ms
[2021-01-21T13:55:57.461+0500][5370.072s] GC(63) User=0.02s Sys=0.00s Real=0.01s
[2021-01-21T13:55:58.510+0500][5371.121s] GC(64) Pause Young (Normal) (G1 Evacuation Pause)
[2021-01-21T13:55:58.510+0500][5371.121s] GC(64) Using 13 workers of 13 for evacuation
[2021-01-21T13:55:58.512+0500][5371.124s] GC(64)   Pre Evacuate Collection Set: 0.1ms
[2021-01-21T13:55:58.512+0500][5371.124s] GC(64)   Merge Heap Roots: 0.1ms
[2021-01-21T13:55:58.512+0500][5371.124s] GC(64)   Evacuate Collection Set: 1.0ms
[2021-01-21T13:55:58.512+0500][5371.124s] GC(64)   Post Evacuate Collection Set: 0.8ms
[2021-01-21T13:55:58.512+0500][5371.124s] GC(64)   Other: 0.2ms
[2021-01-21T13:55:58.512+0500][5371.124s] GC(64) Eden regions: 302->0(301)
[2021-01-21T13:55:58.512+0500][5371.124s] GC(64) Survivor regions: 5->6(39)
[2021-01-21T13:55:58.512+0500][5371.124s] GC(64) Old regions: 39->39
[2021-01-21T13:55:58.512+0500][5371.124s] GC(64) Archive regions: 2->2
[2021-01-21T13:55:58.513+0500][5371.124s] GC(64) Humongous regions: 5->5
[2021-01-21T13:55:58.513+0500][5371.124s] GC(64) Metaspace: 57297K(58752K)->57297K(58752K) NonClass: 50984K(52224K)->50984K(52224K) Class: 6313K(6528K)->6313K(6528K)
[2021-01-21T13:55:58.513+0500][5371.124s] GC(64) Pause Young (Normal) (G1 Evacuation Pause) 351M->49M(512M) 2.327ms
[2021-01-21T13:55:58.513+0500][5371.124s] GC(64) User=0.02s Sys=0.01s Real=0.00s
[2021-01-21T13:55:59.372+0500][5371.983s] GC(65) Pause Young (Normal) (G1 Evacuation Pause)
[2021-01-21T13:55:59.372+0500][5371.983s] GC(65) Using 13 workers of 13 for evacuation
[2021-01-21T13:55:59.374+0500][5371.985s] GC(65)   Pre Evacuate Collection Set: 0.1ms
[2021-01-21T13:55:59.374+0500][5371.985s] GC(65)   Merge Heap Roots: 0.1ms
[2021-01-21T13:55:59.374+0500][5371.985s] GC(65)   Evacuate Collection Set: 1.0ms
[2021-01-21T13:55:59.374+0500][5371.985s] GC(65)   Post Evacuate Collection Set: 0.9ms
[2021-01-21T13:55:59.374+0500][5371.985s] GC(65)   Other: 0.2ms
[2021-01-21T13:55:59.374+0500][5371.985s] GC(65) Eden regions: 301->0(303)
[2021-01-21T13:55:59.374+0500][5371.985s] GC(65) Survivor regions: 6->4(39)
[2021-01-21T13:55:59.374+0500][5371.985s] GC(65) Old regions: 39->39
[2021-01-21T13:55:59.374+0500][5371.985s] GC(65) Archive regions: 2->2
[2021-01-21T13:55:59.374+0500][5371.985s] GC(65) Humongous regions: 5->5
[2021-01-21T13:55:59.374+0500][5371.985s] GC(65) Metaspace: 57310K(58752K)->57310K(58752K) NonClass: 50996K(52224K)->50996K(52224K) Class: 6313K(6528K)->6313K(6528K)
[2021-01-21T13:55:59.374+0500][5371.985s] GC(65) Pause Young (Normal) (G1 Evacuation Pause) 350M->48M(512M) 2.443ms
[2021-01-21T13:55:59.374+0500][5371.985s] GC(65) User=0.01s Sys=0.00s Real=0.00s
[2021-01-21T13:56:01.788+0500][5374.399s] GC(66) Pause Young (Normal) (G1 Evacuation Pause)
[2021-01-21T13:56:01.788+0500][5374.399s] GC(66) Using 13 workers of 13 for evacuation
[2021-01-21T13:56:01.790+0500][5374.401s] GC(66)   Pre Evacuate Collection Set: 0.1ms
[2021-01-21T13:56:01.790+0500][5374.401s] GC(66)   Merge Heap Roots: 0.1ms
[2021-01-21T13:56:01.790+0500][5374.401s] GC(66)   Evacuate Collection Set: 1.1ms
[2021-01-21T13:56:01.790+0500][5374.401s] GC(66)   Post Evacuate Collection Set: 0.6ms
[2021-01-21T13:56:01.790+0500][5374.402s] GC(66)   Other: 0.2ms
[2021-01-21T13:56:01.790+0500][5374.402s] GC(66) Eden regions: 303->0(302)
[2021-01-21T13:56:01.790+0500][5374.402s] GC(66) Survivor regions: 4->5(39)
[2021-01-21T13:56:01.790+0500][5374.402s] GC(66) Old regions: 39->39
[2021-01-21T13:56:01.790+0500][5374.402s] GC(66) Archive regions: 2->2
[2021-01-21T13:56:01.790+0500][5374.402s] GC(66) Humongous regions: 5->5
[2021-01-21T13:56:01.790+0500][5374.402s] GC(66) Metaspace: 57346K(58752K)->57346K(58752K) NonClass: 51032K(52224K)->51032K(52224K) Class: 6313K(6528K)->6313K(6528K)
[2021-01-21T13:56:01.790+0500][5374.402s] GC(66) Pause Young (Normal) (G1 Evacuation Pause) 351M->48M(512M) 2.163ms
[2021-01-21T13:56:01.790+0500][5374.402s] GC(66) User=0.01s Sys=0.00s Real=0.01s
[2021-01-21T13:56:02.361+0500][5374.972s] GC(67) Pause Young (Normal) (G1 Evacuation Pause)
[2021-01-21T13:56:02.361+0500][5374.972s] GC(67) Using 13 workers of 13 for evacuation
[2021-01-21T13:56:02.363+0500][5374.974s] GC(67)   Pre Evacuate Collection Set: 0.1ms
[2021-01-21T13:56:02.363+0500][5374.974s] GC(67)   Merge Heap Roots: 0.1ms
[2021-01-21T13:56:02.363+0500][5374.974s] GC(67)   Evacuate Collection Set: 1.0ms
[2021-01-21T13:56:02.363+0500][5374.974s] GC(67)   Post Evacuate Collection Set: 0.6ms
[2021-01-21T13:56:02.363+0500][5374.974s] GC(67)   Other: 0.2ms
[2021-01-21T13:56:02.363+0500][5374.974s] GC(67) Eden regions: 302->0(301)
[2021-01-21T13:56:02.363+0500][5374.974s] GC(67) Survivor regions: 5->6(39)
[2021-01-21T13:56:02.363+0500][5374.974s] GC(67) Old regions: 39->39
[2021-01-21T13:56:02.363+0500][5374.974s] GC(67) Archive regions: 2->2
[2021-01-21T13:56:02.363+0500][5374.974s] GC(67) Humongous regions: 5->5
[2021-01-21T13:56:02.363+0500][5374.974s] GC(67) Metaspace: 57346K(58752K)->57346K(58752K) NonClass: 51033K(52224K)->51033K(52224K) Class: 6313K(6528K)->6313K(6528K)
[2021-01-21T13:56:02.363+0500][5374.974s] GC(67) Pause Young (Normal) (G1 Evacuation Pause) 350M->50M(512M) 2.107ms
[2021-01-21T13:56:02.363+0500][5374.975s] GC(67) User=0.02s Sys=0.00s Real=0.00s
[2021-01-21T13:56:03.800+0500][5376.411s] GC(68) Pause Young (Normal) (G1 Evacuation Pause)
[2021-01-21T13:56:03.800+0500][5376.411s] GC(68) Using 13 workers of 13 for evacuation
[2021-01-21T13:56:03.802+0500][5376.413s] GC(68)   Pre Evacuate Collection Set: 0.1ms
[2021-01-21T13:56:03.802+0500][5376.413s] GC(68)   Merge Heap Roots: 0.1ms
[2021-01-21T13:56:03.802+0500][5376.413s] GC(68)   Evacuate Collection Set: 0.9ms
[2021-01-21T13:56:03.802+0500][5376.413s] GC(68)   Post Evacuate Collection Set: 0.9ms
[2021-01-21T13:56:03.802+0500][5376.413s] GC(68)   Other: 0.2ms
[2021-01-21T13:56:03.802+0500][5376.413s] GC(68) Eden regions: 301->0(302)
[2021-01-21T13:56:03.802+0500][5376.413s] GC(68) Survivor regions: 6->5(39)
[2021-01-21T13:56:03.802+0500][5376.413s] GC(68) Old regions: 39->39
[2021-01-21T13:56:03.802+0500][5376.413s] GC(68) Archive regions: 2->2
[2021-01-21T13:56:03.802+0500][5376.413s] GC(68) Humongous regions: 5->5
[2021-01-21T13:56:03.802+0500][5376.413s] GC(68) Metaspace: 57351K(58752K)->57351K(58752K) NonClass: 51037K(52224K)->51037K(52224K) Class: 6313K(6528K)->6313K(6528K)
[2021-01-21T13:56:03.802+0500][5376.413s] GC(68) Pause Young (Normal) (G1 Evacuation Pause) 351M->49M(512M) 2.288ms
[2021-01-21T13:56:03.802+0500][5376.413s] GC(68) User=0.01s Sys=0.00s Real=0.00s
[2021-01-21T13:56:05.725+0500][5378.336s] GC(69) Pause Young (Normal) (G1 Evacuation Pause)
[2021-01-21T13:56:05.725+0500][5378.336s] GC(69) Using 13 workers of 13 for evacuation
[2021-01-21T13:56:05.726+0500][5378.337s] GC(69)   Pre Evacuate Collection Set: 0.1ms
[2021-01-21T13:56:05.726+0500][5378.338s] GC(69)   Merge Heap Roots: 0.1ms
[2021-01-21T13:56:05.726+0500][5378.338s] GC(69)   Evacuate Collection Set: 1.0ms
[2021-01-21T13:56:05.726+0500][5378.338s] GC(69)   Post Evacuate Collection Set: 0.5ms
[2021-01-21T13:56:05.726+0500][5378.338s] GC(69)   Other: 0.1ms
[2021-01-21T13:56:05.726+0500][5378.338s] GC(69) Eden regions: 302->0(302)
[2021-01-21T13:56:05.726+0500][5378.338s] GC(69) Survivor regions: 5->5(39)
[2021-01-21T13:56:05.726+0500][5378.338s] GC(69) Old regions: 39->39
[2021-01-21T13:56:05.726+0500][5378.338s] GC(69) Archive regions: 2->2
[2021-01-21T13:56:05.726+0500][5378.338s] GC(69) Humongous regions: 5->5
[2021-01-21T13:56:05.726+0500][5378.338s] GC(69) Metaspace: 57365K(59008K)->57365K(59008K) NonClass: 51051K(52480K)->51051K(52480K) Class: 6313K(6528K)->6313K(6528K)
[2021-01-21T13:56:05.727+0500][5378.338s] GC(69) Pause Young (Normal) (G1 Evacuation Pause) 351M->49M(512M) 2.002ms
[2021-01-21T13:56:05.727+0500][5378.338s] GC(69) User=0.01s Sys=0.00s Real=0.00s
[2021-01-21T13:56:08.196+0500][5380.807s] GC(70) Pause Young (Normal) (G1 Evacuation Pause)
[2021-01-21T13:56:08.196+0500][5380.807s] GC(70) Using 13 workers of 13 for evacuation
[2021-01-21T13:56:08.199+0500][5380.810s] GC(70)   Pre Evacuate Collection Set: 0.1ms
[2021-01-21T13:56:08.199+0500][5380.810s] GC(70)   Merge Heap Roots: 0.1ms
[2021-01-21T13:56:08.199+0500][5380.810s] GC(70)   Evacuate Collection Set: 1.6ms
[2021-01-21T13:56:08.199+0500][5380.810s] GC(70)   Post Evacuate Collection Set: 0.8ms
[2021-01-21T13:56:08.199+0500][5380.810s] GC(70)   Other: 0.2ms
[2021-01-21T13:56:08.199+0500][5380.810s] GC(70) Eden regions: 302->0(298)
[2021-01-21T13:56:08.199+0500][5380.810s] GC(70) Survivor regions: 5->9(39)
[2021-01-21T13:56:08.199+0500][5380.810s] GC(70) Old regions: 39->39
[2021-01-21T13:56:08.199+0500][5380.810s] GC(70) Archive regions: 2->2
[2021-01-21T13:56:08.199+0500][5380.810s] GC(70) Humongous regions: 15->6
[2021-01-21T13:56:08.199+0500][5380.810s] GC(70) Metaspace: 57366K(59008K)->57366K(59008K) NonClass: 51052K(52480K)->51052K(52480K) Class: 6313K(6528K)->6313K(6528K)
[2021-01-21T13:56:08.199+0500][5380.810s] GC(70) Pause Young (Normal) (G1 Evacuation Pause) 361M->54M(512M) 3.010ms
[2021-01-21T13:56:08.199+0500][5380.810s] GC(70) User=0.02s Sys=0.00s Real=0.00s
[2021-01-21T13:56:08.650+0500][5381.261s] GC(71) Pause Young (Normal) (G1 Evacuation Pause)
[2021-01-21T13:56:08.650+0500][5381.261s] GC(71) Using 13 workers of 13 for evacuation
[2021-01-21T13:56:08.652+0500][5381.264s] GC(71)   Pre Evacuate Collection Set: 0.1ms
[2021-01-21T13:56:08.652+0500][5381.264s] GC(71)   Merge Heap Roots: 0.1ms
[2021-01-21T13:56:08.652+0500][5381.264s] GC(71)   Evacuate Collection Set: 1.8ms
[2021-01-21T13:56:08.652+0500][5381.264s] GC(71)   Post Evacuate Collection Set: 0.5ms
[2021-01-21T13:56:08.652+0500][5381.264s] GC(71)   Other: 0.2ms
[2021-01-21T13:56:08.652+0500][5381.264s] GC(71) Eden regions: 298->0(297)
[2021-01-21T13:56:08.652+0500][5381.264s] GC(71) Survivor regions: 9->10(39)
[2021-01-21T13:56:08.652+0500][5381.264s] GC(71) Old regions: 39->40
[2021-01-21T13:56:08.653+0500][5381.264s] GC(71) Archive regions: 2->2
[2021-01-21T13:56:08.653+0500][5381.264s] GC(71) Humongous regions: 6->6
[2021-01-21T13:56:08.653+0500][5381.264s] GC(71) Metaspace: 57379K(59008K)->57379K(59008K) NonClass: 51066K(52480K)->51066K(52480K) Class: 6313K(6528K)->6313K(6528K)
[2021-01-21T13:56:08.653+0500][5381.264s] GC(71) Pause Young (Normal) (G1 Evacuation Pause) 352M->55M(512M) 2.887ms
[2021-01-21T13:56:08.653+0500][5381.264s] GC(71) User=0.01s Sys=0.00s Real=0.00s
[2021-01-21T13:56:09.755+0500][5382.366s] GC(72) Pause Young (Normal) (G1 Evacuation Pause)
[2021-01-21T13:56:09.755+0500][5382.366s] GC(72) Using 13 workers of 13 for evacuation
[2021-01-21T13:56:09.756+0500][5382.367s] GC(72)   Pre Evacuate Collection Set: 0.1ms
[2021-01-21T13:56:09.756+0500][5382.367s] GC(72)   Merge Heap Roots: 0.1ms
[2021-01-21T13:56:09.756+0500][5382.367s] GC(72)   Evacuate Collection Set: 0.7ms
[2021-01-21T13:56:09.756+0500][5382.367s] GC(72)   Post Evacuate Collection Set: 0.4ms
[2021-01-21T13:56:09.756+0500][5382.367s] GC(72)   Other: 0.1ms
[2021-01-21T13:56:09.756+0500][5382.367s] GC(72) Eden regions: 297->0(302)
[2021-01-21T13:56:09.756+0500][5382.367s] GC(72) Survivor regions: 10->5(39)
[2021-01-21T13:56:09.756+0500][5382.367s] GC(72) Old regions: 40->40
[2021-01-21T13:56:09.756+0500][5382.367s] GC(72) Archive regions: 2->2
[2021-01-21T13:56:09.756+0500][5382.367s] GC(72) Humongous regions: 6->5
[2021-01-21T13:56:09.756+0500][5382.367s] GC(72) Metaspace: 57388K(59008K)->57388K(59008K) NonClass: 51075K(52480K)->51075K(52480K) Class: 6313K(6528K)->6313K(6528K)
[2021-01-21T13:56:09.756+0500][5382.367s] GC(72) Pause Young (Normal) (G1 Evacuation Pause) 352M->50M(512M) 1.602ms
[2021-01-21T13:56:09.756+0500][5382.367s] GC(72) User=0.01s Sys=0.00s Real=0.00s
[2021-01-21T13:56:11.564+0500][5384.175s] GC(73) Pause Young (Normal) (G1 Evacuation Pause)
[2021-01-21T13:56:11.564+0500][5384.175s] GC(73) Using 13 workers of 13 for evacuation
[2021-01-21T13:56:11.565+0500][5384.176s] GC(73)   Pre Evacuate Collection Set: 0.1ms
[2021-01-21T13:56:11.565+0500][5384.176s] GC(73)   Merge Heap Roots: 0.1ms
[2021-01-21T13:56:11.565+0500][5384.176s] GC(73)   Evacuate Collection Set: 0.4ms
[2021-01-21T13:56:11.565+0500][5384.176s] GC(73)   Post Evacuate Collection Set: 0.4ms
[2021-01-21T13:56:11.565+0500][5384.176s] GC(73)   Other: 0.1ms
[2021-01-21T13:56:11.565+0500][5384.176s] GC(73) Eden regions: 302->0(305)
[2021-01-21T13:56:11.565+0500][5384.176s] GC(73) Survivor regions: 5->2(39)
[2021-01-21T13:56:11.565+0500][5384.176s] GC(73) Old regions: 40->40
[2021-01-21T13:56:11.565+0500][5384.176s] GC(73) Archive regions: 2->2
[2021-01-21T13:56:11.565+0500][5384.176s] GC(73) Humongous regions: 5->5
[2021-01-21T13:56:11.565+0500][5384.176s] GC(73) Metaspace: 57388K(59008K)->57388K(59008K) NonClass: 51075K(52480K)->51075K(52480K) Class: 6313K(6528K)->6313K(6528K)
[2021-01-21T13:56:11.565+0500][5384.176s] GC(73) Pause Young (Normal) (G1 Evacuation Pause) 352M->46M(512M) 1.333ms
[2021-01-21T13:56:11.565+0500][5384.176s] GC(73) User=0.01s Sys=0.01s Real=0.00s
[2021-01-21T13:56:12.214+0500][5384.825s] GC(74) Pause Young (Normal) (G1 Evacuation Pause)
[2021-01-21T13:56:12.214+0500][5384.825s] GC(74) Using 13 workers of 13 for evacuation
[2021-01-21T13:56:12.215+0500][5384.827s] GC(74)   Pre Evacuate Collection Set: 0.1ms
[2021-01-21T13:56:12.215+0500][5384.827s] GC(74)   Merge Heap Roots: 0.1ms
[2021-01-21T13:56:12.215+0500][5384.827s] GC(74)   Evacuate Collection Set: 0.6ms
[2021-01-21T13:56:12.215+0500][5384.827s] GC(74)   Post Evacuate Collection Set: 0.6ms
[2021-01-21T13:56:12.215+0500][5384.827s] GC(74)   Other: 0.2ms
[2021-01-21T13:56:12.215+0500][5384.827s] GC(74) Eden regions: 305->0(305)
[2021-01-21T13:56:12.216+0500][5384.827s] GC(74) Survivor regions: 2->2(39)
[2021-01-21T13:56:12.216+0500][5384.827s] GC(74) Old regions: 40->40
[2021-01-21T13:56:12.216+0500][5384.827s] GC(74) Archive regions: 2->2
[2021-01-21T13:56:12.216+0500][5384.827s] GC(74) Humongous regions: 5->5
[2021-01-21T13:56:12.216+0500][5384.827s] GC(74) Metaspace: 57388K(59008K)->57388K(59008K) NonClass: 51075K(52480K)->51075K(52480K) Class: 6313K(6528K)->6313K(6528K)
[2021-01-21T13:56:12.216+0500][5384.827s] GC(74) Pause Young (Normal) (G1 Evacuation Pause) 351M->46M(512M) 1.798ms
[2021-01-21T13:56:12.216+0500][5384.827s] GC(74) User=0.00s Sys=0.00s Real=0.00s
[2021-01-21T13:56:14.158+0500][5386.769s] GC(75) Pause Young (Normal) (G1 Evacuation Pause)
[2021-01-21T13:56:14.158+0500][5386.769s] GC(75) Using 13 workers of 13 for evacuation
[2021-01-21T13:56:14.160+0500][5386.771s] GC(75)   Pre Evacuate Collection Set: 0.1ms
[2021-01-21T13:56:14.160+0500][5386.771s] GC(75)   Merge Heap Roots: 0.1ms
[2021-01-21T13:56:14.160+0500][5386.771s] GC(75)   Evacuate Collection Set: 0.6ms
[2021-01-21T13:56:14.160+0500][5386.771s] GC(75)   Post Evacuate Collection Set: 0.8ms
[2021-01-21T13:56:14.160+0500][5386.771s] GC(75)   Other: 0.2ms
[2021-01-21T13:56:14.160+0500][5386.771s] GC(75) Eden regions: 305->0(305)
[2021-01-21T13:56:14.160+0500][5386.771s] GC(75) Survivor regions: 2->2(39)
[2021-01-21T13:56:14.160+0500][5386.771s] GC(75) Old regions: 40->40
[2021-01-21T13:56:14.160+0500][5386.771s] GC(75) Archive regions: 2->2
[2021-01-21T13:56:14.160+0500][5386.771s] GC(75) Humongous regions: 5->5
[2021-01-21T13:56:14.160+0500][5386.771s] GC(75) Metaspace: 57390K(59008K)->57390K(59008K) NonClass: 51077K(52480K)->51077K(52480K) Class: 6313K(6528K)->6313K(6528K)
[2021-01-21T13:56:14.160+0500][5386.771s] GC(75) Pause Young (Normal) (G1 Evacuation Pause) 351M->46M(512M) 1.910ms
[2021-01-21T13:56:14.160+0500][5386.771s] GC(75) User=0.00s Sys=0.01s Real=0.01s
[2021-01-21T13:56:15.739+0500][5388.350s] GC(76) Pause Young (Normal) (G1 Evacuation Pause)
[2021-01-21T13:56:15.739+0500][5388.350s] GC(76) Using 13 workers of 13 for evacuation
[2021-01-21T13:56:15.741+0500][5388.352s] GC(76)   Pre Evacuate Collection Set: 0.1ms
[2021-01-21T13:56:15.741+0500][5388.352s] GC(76)   Merge Heap Roots: 0.1ms
[2021-01-21T13:56:15.741+0500][5388.352s] GC(76)   Evacuate Collection Set: 0.7ms
[2021-01-21T13:56:15.741+0500][5388.352s] GC(76)   Post Evacuate Collection Set: 0.7ms
[2021-01-21T13:56:15.741+0500][5388.352s] GC(76)   Other: 0.2ms
[2021-01-21T13:56:15.741+0500][5388.352s] GC(76) Eden regions: 305->0(304)
[2021-01-21T13:56:15.741+0500][5388.352s] GC(76) Survivor regions: 2->3(39)
[2021-01-21T13:56:15.741+0500][5388.352s] GC(76) Old regions: 40->40
[2021-01-21T13:56:15.741+0500][5388.352s] GC(76) Archive regions: 2->2
[2021-01-21T13:56:15.741+0500][5388.352s] GC(76) Humongous regions: 6->5
[2021-01-21T13:56:15.741+0500][5388.352s] GC(76) Metaspace: 57391K(59008K)->57391K(59008K) NonClass: 51078K(52480K)->51078K(52480K) Class: 6313K(6528K)->6313K(6528K)
[2021-01-21T13:56:15.741+0500][5388.352s] GC(76) Pause Young (Normal) (G1 Evacuation Pause) 352M->47M(512M) 2.160ms
[2021-01-21T13:56:15.741+0500][5388.352s] GC(76) User=0.02s Sys=0.01s Real=0.01s
[2021-01-21T13:56:16.715+0500][5389.326s] GC(77) Pause Young (Normal) (G1 Evacuation Pause)
[2021-01-21T13:56:16.715+0500][5389.326s] GC(77) Using 13 workers of 13 for evacuation
[2021-01-21T13:56:16.716+0500][5389.328s] GC(77)   Pre Evacuate Collection Set: 0.1ms
[2021-01-21T13:56:16.717+0500][5389.328s] GC(77)   Merge Heap Roots: 0.1ms
[2021-01-21T13:56:16.717+0500][5389.328s] GC(77)   Evacuate Collection Set: 0.8ms
[2021-01-21T13:56:16.717+0500][5389.328s] GC(77)   Post Evacuate Collection Set: 0.8ms
[2021-01-21T13:56:16.717+0500][5389.328s] GC(77)   Other: 0.1ms
[2021-01-21T13:56:16.717+0500][5389.328s] GC(77) Eden regions: 304->0(302)
[2021-01-21T13:56:16.717+0500][5389.328s] GC(77) Survivor regions: 3->5(39)
[2021-01-21T13:56:16.717+0500][5389.328s] GC(77) Old regions: 40->40
[2021-01-21T13:56:16.717+0500][5389.328s] GC(77) Archive regions: 2->2
[2021-01-21T13:56:16.717+0500][5389.328s] GC(77) Humongous regions: 5->5
[2021-01-21T13:56:16.717+0500][5389.328s] GC(77) Metaspace: 57391K(59008K)->57391K(59008K) NonClass: 51078K(52480K)->51078K(52480K) Class: 6313K(6528K)->6313K(6528K)
[2021-01-21T13:56:16.717+0500][5389.328s] GC(77) Pause Young (Normal) (G1 Evacuation Pause) 351M->49M(512M) 2.075ms
[2021-01-21T13:56:16.717+0500][5389.328s] GC(77) User=0.01s Sys=0.00s Real=0.00s
[2021-01-21T13:56:18.317+0500][5390.928s] GC(78) Pause Young (Normal) (G1 Evacuation Pause)
[2021-01-21T13:56:18.317+0500][5390.928s] GC(78) Using 13 workers of 13 for evacuation
[2021-01-21T13:56:18.319+0500][5390.930s] GC(78)   Pre Evacuate Collection Set: 0.1ms
[2021-01-21T13:56:18.319+0500][5390.930s] GC(78)   Merge Heap Roots: 0.1ms
[2021-01-21T13:56:18.319+0500][5390.930s] GC(78)   Evacuate Collection Set: 0.8ms
[2021-01-21T13:56:18.319+0500][5390.930s] GC(78)   Post Evacuate Collection Set: 0.6ms
[2021-01-21T13:56:18.319+0500][5390.930s] GC(78)   Other: 0.2ms
[2021-01-21T13:56:18.319+0500][5390.930s] GC(78) Eden regions: 302->0(303)
[2021-01-21T13:56:18.319+0500][5390.930s] GC(78) Survivor regions: 5->4(39)
[2021-01-21T13:56:18.319+0500][5390.930s] GC(78) Old regions: 40->40
[2021-01-21T13:56:18.319+0500][5390.930s] GC(78) Archive regions: 2->2
[2021-01-21T13:56:18.319+0500][5390.930s] GC(78) Humongous regions: 5->5
[2021-01-21T13:56:18.319+0500][5390.930s] GC(78) Metaspace: 57396K(59008K)->57396K(59008K) NonClass: 51083K(52480K)->51083K(52480K) Class: 6313K(6528K)->6313K(6528K)
[2021-01-21T13:56:18.319+0500][5390.930s] GC(78) Pause Young (Normal) (G1 Evacuation Pause) 351M->48M(512M) 2.059ms
[2021-01-21T13:56:18.319+0500][5390.930s] GC(78) User=0.01s Sys=0.01s Real=0.00s
[2021-01-21T13:56:21.373+0500][5393.984s] GC(79) Pause Young (Normal) (G1 Evacuation Pause)
[2021-01-21T13:56:21.373+0500][5393.984s] GC(79) Using 13 workers of 13 for evacuation
[2021-01-21T13:56:21.375+0500][5393.986s] GC(79)   Pre Evacuate Collection Set: 0.1ms
[2021-01-21T13:56:21.375+0500][5393.986s] GC(79)   Merge Heap Roots: 0.1ms
[2021-01-21T13:56:21.375+0500][5393.986s] GC(79)   Evacuate Collection Set: 0.8ms
[2021-01-21T13:56:21.375+0500][5393.986s] GC(79)   Post Evacuate Collection Set: 0.8ms
[2021-01-21T13:56:21.375+0500][5393.986s] GC(79)   Other: 0.2ms
[2021-01-21T13:56:21.375+0500][5393.986s] GC(79) Eden regions: 303->0(303)
[2021-01-21T13:56:21.375+0500][5393.986s] GC(79) Survivor regions: 4->4(39)
[2021-01-21T13:56:21.375+0500][5393.986s] GC(79) Old regions: 40->40
[2021-01-21T13:56:21.375+0500][5393.986s] GC(79) Archive regions: 2->2
[2021-01-21T13:56:21.375+0500][5393.986s] GC(79) Humongous regions: 5->5
[2021-01-21T13:56:21.375+0500][5393.986s] GC(79) Metaspace: 57396K(59008K)->57396K(59008K) NonClass: 51083K(52480K)->51083K(52480K) Class: 6313K(6528K)->6313K(6528K)
[2021-01-21T13:56:21.375+0500][5393.986s] GC(79) Pause Young (Normal) (G1 Evacuation Pause) 351M->48M(512M) 2.085ms
[2021-01-21T13:56:21.375+0500][5393.986s] GC(79) User=0.00s Sys=0.00s Real=0.00s
[2021-01-21T13:56:22.783+0500][5395.394s] GC(80) Pause Young (Normal) (G1 Evacuation Pause)
[2021-01-21T13:56:22.783+0500][5395.394s] GC(80) Using 13 workers of 13 for evacuation
[2021-01-21T13:56:22.785+0500][5395.396s] GC(80)   Pre Evacuate Collection Set: 0.1ms
[2021-01-21T13:56:22.785+0500][5395.396s] GC(80)   Merge Heap Roots: 0.1ms
[2021-01-21T13:56:22.785+0500][5395.396s] GC(80)   Evacuate Collection Set: 0.8ms
[2021-01-21T13:56:22.785+0500][5395.396s] GC(80)   Post Evacuate Collection Set: 0.7ms
[2021-01-21T13:56:22.785+0500][5395.396s] GC(80)   Other: 0.2ms
[2021-01-21T13:56:22.785+0500][5395.396s] GC(80) Eden regions: 303->0(303)
[2021-01-21T13:56:22.785+0500][5395.396s] GC(80) Survivor regions: 4->4(39)
[2021-01-21T13:56:22.785+0500][5395.396s] GC(80) Old regions: 40->40
[2021-01-21T13:56:22.785+0500][5395.396s] GC(80) Archive regions: 2->2
[2021-01-21T13:56:22.785+0500][5395.396s] GC(80) Humongous regions: 5->5
[2021-01-21T13:56:22.785+0500][5395.396s] GC(80) Metaspace: 57404K(59008K)->57404K(59008K) NonClass: 51091K(52480K)->51091K(52480K) Class: 6313K(6528K)->6313K(6528K)
[2021-01-21T13:56:22.785+0500][5395.396s] GC(80) Pause Young (Normal) (G1 Evacuation Pause) 351M->49M(512M) 2.047ms
[2021-01-21T13:56:22.785+0500][5395.396s] GC(80) User=0.01s Sys=0.00s Real=0.00s
[2021-01-21T13:56:24.407+0500][5397.018s] GC(81) Pause Young (Normal) (G1 Evacuation Pause)
[2021-01-21T13:56:24.407+0500][5397.018s] GC(81) Using 13 workers of 13 for evacuation
[2021-01-21T13:56:24.409+0500][5397.020s] GC(81)   Pre Evacuate Collection Set: 0.1ms
[2021-01-21T13:56:24.409+0500][5397.020s] GC(81)   Merge Heap Roots: 0.1ms
[2021-01-21T13:56:24.409+0500][5397.020s] GC(81)   Evacuate Collection Set: 0.8ms
[2021-01-21T13:56:24.409+0500][5397.020s] GC(81)   Post Evacuate Collection Set: 0.6ms
[2021-01-21T13:56:24.409+0500][5397.020s] GC(81)   Other: 0.2ms
[2021-01-21T13:56:24.409+0500][5397.020s] GC(81) Eden regions: 303->0(302)
[2021-01-21T13:56:24.409+0500][5397.020s] GC(81) Survivor regions: 4->5(39)
[2021-01-21T13:56:24.409+0500][5397.020s] GC(81) Old regions: 40->40
[2021-01-21T13:56:24.409+0500][5397.020s] GC(81) Archive regions: 2->2
[2021-01-21T13:56:24.409+0500][5397.020s] GC(81) Humongous regions: 5->5
[2021-01-21T13:56:24.409+0500][5397.020s] GC(81) Metaspace: 57414K(59008K)->57414K(59008K) NonClass: 51100K(52480K)->51100K(52480K) Class: 6313K(6528K)->6313K(6528K)
[2021-01-21T13:56:24.409+0500][5397.020s] GC(81) Pause Young (Normal) (G1 Evacuation Pause) 352M->50M(512M) 1.874ms
[2021-01-21T13:56:24.409+0500][5397.020s] GC(81) User=0.01s Sys=0.00s Real=0.00s
[2021-01-21T13:56:24.927+0500][5397.538s] GC(82) Pause Young (Normal) (G1 Evacuation Pause)
[2021-01-21T13:56:24.927+0500][5397.538s] GC(82) Using 13 workers of 13 for evacuation
[2021-01-21T13:56:24.928+0500][5397.539s] GC(82)   Pre Evacuate Collection Set: 0.1ms
[2021-01-21T13:56:24.928+0500][5397.539s] GC(82)   Merge Heap Roots: 0.1ms
[2021-01-21T13:56:24.928+0500][5397.539s] GC(82)   Evacuate Collection Set: 0.9ms
[2021-01-21T13:56:24.928+0500][5397.539s] GC(82)   Post Evacuate Collection Set: 0.5ms
[2021-01-21T13:56:24.928+0500][5397.539s] GC(82)   Other: 0.1ms
[2021-01-21T13:56:24.928+0500][5397.539s] GC(82) Eden regions: 302->0(301)
[2021-01-21T13:56:24.928+0500][5397.540s] GC(82) Survivor regions: 5->6(39)
[2021-01-21T13:56:24.928+0500][5397.540s] GC(82) Old regions: 40->40
[2021-01-21T13:56:24.928+0500][5397.540s] GC(82) Archive regions: 2->2
[2021-01-21T13:56:24.928+0500][5397.540s] GC(82) Humongous regions: 21->7
[2021-01-21T13:56:24.928+0500][5397.540s] GC(82) Metaspace: 57416K(59008K)->57416K(59008K) NonClass: 51102K(52480K)->51102K(52480K) Class: 6313K(6528K)->6313K(6528K)
[2021-01-21T13:56:24.928+0500][5397.540s] GC(82) Pause Young (Normal) (G1 Evacuation Pause) 368M->53M(512M) 1.912ms
[2021-01-21T13:56:24.928+0500][5397.540s] GC(82) User=0.01s Sys=0.00s Real=0.00s
[2021-01-21T13:56:25.713+0500][5398.324s] GC(83) Pause Young (Normal) (G1 Evacuation Pause)
[2021-01-21T13:56:25.713+0500][5398.324s] GC(83) Using 13 workers of 13 for evacuation
[2021-01-21T13:56:25.715+0500][5398.326s] GC(83)   Pre Evacuate Collection Set: 0.1ms
[2021-01-21T13:56:25.715+0500][5398.326s] GC(83)   Merge Heap Roots: 0.1ms
[2021-01-21T13:56:25.715+0500][5398.326s] GC(83)   Evacuate Collection Set: 0.8ms
[2021-01-21T13:56:25.715+0500][5398.326s] GC(83)   Post Evacuate Collection Set: 0.5ms
[2021-01-21T13:56:25.715+0500][5398.326s] GC(83)   Other: 0.1ms
[2021-01-21T13:56:25.715+0500][5398.326s] GC(83) Eden regions: 301->0(301)
[2021-01-21T13:56:25.715+0500][5398.326s] GC(83) Survivor regions: 6->6(39)
[2021-01-21T13:56:25.715+0500][5398.326s] GC(83) Old regions: 40->40
[2021-01-21T13:56:25.715+0500][5398.326s] GC(83) Archive regions: 2->2
[2021-01-21T13:56:25.715+0500][5398.326s] GC(83) Humongous regions: 7->7
[2021-01-21T13:56:25.715+0500][5398.326s] GC(83) Metaspace: 57428K(59008K)->57428K(59008K) NonClass: 51115K(52480K)->51115K(52480K) Class: 6313K(6528K)->6313K(6528K)
[2021-01-21T13:56:25.715+0500][5398.326s] GC(83) Pause Young (Normal) (G1 Evacuation Pause) 354M->53M(512M) 1.715ms
[2021-01-21T13:56:25.715+0500][5398.326s] GC(83) User=0.02s Sys=0.00s Real=0.00s
[2021-01-21T13:56:27.354+0500][5399.965s] GC(84) Pause Young (Normal) (G1 Evacuation Pause)
[2021-01-21T13:56:27.354+0500][5399.965s] GC(84) Using 13 workers of 13 for evacuation
[2021-01-21T13:56:27.355+0500][5399.966s] GC(84)   Pre Evacuate Collection Set: 0.1ms
[2021-01-21T13:56:27.355+0500][5399.966s] GC(84)   Merge Heap Roots: 0.1ms
[2021-01-21T13:56:27.355+0500][5399.966s] GC(84)   Evacuate Collection Set: 0.7ms
[2021-01-21T13:56:27.355+0500][5399.966s] GC(84)   Post Evacuate Collection Set: 0.3ms
[2021-01-21T13:56:27.355+0500][5399.966s] GC(84)   Other: 0.1ms
[2021-01-21T13:56:27.355+0500][5399.966s] GC(84) Eden regions: 301->0(303)
[2021-01-21T13:56:27.355+0500][5399.966s] GC(84) Survivor regions: 6->4(39)
[2021-01-21T13:56:27.355+0500][5399.966s] GC(84) Old regions: 40->40
[2021-01-21T13:56:27.355+0500][5399.966s] GC(84) Archive regions: 2->2
[2021-01-21T13:56:27.355+0500][5399.966s] GC(84) Humongous regions: 7->5
[2021-01-21T13:56:27.355+0500][5399.966s] GC(84) Metaspace: 57434K(59008K)->57434K(59008K) NonClass: 51121K(52480K)->51121K(52480K) Class: 6313K(6528K)->6313K(6528K)
[2021-01-21T13:56:27.355+0500][5399.966s] GC(84) Pause Young (Normal) (G1 Evacuation Pause) 354M->49M(512M) 1.476ms
[2021-01-21T13:56:27.355+0500][5399.966s] GC(84) User=0.01s Sys=0.01s Real=0.00s
[2021-01-21T13:56:28.806+0500][5401.417s] GC(85) Pause Young (Normal) (G1 Evacuation Pause)
[2021-01-21T13:56:28.806+0500][5401.418s] GC(85) Using 13 workers of 13 for evacuation
[2021-01-21T13:56:28.808+0500][5401.419s] GC(85)   Pre Evacuate Collection Set: 0.1ms
[2021-01-21T13:56:28.808+0500][5401.419s] GC(85)   Merge Heap Roots: 0.1ms
[2021-01-21T13:56:28.808+0500][5401.419s] GC(85)   Evacuate Collection Set: 0.5ms
[2021-01-21T13:56:28.808+0500][5401.419s] GC(85)   Post Evacuate Collection Set: 0.7ms
[2021-01-21T13:56:28.808+0500][5401.419s] GC(85)   Other: 0.2ms
[2021-01-21T13:56:28.808+0500][5401.419s] GC(85) Eden regions: 303->0(305)
[2021-01-21T13:56:28.808+0500][5401.419s] GC(85) Survivor regions: 4->2(39)
[2021-01-21T13:56:28.808+0500][5401.419s] GC(85) Old regions: 40->41
[2021-01-21T13:56:28.808+0500][5401.419s] GC(85) Archive regions: 2->2
[2021-01-21T13:56:28.808+0500][5401.419s] GC(85) Humongous regions: 5->5
[2021-01-21T13:56:28.808+0500][5401.419s] GC(85) Metaspace: 57443K(59008K)->57443K(59008K) NonClass: 51130K(52480K)->51130K(52480K) Class: 6313K(6528K)->6313K(6528K)
[2021-01-21T13:56:28.808+0500][5401.419s] GC(85) Pause Young (Normal) (G1 Evacuation Pause) 352M->47M(512M) 1.791ms
[2021-01-21T13:56:28.808+0500][5401.419s] GC(85) User=0.01s Sys=0.00s Real=0.00s
[2021-01-21T13:56:31.052+0500][5403.663s] GC(86) Pause Young (Normal) (G1 Evacuation Pause)
[2021-01-21T13:56:31.052+0500][5403.663s] GC(86) Using 13 workers of 13 for evacuation
[2021-01-21T13:56:31.053+0500][5403.664s] GC(86)   Pre Evacuate Collection Set: 0.1ms
[2021-01-21T13:56:31.053+0500][5403.664s] GC(86)   Merge Heap Roots: 0.1ms
[2021-01-21T13:56:31.053+0500][5403.664s] GC(86)   Evacuate Collection Set: 0.6ms
[2021-01-21T13:56:31.053+0500][5403.664s] GC(86)   Post Evacuate Collection Set: 0.8ms
[2021-01-21T13:56:31.053+0500][5403.664s] GC(86)   Other: 0.2ms
[2021-01-21T13:56:31.053+0500][5403.664s] GC(86) Eden regions: 305->0(305)
[2021-01-21T13:56:31.053+0500][5403.664s] GC(86) Survivor regions: 2->2(39)
[2021-01-21T13:56:31.053+0500][5403.664s] GC(86) Old regions: 41->41
[2021-01-21T13:56:31.053+0500][5403.664s] GC(86) Archive regions: 2->2
[2021-01-21T13:56:31.053+0500][5403.664s] GC(86) Humongous regions: 5->5
[2021-01-21T13:56:31.053+0500][5403.664s] GC(86) Metaspace: 57443K(59008K)->57443K(59008K) NonClass: 51130K(52480K)->51130K(52480K) Class: 6313K(6528K)->6313K(6528K)
[2021-01-21T13:56:31.053+0500][5403.665s] GC(86) Pause Young (Normal) (G1 Evacuation Pause) 352M->47M(512M) 1.871ms
[2021-01-21T13:56:31.054+0500][5403.665s] GC(86) User=0.01s Sys=0.00s Real=0.00s
[2021-01-21T13:56:31.746+0500][5404.357s] GC(87) Pause Young (Normal) (G1 Evacuation Pause)
[2021-01-21T13:56:31.746+0500][5404.357s] GC(87) Using 13 workers of 13 for evacuation
[2021-01-21T13:56:31.747+0500][5404.358s] GC(87)   Pre Evacuate Collection Set: 0.1ms
[2021-01-21T13:56:31.747+0500][5404.358s] GC(87)   Merge Heap Roots: 0.1ms
[2021-01-21T13:56:31.747+0500][5404.358s] GC(87)   Evacuate Collection Set: 0.5ms
[2021-01-21T13:56:31.747+0500][5404.358s] GC(87)   Post Evacuate Collection Set: 0.3ms
[2021-01-21T13:56:31.747+0500][5404.358s] GC(87)   Other: 0.2ms
[2021-01-21T13:56:31.747+0500][5404.358s] GC(87) Eden regions: 305->0(305)
[2021-01-21T13:56:31.747+0500][5404.358s] GC(87) Survivor regions: 2->2(39)
[2021-01-21T13:56:31.747+0500][5404.358s] GC(87) Old regions: 41->41
[2021-01-21T13:56:31.747+0500][5404.358s] GC(87) Archive regions: 2->2
[2021-01-21T13:56:31.747+0500][5404.358s] GC(87) Humongous regions: 5->5
[2021-01-21T13:56:31.747+0500][5404.358s] GC(87) Metaspace: 57443K(59008K)->57443K(59008K) NonClass: 51130K(52480K)->51130K(52480K) Class: 6313K(6528K)->6313K(6528K)
[2021-01-21T13:56:31.747+0500][5404.359s] GC(87) Pause Young (Normal) (G1 Evacuation Pause) 352M->47M(512M) 1.290ms
[2021-01-21T13:56:31.747+0500][5404.359s] GC(87) User=0.00s Sys=0.00s Real=0.00s
[2021-01-21T13:56:33.356+0500][5405.967s] GC(88) Pause Young (Normal) (G1 Evacuation Pause)
[2021-01-21T13:56:33.356+0500][5405.967s] GC(88) Using 13 workers of 13 for evacuation
[2021-01-21T13:56:33.358+0500][5405.969s] GC(88)   Pre Evacuate Collection Set: 0.1ms
[2021-01-21T13:56:33.358+0500][5405.969s] GC(88)   Merge Heap Roots: 0.1ms
[2021-01-21T13:56:33.358+0500][5405.969s] GC(88)   Evacuate Collection Set: 0.6ms
[2021-01-21T13:56:33.358+0500][5405.969s] GC(88)   Post Evacuate Collection Set: 0.8ms
[2021-01-21T13:56:33.358+0500][5405.969s] GC(88)   Other: 0.1ms
[2021-01-21T13:56:33.358+0500][5405.969s] GC(88) Eden regions: 305->0(305)
[2021-01-21T13:56:33.358+0500][5405.969s] GC(88) Survivor regions: 2->2(39)
[2021-01-21T13:56:33.358+0500][5405.969s] GC(88) Old regions: 41->41
[2021-01-21T13:56:33.358+0500][5405.969s] GC(88) Archive regions: 2->2
[2021-01-21T13:56:33.358+0500][5405.969s] GC(88) Humongous regions: 5->5
[2021-01-21T13:56:33.358+0500][5405.969s] GC(88) Metaspace: 57444K(59008K)->57444K(59008K) NonClass: 51130K(52480K)->51130K(52480K) Class: 6313K(6528K)->6313K(6528K)
[2021-01-21T13:56:33.358+0500][5405.969s] GC(88) Pause Young (Normal) (G1 Evacuation Pause) 352M->47M(512M) 1.867ms
[2021-01-21T13:56:33.358+0500][5405.969s] GC(88) User=0.01s Sys=0.00s Real=0.00s
[2021-01-21T13:56:34.984+0500][5407.595s] GC(89) Pause Young (Normal) (G1 Evacuation Pause)
[2021-01-21T13:56:34.984+0500][5407.595s] GC(89) Using 13 workers of 13 for evacuation
[2021-01-21T13:56:34.986+0500][5407.597s] GC(89)   Pre Evacuate Collection Set: 0.1ms
[2021-01-21T13:56:34.986+0500][5407.597s] GC(89)   Merge Heap Roots: 0.1ms
[2021-01-21T13:56:34.986+0500][5407.597s] GC(89)   Evacuate Collection Set: 0.6ms
[2021-01-21T13:56:34.986+0500][5407.597s] GC(89)   Post Evacuate Collection Set: 0.8ms
[2021-01-21T13:56:34.986+0500][5407.597s] GC(89)   Other: 0.2ms
[2021-01-21T13:56:34.986+0500][5407.597s] GC(89) Eden regions: 305->0(305)
[2021-01-21T13:56:34.986+0500][5407.597s] GC(89) Survivor regions: 2->2(39)
[2021-01-21T13:56:34.986+0500][5407.597s] GC(89) Old regions: 41->41
[2021-01-21T13:56:34.986+0500][5407.597s] GC(89) Archive regions: 2->2
[2021-01-21T13:56:34.986+0500][5407.597s] GC(89) Humongous regions: 5->5
[2021-01-21T13:56:34.986+0500][5407.597s] GC(89) Metaspace: 57448K(59008K)->57448K(59008K) NonClass: 51135K(52480K)->51135K(52480K) Class: 6313K(6528K)->6313K(6528K)
[2021-01-21T13:56:34.986+0500][5407.597s] GC(89) Pause Young (Normal) (G1 Evacuation Pause) 352M->47M(512M) 1.821ms
[2021-01-21T13:56:34.986+0500][5407.597s] GC(89) User=0.01s Sys=0.00s Real=0.00s
[2021-01-21T13:56:37.301+0500][5409.913s] GC(90) Pause Young (Normal) (G1 Evacuation Pause)
[2021-01-21T13:56:37.302+0500][5409.913s] GC(90) Using 13 workers of 13 for evacuation
[2021-01-21T13:56:37.303+0500][5409.914s] GC(90)   Pre Evacuate Collection Set: 0.1ms
[2021-01-21T13:56:37.303+0500][5409.914s] GC(90)   Merge Heap Roots: 0.1ms
[2021-01-21T13:56:37.303+0500][5409.914s] GC(90)   Evacuate Collection Set: 0.5ms
[2021-01-21T13:56:37.303+0500][5409.914s] GC(90)   Post Evacuate Collection Set: 0.5ms
[2021-01-21T13:56:37.303+0500][5409.914s] GC(90)   Other: 0.1ms
[2021-01-21T13:56:37.303+0500][5409.914s] GC(90) Eden regions: 305->0(304)
[2021-01-21T13:56:37.303+0500][5409.914s] GC(90) Survivor regions: 2->3(39)
[2021-01-21T13:56:37.303+0500][5409.914s] GC(90) Old regions: 41->41
[2021-01-21T13:56:37.303+0500][5409.914s] GC(90) Archive regions: 2->2
[2021-01-21T13:56:37.303+0500][5409.914s] GC(90) Humongous regions: 5->5
[2021-01-21T13:56:37.303+0500][5409.914s] GC(90) Metaspace: 57448K(59008K)->57448K(59008K) NonClass: 51135K(52480K)->51135K(52480K) Class: 6313K(6528K)->6313K(6528K)
[2021-01-21T13:56:37.303+0500][5409.914s] GC(90) Pause Young (Normal) (G1 Evacuation Pause) 352M->48M(512M) 1.377ms
[2021-01-21T13:56:37.303+0500][5409.914s] GC(90) User=0.00s Sys=0.00s Real=0.00s
[2021-01-21T13:56:38.666+0500][5411.277s] GC(91) Pause Young (Normal) (G1 Evacuation Pause)
[2021-01-21T13:56:38.666+0500][5411.277s] GC(91) Using 13 workers of 13 for evacuation
[2021-01-21T13:56:38.667+0500][5411.278s] GC(91)   Pre Evacuate Collection Set: 0.1ms
[2021-01-21T13:56:38.667+0500][5411.278s] GC(91)   Merge Heap Roots: 0.1ms
[2021-01-21T13:56:38.667+0500][5411.278s] GC(91)   Evacuate Collection Set: 0.5ms
[2021-01-21T13:56:38.667+0500][5411.278s] GC(91)   Post Evacuate Collection Set: 0.4ms
[2021-01-21T13:56:38.667+0500][5411.278s] GC(91)   Other: 0.1ms
[2021-01-21T13:56:38.667+0500][5411.278s] GC(91) Eden regions: 304->0(304)
[2021-01-21T13:56:38.667+0500][5411.278s] GC(91) Survivor regions: 3->3(39)
[2021-01-21T13:56:38.667+0500][5411.278s] GC(91) Old regions: 41->41
[2021-01-21T13:56:38.667+0500][5411.278s] GC(91) Archive regions: 2->2
[2021-01-21T13:56:38.667+0500][5411.278s] GC(91) Humongous regions: 5->5
[2021-01-21T13:56:38.667+0500][5411.278s] GC(91) Metaspace: 57449K(59008K)->57449K(59008K) NonClass: 51135K(52480K)->51135K(52480K) Class: 6313K(6528K)->6313K(6528K)
[2021-01-21T13:56:38.667+0500][5411.278s] GC(91) Pause Young (Normal) (G1 Evacuation Pause) 352M->48M(512M) 1.343ms
[2021-01-21T13:56:38.667+0500][5411.278s] GC(91) User=0.00s Sys=0.00s Real=0.00s
[2021-01-21T13:56:40.334+0500][5412.945s] GC(92) Pause Young (Normal) (G1 Evacuation Pause)
[2021-01-21T13:56:40.334+0500][5412.945s] GC(92) Using 13 workers of 13 for evacuation
[2021-01-21T13:56:40.336+0500][5412.947s] GC(92)   Pre Evacuate Collection Set: 0.1ms
[2021-01-21T13:56:40.336+0500][5412.947s] GC(92)   Merge Heap Roots: 0.1ms
[2021-01-21T13:56:40.336+0500][5412.947s] GC(92)   Evacuate Collection Set: 0.9ms
[2021-01-21T13:56:40.336+0500][5412.947s] GC(92)   Post Evacuate Collection Set: 0.7ms
[2021-01-21T13:56:40.336+0500][5412.947s] GC(92)   Other: 0.2ms
[2021-01-21T13:56:40.336+0500][5412.947s] GC(92) Eden regions: 304->0(304)
[2021-01-21T13:56:40.336+0500][5412.947s] GC(92) Survivor regions: 3->3(39)
[2021-01-21T13:56:40.336+0500][5412.947s] GC(92) Old regions: 41->41
[2021-01-21T13:56:40.336+0500][5412.947s] GC(92) Archive regions: 2->2
[2021-01-21T13:56:40.336+0500][5412.947s] GC(92) Humongous regions: 5->5
[2021-01-21T13:56:40.336+0500][5412.947s] GC(92) Metaspace: 57450K(59008K)->57450K(59008K) NonClass: 51136K(52480K)->51136K(52480K) Class: 6313K(6528K)->6313K(6528K)
[2021-01-21T13:56:40.336+0500][5412.947s] GC(92) Pause Young (Normal) (G1 Evacuation Pause) 352M->48M(512M) 2.132ms
[2021-01-21T13:56:40.336+0500][5412.947s] GC(92) User=0.01s Sys=0.01s Real=0.00s
[2021-01-21T13:56:42.110+0500][5414.721s] GC(93) Pause Young (Normal) (G1 Evacuation Pause)
[2021-01-21T13:56:42.110+0500][5414.721s] GC(93) Using 13 workers of 13 for evacuation
[2021-01-21T13:56:42.112+0500][5414.723s] GC(93)   Pre Evacuate Collection Set: 0.1ms
[2021-01-21T13:56:42.112+0500][5414.723s] GC(93)   Merge Heap Roots: 0.1ms
[2021-01-21T13:56:42.112+0500][5414.723s] GC(93)   Evacuate Collection Set: 0.9ms
[2021-01-21T13:56:42.112+0500][5414.723s] GC(93)   Post Evacuate Collection Set: 1.0ms
[2021-01-21T13:56:42.112+0500][5414.724s] GC(93)   Other: 0.2ms
[2021-01-21T13:56:42.112+0500][5414.724s] GC(93) Eden regions: 304->0(303)
[2021-01-21T13:56:42.112+0500][5414.724s] GC(93) Survivor regions: 3->4(39)
[2021-01-21T13:56:42.113+0500][5414.724s] GC(93) Old regions: 41->41
[2021-01-21T13:56:42.113+0500][5414.724s] GC(93) Archive regions: 2->2
[2021-01-21T13:56:42.113+0500][5414.724s] GC(93) Humongous regions: 5->5
[2021-01-21T13:56:42.113+0500][5414.724s] GC(93) Metaspace: 57485K(59008K)->57485K(59008K) NonClass: 51172K(52480K)->51172K(52480K) Class: 6313K(6528K)->6313K(6528K)
[2021-01-21T13:56:42.113+0500][5414.724s] GC(93) Pause Young (Normal) (G1 Evacuation Pause) 352M->49M(512M) 2.384ms
[2021-01-21T13:56:42.113+0500][5414.724s] GC(93) User=0.01s Sys=0.00s Real=0.00s
[2021-01-21T13:56:43.930+0500][5416.541s] GC(94) Pause Young (Normal) (G1 Evacuation Pause)
[2021-01-21T13:56:43.930+0500][5416.541s] GC(94) Using 13 workers of 13 for evacuation
[2021-01-21T13:56:43.931+0500][5416.542s] GC(94)   Pre Evacuate Collection Set: 0.1ms
[2021-01-21T13:56:43.931+0500][5416.542s] GC(94)   Merge Heap Roots: 0.1ms
[2021-01-21T13:56:43.931+0500][5416.542s] GC(94)   Evacuate Collection Set: 0.8ms
[2021-01-21T13:56:43.931+0500][5416.542s] GC(94)   Post Evacuate Collection Set: 0.6ms
[2021-01-21T13:56:43.931+0500][5416.542s] GC(94)   Other: 0.1ms
[2021-01-21T13:56:43.931+0500][5416.542s] GC(94) Eden regions: 303->0(301)
[2021-01-21T13:56:43.931+0500][5416.542s] GC(94) Survivor regions: 4->6(39)
[2021-01-21T13:56:43.931+0500][5416.542s] GC(94) Old regions: 41->41
[2021-01-21T13:56:43.931+0500][5416.542s] GC(94) Archive regions: 2->2
[2021-01-21T13:56:43.931+0500][5416.542s] GC(94) Humongous regions: 10->7
[2021-01-21T13:56:43.931+0500][5416.542s] GC(94) Metaspace: 57507K(59008K)->57507K(59008K) NonClass: 51193K(52480K)->51193K(52480K) Class: 6313K(6528K)->6313K(6528K)
[2021-01-21T13:56:43.931+0500][5416.542s] GC(94) Pause Young (Normal) (G1 Evacuation Pause) 357M->53M(512M) 1.784ms
[2021-01-21T13:56:43.931+0500][5416.542s] GC(94) User=0.01s Sys=0.00s Real=0.00s
[2021-01-21T13:56:44.450+0500][5417.061s] GC(95) Pause Young (Normal) (G1 Evacuation Pause)
[2021-01-21T13:56:44.450+0500][5417.061s] GC(95) Using 13 workers of 13 for evacuation
[2021-01-21T13:56:44.452+0500][5417.063s] GC(95)   Pre Evacuate Collection Set: 0.1ms
[2021-01-21T13:56:44.452+0500][5417.063s] GC(95)   Merge Heap Roots: 0.1ms
[2021-01-21T13:56:44.452+0500][5417.063s] GC(95)   Evacuate Collection Set: 1.1ms
[2021-01-21T13:56:44.452+0500][5417.063s] GC(95)   Post Evacuate Collection Set: 0.7ms
[2021-01-21T13:56:44.452+0500][5417.063s] GC(95)   Other: 0.1ms
[2021-01-21T13:56:44.452+0500][5417.063s] GC(95) Eden regions: 301->0(300)
[2021-01-21T13:56:44.452+0500][5417.063s] GC(95) Survivor regions: 6->7(39)
[2021-01-21T13:56:44.452+0500][5417.063s] GC(95) Old regions: 41->41
[2021-01-21T13:56:44.452+0500][5417.063s] GC(95) Archive regions: 2->2
[2021-01-21T13:56:44.452+0500][5417.063s] GC(95) Humongous regions: 29->8
[2021-01-21T13:56:44.452+0500][5417.063s] GC(95) Metaspace: 57508K(59008K)->57508K(59008K) NonClass: 51194K(52480K)->51194K(52480K) Class: 6313K(6528K)->6313K(6528K)
[2021-01-21T13:56:44.452+0500][5417.063s] GC(95) Pause Young (Normal) (G1 Evacuation Pause) 376M->55M(512M) 2.197ms
[2021-01-21T13:56:44.452+0500][5417.063s] GC(95) User=0.01s Sys=0.00s Real=0.00s
[2021-01-21T13:56:45.827+0500][5418.438s] GC(96) Pause Young (Normal) (G1 Evacuation Pause)
[2021-01-21T13:56:45.828+0500][5418.439s] GC(96) Using 13 workers of 13 for evacuation
[2021-01-21T13:56:45.830+0500][5418.441s] GC(96)   Pre Evacuate Collection Set: 0.1ms
[2021-01-21T13:56:45.830+0500][5418.441s] GC(96)   Merge Heap Roots: 0.1ms
[2021-01-21T13:56:45.830+0500][5418.441s] GC(96)   Evacuate Collection Set: 1.3ms
[2021-01-21T13:56:45.830+0500][5418.441s] GC(96)   Post Evacuate Collection Set: 0.8ms
[2021-01-21T13:56:45.830+0500][5418.441s] GC(96)   Other: 0.2ms
[2021-01-21T13:56:45.830+0500][5418.441s] GC(96) Eden regions: 300->0(297)
[2021-01-21T13:56:45.830+0500][5418.441s] GC(96) Survivor regions: 7->10(39)
[2021-01-21T13:56:45.830+0500][5418.441s] GC(96) Old regions: 41->41
[2021-01-21T13:56:45.830+0500][5418.441s] GC(96) Archive regions: 2->2
[2021-01-21T13:56:45.830+0500][5418.441s] GC(96) Humongous regions: 8->8
[2021-01-21T13:56:45.830+0500][5418.441s] GC(96) Metaspace: 57512K(59008K)->57512K(59008K) NonClass: 51199K(52480K)->51199K(52480K) Class: 6313K(6528K)->6313K(6528K)
[2021-01-21T13:56:45.830+0500][5418.441s] GC(96) Pause Young (Normal) (G1 Evacuation Pause) 355M->58M(512M) 2.581ms
[2021-01-21T13:56:45.830+0500][5418.441s] GC(96) User=0.01s Sys=0.00s Real=0.01s
[2021-01-21T13:56:46.789+0500][5419.400s] GC(97) Pause Young (Normal) (G1 Evacuation Pause)
[2021-01-21T13:56:46.789+0500][5419.400s] GC(97) Using 13 workers of 13 for evacuation
[2021-01-21T13:56:46.791+0500][5419.402s] GC(97)   Pre Evacuate Collection Set: 0.1ms
[2021-01-21T13:56:46.791+0500][5419.402s] GC(97)   Merge Heap Roots: 0.1ms
[2021-01-21T13:56:46.791+0500][5419.402s] GC(97)   Evacuate Collection Set: 1.0ms
[2021-01-21T13:56:46.791+0500][5419.402s] GC(97)   Post Evacuate Collection Set: 0.6ms
[2021-01-21T13:56:46.791+0500][5419.402s] GC(97)   Other: 0.2ms
[2021-01-21T13:56:46.791+0500][5419.402s] GC(97) Eden regions: 297->0(300)
[2021-01-21T13:56:46.791+0500][5419.402s] GC(97) Survivor regions: 10->7(39)
[2021-01-21T13:56:46.791+0500][5419.402s] GC(97) Old regions: 41->41
[2021-01-21T13:56:46.791+0500][5419.402s] GC(97) Archive regions: 2->2
[2021-01-21T13:56:46.791+0500][5419.402s] GC(97) Humongous regions: 8->8
[2021-01-21T13:56:46.791+0500][5419.402s] GC(97) Metaspace: 57526K(59008K)->57526K(59008K) NonClass: 51212K(52480K)->51212K(52480K) Class: 6313K(6528K)->6313K(6528K)
[2021-01-21T13:56:46.791+0500][5419.402s] GC(97) Pause Young (Normal) (G1 Evacuation Pause) 355M->56M(512M) 2.104ms
[2021-01-21T13:56:46.791+0500][5419.402s] GC(97) User=0.01s Sys=0.00s Real=0.01s
[2021-01-21T13:56:48.790+0500][5421.401s] GC(98) Pause Young (Normal) (G1 Evacuation Pause)
[2021-01-21T13:56:48.790+0500][5421.401s] GC(98) Using 13 workers of 13 for evacuation
[2021-01-21T13:56:48.791+0500][5421.402s] GC(98)   Pre Evacuate Collection Set: 0.1ms
[2021-01-21T13:56:48.791+0500][5421.402s] GC(98)   Merge Heap Roots: 0.1ms
[2021-01-21T13:56:48.791+0500][5421.402s] GC(98)   Evacuate Collection Set: 1.0ms
[2021-01-21T13:56:48.791+0500][5421.402s] GC(98)   Post Evacuate Collection Set: 0.5ms
[2021-01-21T13:56:48.791+0500][5421.402s] GC(98)   Other: 0.1ms
[2021-01-21T13:56:48.791+0500][5421.403s] GC(98) Eden regions: 300->0(300)
[2021-01-21T13:56:48.792+0500][5421.403s] GC(98) Survivor regions: 7->7(39)
[2021-01-21T13:56:48.792+0500][5421.403s] GC(98) Old regions: 41->41
[2021-01-21T13:56:48.792+0500][5421.403s] GC(98) Archive regions: 2->2
[2021-01-21T13:56:48.792+0500][5421.403s] GC(98) Humongous regions: 8->5
[2021-01-21T13:56:48.792+0500][5421.403s] GC(98) Metaspace: 57528K(59008K)->57528K(59008K) NonClass: 51214K(52480K)->51214K(52480K) Class: 6313K(6528K)->6313K(6528K)
[2021-01-21T13:56:48.792+0500][5421.403s] GC(98) Pause Young (Normal) (G1 Evacuation Pause) 356M->53M(512M) 1.898ms
[2021-01-21T13:56:48.792+0500][5421.403s] GC(98) User=0.01s Sys=0.00s Real=0.00s
[2021-01-21T13:56:49.482+0500][5422.093s] GC(99) Pause Young (Normal) (G1 Evacuation Pause)
[2021-01-21T13:56:49.482+0500][5422.093s] GC(99) Using 13 workers of 13 for evacuation
[2021-01-21T13:56:49.484+0500][5422.095s] GC(99)   Pre Evacuate Collection Set: 0.1ms
[2021-01-21T13:56:49.484+0500][5422.095s] GC(99)   Merge Heap Roots: 0.1ms
[2021-01-21T13:56:49.484+0500][5422.095s] GC(99)   Evacuate Collection Set: 0.9ms
[2021-01-21T13:56:49.484+0500][5422.095s] GC(99)   Post Evacuate Collection Set: 0.4ms
[2021-01-21T13:56:49.484+0500][5422.095s] GC(99)   Other: 0.1ms
[2021-01-21T13:56:49.484+0500][5422.095s] GC(99) Eden regions: 300->0(302)
[2021-01-21T13:56:49.484+0500][5422.095s] GC(99) Survivor regions: 7->5(39)
[2021-01-21T13:56:49.484+0500][5422.095s] GC(99) Old regions: 41->41
[2021-01-21T13:56:49.484+0500][5422.095s] GC(99) Archive regions: 2->2
[2021-01-21T13:56:49.484+0500][5422.095s] GC(99) Humongous regions: 5->5
[2021-01-21T13:56:49.484+0500][5422.095s] GC(99) Metaspace: 57531K(59008K)->57531K(59008K) NonClass: 51217K(52480K)->51217K(52480K) Class: 6313K(6528K)->6313K(6528K)
[2021-01-21T13:56:49.484+0500][5422.095s] GC(99) Pause Young (Normal) (G1 Evacuation Pause) 353M->51M(512M) 1.653ms
[2021-01-21T13:56:49.484+0500][5422.095s] GC(99) User=0.01s Sys=0.00s Real=0.00s
[2021-01-21T13:56:50.973+0500][5423.584s] GC(100) Pause Young (Normal) (G1 Evacuation Pause)
[2021-01-21T13:56:50.973+0500][5423.584s] GC(100) Using 13 workers of 13 for evacuation
[2021-01-21T13:56:50.974+0500][5423.585s] GC(100)   Pre Evacuate Collection Set: 0.1ms
[2021-01-21T13:56:50.974+0500][5423.585s] GC(100)   Merge Heap Roots: 0.1ms
[2021-01-21T13:56:50.974+0500][5423.585s] GC(100)   Evacuate Collection Set: 0.7ms
[2021-01-21T13:56:50.974+0500][5423.585s] GC(100)   Post Evacuate Collection Set: 0.7ms
[2021-01-21T13:56:50.974+0500][5423.585s] GC(100)   Other: 0.2ms
[2021-01-21T13:56:50.974+0500][5423.585s] GC(100) Eden regions: 302->0(304)
[2021-01-21T13:56:50.974+0500][5423.585s] GC(100) Survivor regions: 5->3(39)
[2021-01-21T13:56:50.974+0500][5423.585s] GC(100) Old regions: 41->41
[2021-01-21T13:56:50.974+0500][5423.585s] GC(100) Archive regions: 2->2
[2021-01-21T13:56:50.974+0500][5423.585s] GC(100) Humongous regions: 5->5
[2021-01-21T13:56:50.974+0500][5423.585s] GC(100) Metaspace: 57532K(59008K)->57532K(59008K) NonClass: 51219K(52480K)->51219K(52480K) Class: 6313K(6528K)->6313K(6528K)
[2021-01-21T13:56:50.974+0500][5423.585s] GC(100) Pause Young (Normal) (G1 Evacuation Pause) 353M->49M(512M) 1.861ms
[2021-01-21T13:56:50.974+0500][5423.585s] GC(100) User=0.01s Sys=0.01s Real=0.00s
[2021-01-21T13:56:52.530+0500][5425.141s] GC(101) Pause Young (Normal) (G1 Evacuation Pause)
[2021-01-21T13:56:52.530+0500][5425.141s] GC(101) Using 13 workers of 13 for evacuation
[2021-01-21T13:56:52.531+0500][5425.142s] GC(101)   Pre Evacuate Collection Set: 0.1ms
[2021-01-21T13:56:52.531+0500][5425.142s] GC(101)   Merge Heap Roots: 0.1ms
[2021-01-21T13:56:52.531+0500][5425.142s] GC(101)   Evacuate Collection Set: 0.7ms
[2021-01-21T13:56:52.531+0500][5425.142s] GC(101)   Post Evacuate Collection Set: 0.4ms
[2021-01-21T13:56:52.531+0500][5425.142s] GC(101)   Other: 0.1ms
[2021-01-21T13:56:52.531+0500][5425.142s] GC(101) Eden regions: 304->0(302)
[2021-01-21T13:56:52.531+0500][5425.142s] GC(101) Survivor regions: 3->5(39)
[2021-01-21T13:56:52.531+0500][5425.142s] GC(101) Old regions: 41->41
[2021-01-21T13:56:52.531+0500][5425.142s] GC(101) Archive regions: 2->2
[2021-01-21T13:56:52.531+0500][5425.142s] GC(101) Humongous regions: 5->5
[2021-01-21T13:56:52.531+0500][5425.142s] GC(101) Metaspace: 57538K(59008K)->57538K(59008K) NonClass: 51224K(52480K)->51224K(52480K) Class: 6313K(6528K)->6313K(6528K)
[2021-01-21T13:56:52.531+0500][5425.142s] GC(101) Pause Young (Normal) (G1 Evacuation Pause) 353M->50M(512M) 1.578ms
[2021-01-21T13:56:52.531+0500][5425.142s] GC(101) User=0.01s Sys=0.01s Real=0.00s
[2021-01-21T13:56:53.161+0500][5425.772s] GC(102) Pause Young (Normal) (G1 Evacuation Pause)
[2021-01-21T13:56:53.161+0500][5425.772s] GC(102) Using 13 workers of 13 for evacuation
[2021-01-21T13:56:53.163+0500][5425.774s] GC(102)   Pre Evacuate Collection Set: 0.1ms
[2021-01-21T13:56:53.163+0500][5425.774s] GC(102)   Merge Heap Roots: 0.1ms
[2021-01-21T13:56:53.163+0500][5425.774s] GC(102)   Evacuate Collection Set: 1.0ms
[2021-01-21T13:56:53.163+0500][5425.774s] GC(102)   Post Evacuate Collection Set: 0.6ms
[2021-01-21T13:56:53.163+0500][5425.774s] GC(102)   Other: 0.2ms
[2021-01-21T13:56:53.163+0500][5425.774s] GC(102) Eden regions: 302->0(301)
[2021-01-21T13:56:53.163+0500][5425.774s] GC(102) Survivor regions: 5->6(39)
[2021-01-21T13:56:53.163+0500][5425.774s] GC(102) Old regions: 41->41
[2021-01-21T13:56:53.163+0500][5425.774s] GC(102) Archive regions: 2->2
[2021-01-21T13:56:53.163+0500][5425.774s] GC(102) Humongous regions: 5->5
[2021-01-21T13:56:53.163+0500][5425.774s] GC(102) Metaspace: 57542K(59008K)->57542K(59008K) NonClass: 51228K(52480K)->51228K(52480K) Class: 6313K(6528K)->6313K(6528K)
[2021-01-21T13:56:53.163+0500][5425.774s] GC(102) Pause Young (Normal) (G1 Evacuation Pause) 352M->51M(512M) 2.094ms
[2021-01-21T13:56:53.163+0500][5425.774s] GC(102) User=0.01s Sys=0.01s Real=0.00s
[2021-01-21T13:56:53.899+0500][5426.510s] GC(103) Pause Young (Normal) (G1 Evacuation Pause)
[2021-01-21T13:56:53.899+0500][5426.510s] GC(103) Using 13 workers of 13 for evacuation
[2021-01-21T13:56:53.901+0500][5426.512s] GC(103)   Pre Evacuate Collection Set: 0.1ms
[2021-01-21T13:56:53.901+0500][5426.512s] GC(103)   Merge Heap Roots: 0.1ms
[2021-01-21T13:56:53.901+0500][5426.512s] GC(103)   Evacuate Collection Set: 0.8ms
[2021-01-21T13:56:53.901+0500][5426.512s] GC(103)   Post Evacuate Collection Set: 0.7ms
[2021-01-21T13:56:53.901+0500][5426.512s] GC(103)   Other: 0.1ms
[2021-01-21T13:56:53.901+0500][5426.512s] GC(103) Eden regions: 301->0(303)
[2021-01-21T13:56:53.901+0500][5426.512s] GC(103) Survivor regions: 6->4(39)
[2021-01-21T13:56:53.901+0500][5426.512s] GC(103) Old regions: 41->41
[2021-01-21T13:56:53.901+0500][5426.512s] GC(103) Archive regions: 2->2
[2021-01-21T13:56:53.901+0500][5426.512s] GC(103) Humongous regions: 5->5
[2021-01-21T13:56:53.901+0500][5426.512s] GC(103) Metaspace: 57545K(59008K)->57545K(59008K) NonClass: 51231K(52480K)->51231K(52480K) Class: 6313K(6528K)->6313K(6528K)
[2021-01-21T13:56:53.901+0500][5426.512s] GC(103) Pause Young (Normal) (G1 Evacuation Pause) 352M->50M(512M) 2.037ms
[2021-01-21T13:56:53.901+0500][5426.512s] GC(103) User=0.01s Sys=0.01s Real=0.01s
[2021-01-21T13:56:56.074+0500][5428.685s] GC(104) Pause Young (Normal) (G1 Evacuation Pause)
[2021-01-21T13:56:56.074+0500][5428.685s] GC(104) Using 13 workers of 13 for evacuation
[2021-01-21T13:56:56.076+0500][5428.687s] GC(104)   Pre Evacuate Collection Set: 0.1ms
[2021-01-21T13:56:56.076+0500][5428.687s] GC(104)   Merge Heap Roots: 0.1ms
[2021-01-21T13:56:56.076+0500][5428.687s] GC(104)   Evacuate Collection Set: 0.8ms
[2021-01-21T13:56:56.076+0500][5428.687s] GC(104)   Post Evacuate Collection Set: 0.8ms
[2021-01-21T13:56:56.076+0500][5428.687s] GC(104)   Other: 0.2ms
[2021-01-21T13:56:56.076+0500][5428.687s] GC(104) Eden regions: 303->0(303)
[2021-01-21T13:56:56.076+0500][5428.687s] GC(104) Survivor regions: 4->4(39)
[2021-01-21T13:56:56.076+0500][5428.687s] GC(104) Old regions: 41->42
[2021-01-21T13:56:56.076+0500][5428.687s] GC(104) Archive regions: 2->2
[2021-01-21T13:56:56.076+0500][5428.687s] GC(104) Humongous regions: 5->5
[2021-01-21T13:56:56.076+0500][5428.687s] GC(104) Metaspace: 57546K(59008K)->57546K(59008K) NonClass: 51232K(52480K)->51232K(52480K) Class: 6313K(6528K)->6313K(6528K)
[2021-01-21T13:56:56.076+0500][5428.687s] GC(104) Pause Young (Normal) (G1 Evacuation Pause) 352M->50M(512M) 2.133ms
[2021-01-21T13:56:56.077+0500][5428.687s] GC(104) User=0.01s Sys=0.01s Real=0.00s
[2021-01-21T13:56:56.730+0500][5429.341s] GC(105) Pause Young (Normal) (G1 Evacuation Pause)
[2021-01-21T13:56:56.730+0500][5429.341s] GC(105) Using 13 workers of 13 for evacuation
[2021-01-21T13:56:56.731+0500][5429.342s] GC(105)   Pre Evacuate Collection Set: 0.1ms
[2021-01-21T13:56:56.731+0500][5429.342s] GC(105)   Merge Heap Roots: 0.1ms
[2021-01-21T13:56:56.731+0500][5429.342s] GC(105)   Evacuate Collection Set: 0.6ms
[2021-01-21T13:56:56.731+0500][5429.342s] GC(105)   Post Evacuate Collection Set: 0.3ms
[2021-01-21T13:56:56.731+0500][5429.342s] GC(105)   Other: 0.1ms
[2021-01-21T13:56:56.731+0500][5429.342s] GC(105) Eden regions: 303->0(303)
[2021-01-21T13:56:56.731+0500][5429.342s] GC(105) Survivor regions: 4->4(39)
[2021-01-21T13:56:56.731+0500][5429.342s] GC(105) Old regions: 42->42
[2021-01-21T13:56:56.731+0500][5429.342s] GC(105) Archive regions: 2->2
[2021-01-21T13:56:56.731+0500][5429.342s] GC(105) Humongous regions: 5->5
[2021-01-21T13:56:56.731+0500][5429.342s] GC(105) Metaspace: 57546K(59008K)->57546K(59008K) NonClass: 51232K(52480K)->51232K(52480K) Class: 6313K(6528K)->6313K(6528K)
[2021-01-21T13:56:56.731+0500][5429.342s] GC(105) Pause Young (Normal) (G1 Evacuation Pause) 353M->50M(512M) 1.346ms
[2021-01-21T13:56:56.731+0500][5429.342s] GC(105) User=0.01s Sys=0.00s Real=0.00s
[2021-01-21T13:56:59.323+0500][5431.934s] GC(106) Pause Young (Normal) (G1 Evacuation Pause)
[2021-01-21T13:56:59.323+0500][5431.934s] GC(106) Using 13 workers of 13 for evacuation
[2021-01-21T13:56:59.325+0500][5431.935s] GC(106)   Pre Evacuate Collection Set: 0.1ms
[2021-01-21T13:56:59.325+0500][5431.936s] GC(106)   Merge Heap Roots: 0.1ms
[2021-01-21T13:56:59.325+0500][5431.936s] GC(106)   Evacuate Collection Set: 0.7ms
[2021-01-21T13:56:59.325+0500][5431.936s] GC(106)   Post Evacuate Collection Set: 0.8ms
[2021-01-21T13:56:59.325+0500][5431.936s] GC(106)   Other: 0.2ms
[2021-01-21T13:56:59.325+0500][5431.936s] GC(106) Eden regions: 303->0(303)
[2021-01-21T13:56:59.325+0500][5431.936s] GC(106) Survivor regions: 4->4(39)
[2021-01-21T13:56:59.325+0500][5431.936s] GC(106) Old regions: 42->42
[2021-01-21T13:56:59.325+0500][5431.936s] GC(106) Archive regions: 2->2
[2021-01-21T13:56:59.325+0500][5431.936s] GC(106) Humongous regions: 5->5
[2021-01-21T13:56:59.325+0500][5431.936s] GC(106) Metaspace: 57560K(59008K)->57560K(59008K) NonClass: 51246K(52480K)->51246K(52480K) Class: 6313K(6528K)->6313K(6528K)
[2021-01-21T13:56:59.325+0500][5431.936s] GC(106) Pause Young (Normal) (G1 Evacuation Pause) 353M->50M(512M) 2.042ms
[2021-01-21T13:56:59.325+0500][5431.936s] GC(106) User=0.01s Sys=0.00s Real=0.00s
[2021-01-21T13:57:00.664+0500][5433.275s] GC(107) Pause Young (Normal) (G1 Evacuation Pause)
[2021-01-21T13:57:00.664+0500][5433.275s] GC(107) Using 13 workers of 13 for evacuation
[2021-01-21T13:57:00.666+0500][5433.277s] GC(107)   Pre Evacuate Collection Set: 0.1ms
[2021-01-21T13:57:00.666+0500][5433.277s] GC(107)   Merge Heap Roots: 0.1ms
[2021-01-21T13:57:00.666+0500][5433.277s] GC(107)   Evacuate Collection Set: 0.9ms
[2021-01-21T13:57:00.666+0500][5433.277s] GC(107)   Post Evacuate Collection Set: 0.9ms
[2021-01-21T13:57:00.666+0500][5433.277s] GC(107)   Other: 0.2ms
[2021-01-21T13:57:00.666+0500][5433.277s] GC(107) Eden regions: 303->0(303)
[2021-01-21T13:57:00.666+0500][5433.277s] GC(107) Survivor regions: 4->4(39)
[2021-01-21T13:57:00.666+0500][5433.277s] GC(107) Old regions: 42->42
[2021-01-21T13:57:00.666+0500][5433.277s] GC(107) Archive regions: 2->2
[2021-01-21T13:57:00.666+0500][5433.277s] GC(107) Humongous regions: 5->5
[2021-01-21T13:57:00.666+0500][5433.277s] GC(107) Metaspace: 57565K(59008K)->57565K(59008K) NonClass: 51251K(52480K)->51251K(52480K) Class: 6313K(6528K)->6313K(6528K)
[2021-01-21T13:57:00.666+0500][5433.277s] GC(107) Pause Young (Normal) (G1 Evacuation Pause) 353M->50M(512M) 2.358ms
[2021-01-21T13:57:00.666+0500][5433.277s] GC(107) User=0.01s Sys=0.00s Real=0.00s
[2021-01-21T13:57:02.431+0500][5435.042s] GC(108) Pause Young (Normal) (G1 Evacuation Pause)
[2021-01-21T13:57:02.431+0500][5435.042s] GC(108) Using 13 workers of 13 for evacuation
[2021-01-21T13:57:02.433+0500][5435.044s] GC(108)   Pre Evacuate Collection Set: 0.1ms
[2021-01-21T13:57:02.433+0500][5435.044s] GC(108)   Merge Heap Roots: 0.1ms
[2021-01-21T13:57:02.433+0500][5435.044s] GC(108)   Evacuate Collection Set: 0.8ms
[2021-01-21T13:57:02.433+0500][5435.044s] GC(108)   Post Evacuate Collection Set: 0.5ms
[2021-01-21T13:57:02.433+0500][5435.044s] GC(108)   Other: 0.1ms
[2021-01-21T13:57:02.433+0500][5435.044s] GC(108) Eden regions: 303->0(301)
[2021-01-21T13:57:02.433+0500][5435.044s] GC(108) Survivor regions: 4->6(39)
[2021-01-21T13:57:02.433+0500][5435.044s] GC(108) Old regions: 42->42
[2021-01-21T13:57:02.433+0500][5435.044s] GC(108) Archive regions: 2->2
[2021-01-21T13:57:02.433+0500][5435.044s] GC(108) Humongous regions: 7->6
[2021-01-21T13:57:02.433+0500][5435.044s] GC(108) Metaspace: 57571K(59008K)->57571K(59008K) NonClass: 51257K(52480K)->51257K(52480K) Class: 6313K(6528K)->6313K(6528K)
[2021-01-21T13:57:02.433+0500][5435.044s] GC(108) Pause Young (Normal) (G1 Evacuation Pause) 355M->53M(512M) 1.810ms
[2021-01-21T13:57:02.433+0500][5435.044s] GC(108) User=0.01s Sys=0.00s Real=0.00s
[2021-01-21T13:57:02.961+0500][5435.572s] GC(109) Pause Young (Normal) (G1 Evacuation Pause)
[2021-01-21T13:57:02.961+0500][5435.572s] GC(109) Using 13 workers of 13 for evacuation
[2021-01-21T13:57:02.963+0500][5435.574s] GC(109)   Pre Evacuate Collection Set: 0.1ms
[2021-01-21T13:57:02.963+0500][5435.574s] GC(109)   Merge Heap Roots: 0.1ms
[2021-01-21T13:57:02.963+0500][5435.574s] GC(109)   Evacuate Collection Set: 1.0ms
[2021-01-21T13:57:02.963+0500][5435.574s] GC(109)   Post Evacuate Collection Set: 0.3ms
[2021-01-21T13:57:02.963+0500][5435.574s] GC(109)   Other: 0.2ms
[2021-01-21T13:57:02.963+0500][5435.574s] GC(109) Eden regions: 301->0(300)
[2021-01-21T13:57:02.963+0500][5435.574s] GC(109) Survivor regions: 6->7(39)
[2021-01-21T13:57:02.963+0500][5435.574s] GC(109) Old regions: 42->42
[2021-01-21T13:57:02.963+0500][5435.574s] GC(109) Archive regions: 2->2
[2021-01-21T13:57:02.963+0500][5435.574s] GC(109) Humongous regions: 8->5
[2021-01-21T13:57:02.963+0500][5435.574s] GC(109) Metaspace: 57572K(59008K)->57572K(59008K) NonClass: 51258K(52480K)->51258K(52480K) Class: 6313K(6528K)->6313K(6528K)
[2021-01-21T13:57:02.963+0500][5435.574s] GC(109) Pause Young (Normal) (G1 Evacuation Pause) 356M->53M(512M) 1.796ms
[2021-01-21T13:57:02.963+0500][5435.574s] GC(109) User=0.02s Sys=0.01s Real=0.00s
[2021-01-21T13:57:04.852+0500][5437.463s] GC(110) Pause Young (Normal) (G1 Evacuation Pause)
[2021-01-21T13:57:04.852+0500][5437.463s] GC(110) Using 13 workers of 13 for evacuation
[2021-01-21T13:57:04.854+0500][5437.465s] GC(110)   Pre Evacuate Collection Set: 0.1ms
[2021-01-21T13:57:04.854+0500][5437.465s] GC(110)   Merge Heap Roots: 0.1ms
[2021-01-21T13:57:04.854+0500][5437.465s] GC(110)   Evacuate Collection Set: 1.5ms
[2021-01-21T13:57:04.854+0500][5437.465s] GC(110)   Post Evacuate Collection Set: 0.5ms
[2021-01-21T13:57:04.854+0500][5437.465s] GC(110)   Other: 0.2ms
[2021-01-21T13:57:04.854+0500][5437.465s] GC(110) Eden regions: 300->0(299)
[2021-01-21T13:57:04.854+0500][5437.465s] GC(110) Survivor regions: 7->8(39)
[2021-01-21T13:57:04.854+0500][5437.465s] GC(110) Old regions: 42->42
[2021-01-21T13:57:04.854+0500][5437.465s] GC(110) Archive regions: 2->2
[2021-01-21T13:57:04.854+0500][5437.465s] GC(110) Humongous regions: 5->5
[2021-01-21T13:57:04.854+0500][5437.465s] GC(110) Metaspace: 57572K(59008K)->57572K(59008K) NonClass: 51259K(52480K)->51259K(52480K) Class: 6313K(6528K)->6313K(6528K)
[2021-01-21T13:57:04.854+0500][5437.465s] GC(110) Pause Young (Normal) (G1 Evacuation Pause) 353M->54M(512M) 2.460ms
[2021-01-21T13:57:04.854+0500][5437.465s] GC(110) User=0.02s Sys=0.00s Real=0.00s
[2021-01-21T13:57:05.571+0500][5438.182s] GC(111) Pause Young (Normal) (G1 Evacuation Pause)
[2021-01-21T13:57:05.571+0500][5438.182s] GC(111) Using 13 workers of 13 for evacuation
[2021-01-21T13:57:05.574+0500][5438.184s] GC(111)   Pre Evacuate Collection Set: 0.1ms
[2021-01-21T13:57:05.574+0500][5438.185s] GC(111)   Merge Heap Roots: 0.1ms
[2021-01-21T13:57:05.574+0500][5438.185s] GC(111)   Evacuate Collection Set: 1.6ms
[2021-01-21T13:57:05.574+0500][5438.185s] GC(111)   Post Evacuate Collection Set: 0.7ms
[2021-01-21T13:57:05.574+0500][5438.185s] GC(111)   Other: 0.2ms
[2021-01-21T13:57:05.574+0500][5438.185s] GC(111) Eden regions: 299->0(298)
[2021-01-21T13:57:05.574+0500][5438.185s] GC(111) Survivor regions: 8->9(39)
[2021-01-21T13:57:05.574+0500][5438.185s] GC(111) Old regions: 42->42
[2021-01-21T13:57:05.574+0500][5438.185s] GC(111) Archive regions: 2->2
[2021-01-21T13:57:05.574+0500][5438.185s] GC(111) Humongous regions: 5->5
[2021-01-21T13:57:05.574+0500][5438.185s] GC(111) Metaspace: 57574K(59008K)->57574K(59008K) NonClass: 51260K(52480K)->51260K(52480K) Class: 6313K(6528K)->6313K(6528K)
[2021-01-21T13:57:05.574+0500][5438.185s] GC(111) Pause Young (Normal) (G1 Evacuation Pause) 353M->55M(512M) 2.923ms
[2021-01-21T13:57:05.574+0500][5438.185s] GC(111) User=0.02s Sys=0.01s Real=0.00s
[2021-01-21T13:57:07.118+0500][5439.729s] GC(112) Pause Young (Normal) (G1 Evacuation Pause)
[2021-01-21T13:57:07.118+0500][5439.729s] GC(112) Using 13 workers of 13 for evacuation
[2021-01-21T13:57:07.120+0500][5439.730s] GC(112)   Pre Evacuate Collection Set: 0.1ms
[2021-01-21T13:57:07.120+0500][5439.731s] GC(112)   Merge Heap Roots: 0.1ms
[2021-01-21T13:57:07.120+0500][5439.731s] GC(112)   Evacuate Collection Set: 0.8ms
[2021-01-21T13:57:07.120+0500][5439.731s] GC(112)   Post Evacuate Collection Set: 0.5ms
[2021-01-21T13:57:07.120+0500][5439.731s] GC(112)   Other: 0.2ms
[2021-01-21T13:57:07.120+0500][5439.731s] GC(112) Eden regions: 298->0(302)
[2021-01-21T13:57:07.120+0500][5439.731s] GC(112) Survivor regions: 9->5(39)
[2021-01-21T13:57:07.120+0500][5439.731s] GC(112) Old regions: 42->42
[2021-01-21T13:57:07.120+0500][5439.731s] GC(112) Archive regions: 2->2
[2021-01-21T13:57:07.120+0500][5439.731s] GC(112) Humongous regions: 5->5
[2021-01-21T13:57:07.120+0500][5439.731s] GC(112) Metaspace: 57580K(59008K)->57580K(59008K) NonClass: 51267K(52480K)->51267K(52480K) Class: 6313K(6528K)->6313K(6528K)
[2021-01-21T13:57:07.120+0500][5439.731s] GC(112) Pause Young (Normal) (G1 Evacuation Pause) 353M->51M(512M) 1.820ms
[2021-01-21T13:57:07.120+0500][5439.731s] GC(112) User=0.02s Sys=0.01s Real=0.01s
[2021-01-21T13:57:08.864+0500][5441.475s] GC(113) Pause Young (Normal) (G1 Evacuation Pause)
[2021-01-21T13:57:08.864+0500][5441.475s] GC(113) Using 13 workers of 13 for evacuation
[2021-01-21T13:57:08.866+0500][5441.477s] GC(113)   Pre Evacuate Collection Set: 0.1ms
[2021-01-21T13:57:08.866+0500][5441.477s] GC(113)   Merge Heap Roots: 0.1ms
[2021-01-21T13:57:08.866+0500][5441.477s] GC(113)   Evacuate Collection Set: 0.9ms
[2021-01-21T13:57:08.866+0500][5441.477s] GC(113)   Post Evacuate Collection Set: 0.8ms
[2021-01-21T13:57:08.866+0500][5441.477s] GC(113)   Other: 0.2ms
[2021-01-21T13:57:08.866+0500][5441.477s] GC(113) Eden regions: 302->0(302)
[2021-01-21T13:57:08.866+0500][5441.477s] GC(113) Survivor regions: 5->5(39)
[2021-01-21T13:57:08.866+0500][5441.477s] GC(113) Old regions: 42->42
[2021-01-21T13:57:08.866+0500][5441.477s] GC(113) Archive regions: 2->2
[2021-01-21T13:57:08.866+0500][5441.477s] GC(113) Humongous regions: 5->5
[2021-01-21T13:57:08.866+0500][5441.477s] GC(113) Metaspace: 57602K(59264K)->57602K(59264K) NonClass: 51288K(52736K)->51288K(52736K) Class: 6313K(6528K)->6313K(6528K)
[2021-01-21T13:57:08.866+0500][5441.477s] GC(113) Pause Young (Normal) (G1 Evacuation Pause) 353M->51M(512M) 2.200ms
[2021-01-21T13:57:08.866+0500][5441.477s] GC(113) User=0.01s Sys=0.00s Real=0.00s
[2021-01-21T13:57:10.669+0500][5443.280s] GC(114) Pause Young (Normal) (G1 Evacuation Pause)
[2021-01-21T13:57:10.669+0500][5443.280s] GC(114) Using 13 workers of 13 for evacuation
[2021-01-21T13:57:10.671+0500][5443.282s] GC(114)   Pre Evacuate Collection Set: 0.1ms
[2021-01-21T13:57:10.671+0500][5443.282s] GC(114)   Merge Heap Roots: 0.1ms
[2021-01-21T13:57:10.671+0500][5443.282s] GC(114)   Evacuate Collection Set: 1.0ms
[2021-01-21T13:57:10.671+0500][5443.282s] GC(114)   Post Evacuate Collection Set: 0.8ms
[2021-01-21T13:57:10.672+0500][5443.282s] GC(114)   Other: 0.2ms
[2021-01-21T13:57:10.672+0500][5443.282s] GC(114) Eden regions: 302->0(302)
[2021-01-21T13:57:10.672+0500][5443.282s] GC(114) Survivor regions: 5->5(39)
[2021-01-21T13:57:10.672+0500][5443.282s] GC(114) Old regions: 42->42
[2021-01-21T13:57:10.672+0500][5443.282s] GC(114) Archive regions: 2->2
[2021-01-21T13:57:10.672+0500][5443.282s] GC(114) Humongous regions: 5->5
[2021-01-21T13:57:10.672+0500][5443.282s] GC(114) Metaspace: 57621K(59264K)->57621K(59264K) NonClass: 51308K(52736K)->51308K(52736K) Class: 6313K(6528K)->6313K(6528K)
[2021-01-21T13:57:10.672+0500][5443.283s] GC(114) Pause Young (Normal) (G1 Evacuation Pause) 353M->51M(512M) 2.321ms
[2021-01-21T13:57:10.672+0500][5443.283s] GC(114) User=0.01s Sys=0.01s Real=0.01s
[2021-01-21T13:57:11.415+0500][5444.026s] GC(115) Pause Young (Normal) (G1 Evacuation Pause)
[2021-01-21T13:57:11.415+0500][5444.026s] GC(115) Using 13 workers of 13 for evacuation
[2021-01-21T13:57:11.417+0500][5444.028s] GC(115)   Pre Evacuate Collection Set: 0.1ms
[2021-01-21T13:57:11.417+0500][5444.028s] GC(115)   Merge Heap Roots: 0.1ms
[2021-01-21T13:57:11.417+0500][5444.028s] GC(115)   Evacuate Collection Set: 0.8ms
[2021-01-21T13:57:11.417+0500][5444.028s] GC(115)   Post Evacuate Collection Set: 0.6ms
[2021-01-21T13:57:11.417+0500][5444.028s] GC(115)   Other: 0.2ms
[2021-01-21T13:57:11.417+0500][5444.028s] GC(115) Eden regions: 302->0(302)
[2021-01-21T13:57:11.417+0500][5444.028s] GC(115) Survivor regions: 5->5(39)
[2021-01-21T13:57:11.417+0500][5444.028s] GC(115) Old regions: 42->42
[2021-01-21T13:57:11.417+0500][5444.028s] GC(115) Archive regions: 2->2
[2021-01-21T13:57:11.417+0500][5444.028s] GC(115) Humongous regions: 5->5
[2021-01-21T13:57:11.417+0500][5444.028s] GC(115) Metaspace: 57621K(59264K)->57621K(59264K) NonClass: 51308K(52736K)->51308K(52736K) Class: 6313K(6528K)->6313K(6528K)
[2021-01-21T13:57:11.417+0500][5444.028s] GC(115) Pause Young (Normal) (G1 Evacuation Pause) 353M->51M(512M) 1.968ms
[2021-01-21T13:57:11.417+0500][5444.028s] GC(115) User=0.01s Sys=0.00s Real=0.00s
[2021-01-21T13:57:13.331+0500][5445.942s] GC(116) Pause Young (Normal) (G1 Evacuation Pause)
[2021-01-21T13:57:13.331+0500][5445.942s] GC(116) Using 13 workers of 13 for evacuation
[2021-01-21T13:57:13.333+0500][5445.944s] GC(116)   Pre Evacuate Collection Set: 0.1ms
[2021-01-21T13:57:13.333+0500][5445.944s] GC(116)   Merge Heap Roots: 0.1ms
[2021-01-21T13:57:13.333+0500][5445.944s] GC(116)   Evacuate Collection Set: 1.0ms
[2021-01-21T13:57:13.333+0500][5445.944s] GC(116)   Post Evacuate Collection Set: 0.7ms
[2021-01-21T13:57:13.333+0500][5445.944s] GC(116)   Other: 0.2ms
[2021-01-21T13:57:13.333+0500][5445.944s] GC(116) Eden regions: 302->0(302)
[2021-01-21T13:57:13.333+0500][5445.944s] GC(116) Survivor regions: 5->5(39)
[2021-01-21T13:57:13.333+0500][5445.944s] GC(116) Old regions: 42->42
[2021-01-21T13:57:13.333+0500][5445.944s] GC(116) Archive regions: 2->2
[2021-01-21T13:57:13.333+0500][5445.944s] GC(116) Humongous regions: 5->5
[2021-01-21T13:57:13.333+0500][5445.944s] GC(116) Metaspace: 57622K(59264K)->57622K(59264K) NonClass: 51308K(52736K)->51308K(52736K) Class: 6313K(6528K)->6313K(6528K)
[2021-01-21T13:57:13.333+0500][5445.944s] GC(116) Pause Young (Normal) (G1 Evacuation Pause) 353M->52M(512M) 2.247ms
[2021-01-21T13:57:13.333+0500][5445.944s] GC(116) User=0.01s Sys=0.01s Real=0.00s
[2021-01-21T13:57:14.756+0500][5447.367s] GC(117) Pause Young (Normal) (G1 Evacuation Pause)
[2021-01-21T13:57:14.756+0500][5447.367s] GC(117) Using 13 workers of 13 for evacuation
[2021-01-21T13:57:14.758+0500][5447.369s] GC(117)   Pre Evacuate Collection Set: 0.1ms
[2021-01-21T13:57:14.758+0500][5447.369s] GC(117)   Merge Heap Roots: 0.1ms
[2021-01-21T13:57:14.758+0500][5447.369s] GC(117)   Evacuate Collection Set: 1.0ms
[2021-01-21T13:57:14.758+0500][5447.369s] GC(117)   Post Evacuate Collection Set: 0.8ms
[2021-01-21T13:57:14.758+0500][5447.369s] GC(117)   Other: 0.2ms
[2021-01-21T13:57:14.758+0500][5447.369s] GC(117) Eden regions: 302->0(302)
[2021-01-21T13:57:14.758+0500][5447.369s] GC(117) Survivor regions: 5->5(39)
[2021-01-21T13:57:14.758+0500][5447.369s] GC(117) Old regions: 42->42
[2021-01-21T13:57:14.758+0500][5447.369s] GC(117) Archive regions: 2->2
[2021-01-21T13:57:14.758+0500][5447.369s] GC(117) Humongous regions: 5->5
[2021-01-21T13:57:14.759+0500][5447.369s] GC(117) Metaspace: 57636K(59264K)->57636K(59264K) NonClass: 51322K(52736K)->51322K(52736K) Class: 6314K(6528K)->6314K(6528K)
[2021-01-21T13:57:14.759+0500][5447.369s] GC(117) Pause Young (Normal) (G1 Evacuation Pause) 354M->52M(512M) 2.453ms
[2021-01-21T13:57:14.759+0500][5447.369s] GC(117) User=0.01s Sys=0.00s Real=0.00s
[2021-01-21T13:57:16.508+0500][5449.118s] GC(118) Pause Young (Normal) (G1 Evacuation Pause)
[2021-01-21T13:57:16.508+0500][5449.119s] GC(118) Using 13 workers of 13 for evacuation
[2021-01-21T13:57:16.510+0500][5449.121s] GC(118)   Pre Evacuate Collection Set: 0.1ms
[2021-01-21T13:57:16.510+0500][5449.121s] GC(118)   Merge Heap Roots: 0.1ms
[2021-01-21T13:57:16.510+0500][5449.121s] GC(118)   Evacuate Collection Set: 1.0ms
[2021-01-21T13:57:16.510+0500][5449.121s] GC(118)   Post Evacuate Collection Set: 0.8ms
[2021-01-21T13:57:16.510+0500][5449.121s] GC(118)   Other: 0.2ms
[2021-01-21T13:57:16.510+0500][5449.121s] GC(118) Eden regions: 302->0(301)
[2021-01-21T13:57:16.510+0500][5449.121s] GC(118) Survivor regions: 5->6(39)
[2021-01-21T13:57:16.510+0500][5449.121s] GC(118) Old regions: 42->42
[2021-01-21T13:57:16.510+0500][5449.121s] GC(118) Archive regions: 2->2
[2021-01-21T13:57:16.510+0500][5449.121s] GC(118) Humongous regions: 5->5
[2021-01-21T13:57:16.510+0500][5449.121s] GC(118) Metaspace: 57637K(59264K)->57637K(59264K) NonClass: 51323K(52736K)->51323K(52736K) Class: 6314K(6528K)->6314K(6528K)
[2021-01-21T13:57:16.510+0500][5449.121s] GC(118) Pause Young (Normal) (G1 Evacuation Pause) 354M->52M(512M) 2.255ms
[2021-01-21T13:57:16.510+0500][5449.121s] GC(118) User=0.01s Sys=0.00s Real=0.01s
[2021-01-21T13:57:18.199+0500][5450.810s] GC(119) Pause Young (Normal) (G1 Evacuation Pause)
[2021-01-21T13:57:18.199+0500][5450.810s] GC(119) Using 13 workers of 13 for evacuation
[2021-01-21T13:57:18.201+0500][5450.812s] GC(119)   Pre Evacuate Collection Set: 0.1ms
[2021-01-21T13:57:18.201+0500][5450.812s] GC(119)   Merge Heap Roots: 0.1ms
[2021-01-21T13:57:18.201+0500][5450.812s] GC(119)   Evacuate Collection Set: 1.2ms
[2021-01-21T13:57:18.201+0500][5450.812s] GC(119)   Post Evacuate Collection Set: 0.6ms
[2021-01-21T13:57:18.201+0500][5450.812s] GC(119)   Other: 0.2ms
[2021-01-21T13:57:18.201+0500][5450.812s] GC(119) Eden regions: 301->0(299)
[2021-01-21T13:57:18.201+0500][5450.812s] GC(119) Survivor regions: 6->8(39)
[2021-01-21T13:57:18.201+0500][5450.812s] GC(119) Old regions: 42->42
[2021-01-21T13:57:18.201+0500][5450.812s] GC(119) Archive regions: 2->2
[2021-01-21T13:57:18.201+0500][5450.812s] GC(119) Humongous regions: 5->5
[2021-01-21T13:57:18.201+0500][5450.812s] GC(119) Metaspace: 57637K(59264K)->57637K(59264K) NonClass: 51323K(52736K)->51323K(52736K) Class: 6314K(6528K)->6314K(6528K)
[2021-01-21T13:57:18.201+0500][5450.812s] GC(119) Pause Young (Normal) (G1 Evacuation Pause) 353M->54M(512M) 2.211ms
[2021-01-21T13:57:18.201+0500][5450.812s] GC(119) User=0.02s Sys=0.00s Real=0.01s
[2021-01-21T13:57:18.892+0500][5451.503s] GC(120) Pause Young (Normal) (G1 Evacuation Pause)
[2021-01-21T13:57:18.892+0500][5451.503s] GC(120) Using 13 workers of 13 for evacuation
[2021-01-21T13:57:18.894+0500][5451.505s] GC(120)   Pre Evacuate Collection Set: 0.1ms
[2021-01-21T13:57:18.894+0500][5451.505s] GC(120)   Merge Heap Roots: 0.1ms
[2021-01-21T13:57:18.894+0500][5451.505s] GC(120)   Evacuate Collection Set: 1.2ms
[2021-01-21T13:57:18.894+0500][5451.505s] GC(120)   Post Evacuate Collection Set: 0.4ms
[2021-01-21T13:57:18.894+0500][5451.505s] GC(120)   Other: 0.2ms
[2021-01-21T13:57:18.894+0500][5451.505s] GC(120) Eden regions: 299->0(299)
[2021-01-21T13:57:18.894+0500][5451.505s] GC(120) Survivor regions: 8->8(39)
[2021-01-21T13:57:18.894+0500][5451.505s] GC(120) Old regions: 42->42
[2021-01-21T13:57:18.894+0500][5451.505s] GC(120) Archive regions: 2->2
[2021-01-21T13:57:18.894+0500][5451.505s] GC(120) Humongous regions: 12->6
[2021-01-21T13:57:18.894+0500][5451.505s] GC(120) Metaspace: 57642K(59264K)->57642K(59264K) NonClass: 51328K(52736K)->51328K(52736K) Class: 6314K(6528K)->6314K(6528K)
[2021-01-21T13:57:18.894+0500][5451.505s] GC(120) Pause Young (Normal) (G1 Evacuation Pause) 360M->55M(512M) 2.152ms
[2021-01-21T13:57:18.894+0500][5451.505s] GC(120) User=0.02s Sys=0.00s Real=0.00s
[2021-01-21T13:57:20.813+0500][5453.424s] GC(121) Pause Young (Normal) (G1 Evacuation Pause)
[2021-01-21T13:57:20.814+0500][5453.424s] GC(121) Using 13 workers of 13 for evacuation
[2021-01-21T13:57:20.816+0500][5453.426s] GC(121)   Pre Evacuate Collection Set: 0.1ms
[2021-01-21T13:57:20.816+0500][5453.427s] GC(121)   Merge Heap Roots: 0.1ms
[2021-01-21T13:57:20.816+0500][5453.427s] GC(121)   Evacuate Collection Set: 1.1ms
[2021-01-21T13:57:20.816+0500][5453.427s] GC(121)   Post Evacuate Collection Set: 0.6ms
[2021-01-21T13:57:20.816+0500][5453.427s] GC(121)   Other: 0.2ms
[2021-01-21T13:57:20.816+0500][5453.427s] GC(121) Eden regions: 299->0(300)
[2021-01-21T13:57:20.816+0500][5453.427s] GC(121) Survivor regions: 8->7(39)
[2021-01-21T13:57:20.816+0500][5453.427s] GC(121) Old regions: 42->42
[2021-01-21T13:57:20.816+0500][5453.427s] GC(121) Archive regions: 2->2
[2021-01-21T13:57:20.816+0500][5453.427s] GC(121) Humongous regions: 6->5
[2021-01-21T13:57:20.816+0500][5453.427s] GC(121) Metaspace: 57645K(59264K)->57645K(59264K) NonClass: 51331K(52736K)->51331K(52736K) Class: 6314K(6528K)->6314K(6528K)
[2021-01-21T13:57:20.816+0500][5453.427s] GC(121) Pause Young (Normal) (G1 Evacuation Pause) 354M->53M(512M) 2.255ms
[2021-01-21T13:57:20.816+0500][5453.427s] GC(121) User=0.02s Sys=0.00s Real=0.00s
[2021-01-21T13:57:21.548+0500][5454.159s] GC(122) Pause Young (Normal) (G1 Evacuation Pause)
[2021-01-21T13:57:21.548+0500][5454.159s] GC(122) Using 13 workers of 13 for evacuation
[2021-01-21T13:57:21.550+0500][5454.161s] GC(122)   Pre Evacuate Collection Set: 0.1ms
[2021-01-21T13:57:21.550+0500][5454.161s] GC(122)   Merge Heap Roots: 0.1ms
[2021-01-21T13:57:21.550+0500][5454.161s] GC(122)   Evacuate Collection Set: 1.3ms
[2021-01-21T13:57:21.550+0500][5454.161s] GC(122)   Post Evacuate Collection Set: 0.7ms
[2021-01-21T13:57:21.551+0500][5454.161s] GC(122)   Other: 0.2ms
[2021-01-21T13:57:21.551+0500][5454.161s] GC(122) Eden regions: 300->0(300)
[2021-01-21T13:57:21.551+0500][5454.161s] GC(122) Survivor regions: 7->7(39)
[2021-01-21T13:57:21.551+0500][5454.161s] GC(122) Old regions: 42->42
[2021-01-21T13:57:21.551+0500][5454.161s] GC(122) Archive regions: 2->2
[2021-01-21T13:57:21.551+0500][5454.161s] GC(122) Humongous regions: 5->5
[2021-01-21T13:57:21.551+0500][5454.161s] GC(122) Metaspace: 57645K(59264K)->57645K(59264K) NonClass: 51331K(52736K)->51331K(52736K) Class: 6314K(6528K)->6314K(6528K)
[2021-01-21T13:57:21.551+0500][5454.162s] GC(122) Pause Young (Normal) (G1 Evacuation Pause) 353M->53M(512M) 2.557ms
[2021-01-21T13:57:21.551+0500][5454.162s] GC(122) User=0.01s Sys=0.01s Real=0.01s
[2021-01-21T13:57:23.017+0500][5455.628s] GC(123) Pause Young (Normal) (G1 Evacuation Pause)
[2021-01-21T13:57:23.017+0500][5455.628s] GC(123) Using 13 workers of 13 for evacuation
[2021-01-21T13:57:23.019+0500][5455.630s] GC(123)   Pre Evacuate Collection Set: 0.1ms
[2021-01-21T13:57:23.019+0500][5455.630s] GC(123)   Merge Heap Roots: 0.1ms
[2021-01-21T13:57:23.019+0500][5455.630s] GC(123)   Evacuate Collection Set: 0.6ms
[2021-01-21T13:57:23.019+0500][5455.630s] GC(123)   Post Evacuate Collection Set: 0.8ms
[2021-01-21T13:57:23.019+0500][5455.630s] GC(123)   Other: 0.2ms
[2021-01-21T13:57:23.019+0500][5455.630s] GC(123) Eden regions: 300->0(305)
[2021-01-21T13:57:23.019+0500][5455.630s] GC(123) Survivor regions: 7->2(39)
[2021-01-21T13:57:23.019+0500][5455.630s] GC(123) Old regions: 42->42
[2021-01-21T13:57:23.019+0500][5455.630s] GC(123) Archive regions: 2->2
[2021-01-21T13:57:23.019+0500][5455.630s] GC(123) Humongous regions: 5->5
[2021-01-21T13:57:23.019+0500][5455.630s] GC(123) Metaspace: 57646K(59264K)->57646K(59264K) NonClass: 51332K(52736K)->51332K(52736K) Class: 6314K(6528K)->6314K(6528K)
[2021-01-21T13:57:23.019+0500][5455.630s] GC(123) Pause Young (Normal) (G1 Evacuation Pause) 353M->49M(512M) 1.981ms
[2021-01-21T13:57:23.019+0500][5455.630s] GC(123) User=0.00s Sys=0.01s Real=0.00s
[2021-01-21T13:57:25.191+0500][5457.802s] GC(124) Pause Young (Normal) (G1 Evacuation Pause)
[2021-01-21T13:57:25.209+0500][5457.820s] GC(124) Using 13 workers of 13 for evacuation
[2021-01-21T13:57:25.212+0500][5457.823s] GC(124)   Pre Evacuate Collection Set: 0.2ms
[2021-01-21T13:57:25.212+0500][5457.823s] GC(124)   Merge Heap Roots: 0.1ms
[2021-01-21T13:57:25.212+0500][5457.823s] GC(124)   Evacuate Collection Set: 0.9ms
[2021-01-21T13:57:25.212+0500][5457.823s] GC(124)   Post Evacuate Collection Set: 0.9ms
[2021-01-21T13:57:25.212+0500][5457.823s] GC(124)   Other: 18.8ms
[2021-01-21T13:57:25.212+0500][5457.823s] GC(124) Eden regions: 305->0(305)
[2021-01-21T13:57:25.212+0500][5457.823s] GC(124) Survivor regions: 2->2(39)
[2021-01-21T13:57:25.212+0500][5457.823s] GC(124) Old regions: 42->42
[2021-01-21T13:57:25.212+0500][5457.823s] GC(124) Archive regions: 2->2
[2021-01-21T13:57:25.212+0500][5457.823s] GC(124) Humongous regions: 5->5
[2021-01-21T13:57:25.212+0500][5457.823s] GC(124) Metaspace: 57652K(59264K)->57652K(59264K) NonClass: 51338K(52736K)->51338K(52736K) Class: 6314K(6528K)->6314K(6528K)
[2021-01-21T13:57:25.212+0500][5457.823s] GC(124) Pause Young (Normal) (G1 Evacuation Pause) 354M->49M(512M) 21.076ms
[2021-01-21T13:57:25.212+0500][5457.823s] GC(124) User=0.01s Sys=0.01s Real=0.02s
[2021-01-21T13:57:26.004+0500][5458.615s] GC(125) Pause Young (Normal) (G1 Evacuation Pause)
[2021-01-21T13:57:26.015+0500][5458.626s] GC(125) Using 13 workers of 13 for evacuation
[2021-01-21T13:57:26.017+0500][5458.628s] GC(125)   Pre Evacuate Collection Set: 0.2ms
[2021-01-21T13:57:26.017+0500][5458.628s] GC(125)   Merge Heap Roots: 0.2ms
[2021-01-21T13:57:26.017+0500][5458.628s] GC(125)   Evacuate Collection Set: 0.9ms
[2021-01-21T13:57:26.017+0500][5458.628s] GC(125)   Post Evacuate Collection Set: 0.6ms
[2021-01-21T13:57:26.017+0500][5458.628s] GC(125)   Other: 10.6ms
[2021-01-21T13:57:26.017+0500][5458.628s] GC(125) Eden regions: 305->0(305)
[2021-01-21T13:57:26.017+0500][5458.628s] GC(125) Survivor regions: 2->2(39)
[2021-01-21T13:57:26.017+0500][5458.628s] GC(125) Old regions: 42->42
[2021-01-21T13:57:26.017+0500][5458.628s] GC(125) Archive regions: 2->2
[2021-01-21T13:57:26.017+0500][5458.628s] GC(125) Humongous regions: 5->5
[2021-01-21T13:57:26.017+0500][5458.628s] GC(125) Metaspace: 57652K(59264K)->57652K(59264K) NonClass: 51338K(52736K)->51338K(52736K) Class: 6314K(6528K)->6314K(6528K)
[2021-01-21T13:57:26.017+0500][5458.628s] GC(125) Pause Young (Normal) (G1 Evacuation Pause) 354M->49M(512M) 12.643ms
[2021-01-21T13:57:26.017+0500][5458.628s] GC(125) User=0.01s Sys=0.00s Real=0.01s
[2021-01-21T13:57:28.486+0500][5461.097s] GC(126) Pause Young (Normal) (G1 Evacuation Pause)
[2021-01-21T13:57:28.486+0500][5461.097s] GC(126) Using 13 workers of 13 for evacuation
[2021-01-21T13:57:28.488+0500][5461.099s] GC(126)   Pre Evacuate Collection Set: 0.1ms
[2021-01-21T13:57:28.488+0500][5461.099s] GC(126)   Merge Heap Roots: 0.1ms
[2021-01-21T13:57:28.488+0500][5461.099s] GC(126)   Evacuate Collection Set: 0.8ms
[2021-01-21T13:57:28.488+0500][5461.099s] GC(126)   Post Evacuate Collection Set: 0.8ms
[2021-01-21T13:57:28.488+0500][5461.099s] GC(126)   Other: 0.2ms
[2021-01-21T13:57:28.488+0500][5461.099s] GC(126) Eden regions: 305->0(304)
[2021-01-21T13:57:28.488+0500][5461.099s] GC(126) Survivor regions: 2->3(39)
[2021-01-21T13:57:28.488+0500][5461.099s] GC(126) Old regions: 42->42
[2021-01-21T13:57:28.488+0500][5461.099s] GC(126) Archive regions: 2->2
[2021-01-21T13:57:28.488+0500][5461.099s] GC(126) Humongous regions: 5->5
[2021-01-21T13:57:28.488+0500][5461.099s] GC(126) Metaspace: 57659K(59264K)->57659K(59264K) NonClass: 51345K(52736K)->51345K(52736K) Class: 6314K(6528K)->6314K(6528K)
[2021-01-21T13:57:28.488+0500][5461.099s] GC(126) Pause Young (Normal) (G1 Evacuation Pause) 354M->49M(512M) 2.202ms
[2021-01-21T13:57:28.488+0500][5461.099s] GC(126) User=0.01s Sys=0.00s Real=0.00s
[2021-01-21T13:57:29.964+0500][5462.575s] GC(127) Pause Young (Normal) (G1 Evacuation Pause)
[2021-01-21T13:57:29.964+0500][5462.575s] GC(127) Using 13 workers of 13 for evacuation
[2021-01-21T13:57:29.966+0500][5462.577s] GC(127)   Pre Evacuate Collection Set: 0.1ms
[2021-01-21T13:57:29.966+0500][5462.577s] GC(127)   Merge Heap Roots: 0.1ms
[2021-01-21T13:57:29.966+0500][5462.577s] GC(127)   Evacuate Collection Set: 0.7ms
[2021-01-21T13:57:29.966+0500][5462.577s] GC(127)   Post Evacuate Collection Set: 0.8ms
[2021-01-21T13:57:29.966+0500][5462.577s] GC(127)   Other: 0.2ms
[2021-01-21T13:57:29.966+0500][5462.577s] GC(127) Eden regions: 304->0(304)
[2021-01-21T13:57:29.966+0500][5462.577s] GC(127) Survivor regions: 3->3(39)
[2021-01-21T13:57:29.966+0500][5462.577s] GC(127) Old regions: 42->42
[2021-01-21T13:57:29.966+0500][5462.577s] GC(127) Archive regions: 2->2
[2021-01-21T13:57:29.966+0500][5462.577s] GC(127) Humongous regions: 5->5
[2021-01-21T13:57:29.966+0500][5462.577s] GC(127) Metaspace: 57673K(59264K)->57673K(59264K) NonClass: 51359K(52736K)->51359K(52736K) Class: 6314K(6528K)->6314K(6528K)
[2021-01-21T13:57:29.966+0500][5462.577s] GC(127) Pause Young (Normal) (G1 Evacuation Pause) 353M->49M(512M) 1.946ms
[2021-01-21T13:57:29.966+0500][5462.577s] GC(127) User=0.01s Sys=0.01s Real=0.00s
[2021-01-21T13:57:32.071+0500][5464.682s] GC(128) Pause Young (Normal) (G1 Evacuation Pause)
[2021-01-21T13:57:32.071+0500][5464.682s] GC(128) Using 13 workers of 13 for evacuation
[2021-01-21T13:57:32.073+0500][5464.683s] GC(128)   Pre Evacuate Collection Set: 0.1ms
[2021-01-21T13:57:32.073+0500][5464.684s] GC(128)   Merge Heap Roots: 0.1ms
[2021-01-21T13:57:32.073+0500][5464.684s] GC(128)   Evacuate Collection Set: 0.7ms
[2021-01-21T13:57:32.073+0500][5464.684s] GC(128)   Post Evacuate Collection Set: 0.8ms
[2021-01-21T13:57:32.073+0500][5464.684s] GC(128)   Other: 0.2ms
[2021-01-21T13:57:32.073+0500][5464.684s] GC(128) Eden regions: 304->0(304)
[2021-01-21T13:57:32.073+0500][5464.684s] GC(128) Survivor regions: 3->3(39)
[2021-01-21T13:57:32.073+0500][5464.684s] GC(128) Old regions: 42->42
[2021-01-21T13:57:32.073+0500][5464.684s] GC(128) Archive regions: 2->2
[2021-01-21T13:57:32.073+0500][5464.684s] GC(128) Humongous regions: 5->5
[2021-01-21T13:57:32.073+0500][5464.684s] GC(128) Metaspace: 57683K(59264K)->57683K(59264K) NonClass: 51369K(52736K)->51369K(52736K) Class: 6314K(6528K)->6314K(6528K)
[2021-01-21T13:57:32.073+0500][5464.684s] GC(128) Pause Young (Normal) (G1 Evacuation Pause) 353M->50M(512M) 2.064ms
[2021-01-21T13:57:32.073+0500][5464.684s] GC(128) User=0.01s Sys=0.01s Real=0.00s
[2021-01-21T13:57:32.744+0500][5465.355s] GC(129) Pause Young (Normal) (G1 Evacuation Pause)
[2021-01-21T13:57:32.744+0500][5465.355s] GC(129) Using 13 workers of 13 for evacuation
[2021-01-21T13:57:32.746+0500][5465.357s] GC(129)   Pre Evacuate Collection Set: 0.1ms
[2021-01-21T13:57:32.746+0500][5465.357s] GC(129)   Merge Heap Roots: 0.1ms
[2021-01-21T13:57:32.746+0500][5465.357s] GC(129)   Evacuate Collection Set: 0.7ms
[2021-01-21T13:57:32.746+0500][5465.357s] GC(129)   Post Evacuate Collection Set: 0.5ms
[2021-01-21T13:57:32.746+0500][5465.357s] GC(129)   Other: 0.2ms
[2021-01-21T13:57:32.746+0500][5465.357s] GC(129) Eden regions: 304->0(304)
[2021-01-21T13:57:32.746+0500][5465.357s] GC(129) Survivor regions: 3->3(39)
[2021-01-21T13:57:32.746+0500][5465.357s] GC(129) Old regions: 42->42
[2021-01-21T13:57:32.746+0500][5465.357s] GC(129) Archive regions: 2->2
[2021-01-21T13:57:32.746+0500][5465.357s] GC(129) Humongous regions: 5->5
[2021-01-21T13:57:32.746+0500][5465.357s] GC(129) Metaspace: 57683K(59264K)->57683K(59264K) NonClass: 51369K(52736K)->51369K(52736K) Class: 6314K(6528K)->6314K(6528K)
[2021-01-21T13:57:32.746+0500][5465.357s] GC(129) Pause Young (Normal) (G1 Evacuation Pause) 354M->50M(512M) 1.759ms
[2021-01-21T13:57:32.746+0500][5465.357s] GC(129) User=0.01s Sys=0.00s Real=0.00s
[2021-01-21T13:57:34.839+0500][5467.450s] GC(130) Pause Young (Normal) (G1 Evacuation Pause)
[2021-01-21T13:57:34.839+0500][5467.450s] GC(130) Using 13 workers of 13 for evacuation
[2021-01-21T13:57:34.841+0500][5467.452s] GC(130)   Pre Evacuate Collection Set: 0.1ms
[2021-01-21T13:57:34.841+0500][5467.452s] GC(130)   Merge Heap Roots: 0.1ms
[2021-01-21T13:57:34.841+0500][5467.452s] GC(130)   Evacuate Collection Set: 0.8ms
[2021-01-21T13:57:34.841+0500][5467.452s] GC(130)   Post Evacuate Collection Set: 0.9ms
[2021-01-21T13:57:34.841+0500][5467.452s] GC(130)   Other: 0.3ms
[2021-01-21T13:57:34.841+0500][5467.452s] GC(130) Eden regions: 304->0(304)
[2021-01-21T13:57:34.841+0500][5467.452s] GC(130) Survivor regions: 3->3(39)
[2021-01-21T13:57:34.841+0500][5467.452s] GC(130) Old regions: 42->42
[2021-01-21T13:57:34.841+0500][5467.452s] GC(130) Archive regions: 2->2
[2021-01-21T13:57:34.841+0500][5467.452s] GC(130) Humongous regions: 5->5
[2021-01-21T13:57:34.841+0500][5467.452s] GC(130) Metaspace: 57683K(59264K)->57683K(59264K) NonClass: 51369K(52736K)->51369K(52736K) Class: 6314K(6528K)->6314K(6528K)
[2021-01-21T13:57:34.841+0500][5467.452s] GC(130) Pause Young (Normal) (G1 Evacuation Pause) 354M->50M(512M) 2.327ms
[2021-01-21T13:57:34.841+0500][5467.452s] GC(130) User=0.01s Sys=0.00s Real=0.01s
[2021-01-21T13:57:36.160+0500][5468.771s] GC(131) Pause Young (Normal) (G1 Evacuation Pause)
[2021-01-21T13:57:36.160+0500][5468.771s] GC(131) Using 13 workers of 13 for evacuation
[2021-01-21T13:57:36.161+0500][5468.772s] GC(131)   Pre Evacuate Collection Set: 0.1ms
[2021-01-21T13:57:36.161+0500][5468.772s] GC(131)   Merge Heap Roots: 0.1ms
[2021-01-21T13:57:36.161+0500][5468.772s] GC(131)   Evacuate Collection Set: 0.7ms
[2021-01-21T13:57:36.161+0500][5468.772s] GC(131)   Post Evacuate Collection Set: 0.6ms
[2021-01-21T13:57:36.161+0500][5468.772s] GC(131)   Other: 0.1ms
[2021-01-21T13:57:36.161+0500][5468.772s] GC(131) Eden regions: 304->0(304)
[2021-01-21T13:57:36.161+0500][5468.772s] GC(131) Survivor regions: 3->3(39)
[2021-01-21T13:57:36.161+0500][5468.772s] GC(131) Old regions: 42->42
[2021-01-21T13:57:36.161+0500][5468.772s] GC(131) Archive regions: 2->2
[2021-01-21T13:57:36.161+0500][5468.772s] GC(131) Humongous regions: 5->5
[2021-01-21T13:57:36.161+0500][5468.772s] GC(131) Metaspace: 57689K(59264K)->57689K(59264K) NonClass: 51374K(52736K)->51374K(52736K) Class: 6314K(6528K)->6314K(6528K)
[2021-01-21T13:57:36.161+0500][5468.772s] GC(131) Pause Young (Normal) (G1 Evacuation Pause) 354M->50M(512M) 1.663ms
[2021-01-21T13:57:36.161+0500][5468.772s] GC(131) User=0.00s Sys=0.00s Real=0.00s
[2021-01-21T13:57:37.678+0500][5470.289s] GC(132) Pause Young (Normal) (G1 Evacuation Pause)
[2021-01-21T13:57:37.678+0500][5470.289s] GC(132) Using 13 workers of 13 for evacuation
[2021-01-21T13:57:37.681+0500][5470.292s] GC(132)   Pre Evacuate Collection Set: 0.1ms
[2021-01-21T13:57:37.681+0500][5470.292s] GC(132)   Merge Heap Roots: 0.1ms
[2021-01-21T13:57:37.681+0500][5470.292s] GC(132)   Evacuate Collection Set: 1.2ms
[2021-01-21T13:57:37.681+0500][5470.292s] GC(132)   Post Evacuate Collection Set: 1.1ms
[2021-01-21T13:57:37.681+0500][5470.292s] GC(132)   Other: 0.2ms
[2021-01-21T13:57:37.681+0500][5470.292s] GC(132) Eden regions: 304->0(300)
[2021-01-21T13:57:37.681+0500][5470.292s] GC(132) Survivor regions: 3->7(39)
[2021-01-21T13:57:37.681+0500][5470.292s] GC(132) Old regions: 42->42
[2021-01-21T13:57:37.681+0500][5470.292s] GC(132) Archive regions: 2->2
[2021-01-21T13:57:37.681+0500][5470.292s] GC(132) Humongous regions: 10->7
[2021-01-21T13:57:37.681+0500][5470.292s] GC(132) Metaspace: 57717K(59264K)->57717K(59264K) NonClass: 51403K(52736K)->51403K(52736K) Class: 6314K(6528K)->6314K(6528K)
[2021-01-21T13:57:37.681+0500][5470.292s] GC(132) Pause Young (Normal) (G1 Evacuation Pause) 359M->56M(512M) 2.951ms
[2021-01-21T13:57:37.681+0500][5470.292s] GC(132) User=0.01s Sys=0.00s Real=0.01s
[2021-01-21T13:57:38.245+0500][5470.856s] GC(133) Pause Young (Normal) (G1 Evacuation Pause)
[2021-01-21T13:57:38.245+0500][5470.856s] GC(133) Using 13 workers of 13 for evacuation
[2021-01-21T13:57:38.248+0500][5470.859s] GC(133)   Pre Evacuate Collection Set: 0.1ms
[2021-01-21T13:57:38.248+0500][5470.859s] GC(133)   Merge Heap Roots: 0.1ms
[2021-01-21T13:57:38.248+0500][5470.859s] GC(133)   Evacuate Collection Set: 1.1ms
[2021-01-21T13:57:38.248+0500][5470.859s] GC(133)   Post Evacuate Collection Set: 0.8ms
[2021-01-21T13:57:38.248+0500][5470.859s] GC(133)   Other: 0.3ms
[2021-01-21T13:57:38.248+0500][5470.859s] GC(133) Eden regions: 300->0(299)
[2021-01-21T13:57:38.248+0500][5470.859s] GC(133) Survivor regions: 7->8(39)
[2021-01-21T13:57:38.248+0500][5470.859s] GC(133) Old regions: 42->42
[2021-01-21T13:57:38.248+0500][5470.859s] GC(133) Archive regions: 2->2
[2021-01-21T13:57:38.248+0500][5470.859s] GC(133) Humongous regions: 40->8
[2021-01-21T13:57:38.248+0500][5470.859s] GC(133) Metaspace: 57729K(59264K)->57729K(59264K) NonClass: 51415K(52736K)->51415K(52736K) Class: 6314K(6528K)->6314K(6528K)
[2021-01-21T13:57:38.248+0500][5470.859s] GC(133) Pause Young (Normal) (G1 Evacuation Pause) 389M->58M(512M) 2.542ms
[2021-01-21T13:57:38.248+0500][5470.859s] GC(133) User=0.02s Sys=0.00s Real=0.00s
[2021-01-21T13:57:38.863+0500][5471.473s] GC(134) Pause Young (Normal) (G1 Evacuation Pause)
[2021-01-21T13:57:38.863+0500][5471.473s] GC(134) Using 13 workers of 13 for evacuation
[2021-01-21T13:57:38.864+0500][5471.475s] GC(134)   Pre Evacuate Collection Set: 0.1ms
[2021-01-21T13:57:38.865+0500][5471.475s] GC(134)   Merge Heap Roots: 0.1ms
[2021-01-21T13:57:38.865+0500][5471.475s] GC(134)   Evacuate Collection Set: 1.2ms
[2021-01-21T13:57:38.865+0500][5471.475s] GC(134)   Post Evacuate Collection Set: 0.4ms
[2021-01-21T13:57:38.865+0500][5471.475s] GC(134)   Other: 0.2ms
[2021-01-21T13:57:38.865+0500][5471.475s] GC(134) Eden regions: 299->0(300)
[2021-01-21T13:57:38.865+0500][5471.475s] GC(134) Survivor regions: 8->7(39)
[2021-01-21T13:57:38.865+0500][5471.475s] GC(134) Old regions: 42->42
[2021-01-21T13:57:38.865+0500][5471.475s] GC(134) Archive regions: 2->2
[2021-01-21T13:57:38.865+0500][5471.475s] GC(134) Humongous regions: 8->8
[2021-01-21T13:57:38.865+0500][5471.475s] GC(134) Metaspace: 57732K(59264K)->57732K(59264K) NonClass: 51417K(52736K)->51417K(52736K) Class: 6314K(6528K)->6314K(6528K)
[2021-01-21T13:57:38.865+0500][5471.476s] GC(134) Pause Young (Normal) (G1 Evacuation Pause) 357M->57M(512M) 2.095ms
[2021-01-21T13:57:38.865+0500][5471.476s] GC(134) User=0.02s Sys=0.00s Real=0.00s
[2021-01-21T13:57:39.567+0500][5472.178s] GC(135) Pause Young (Normal) (G1 Evacuation Pause)
[2021-01-21T13:57:39.567+0500][5472.178s] GC(135) Using 13 workers of 13 for evacuation
[2021-01-21T13:57:39.569+0500][5472.180s] GC(135)   Pre Evacuate Collection Set: 0.1ms
[2021-01-21T13:57:39.569+0500][5472.180s] GC(135)   Merge Heap Roots: 0.1ms
[2021-01-21T13:57:39.569+0500][5472.180s] GC(135)   Evacuate Collection Set: 1.0ms
[2021-01-21T13:57:39.569+0500][5472.180s] GC(135)   Post Evacuate Collection Set: 0.6ms
[2021-01-21T13:57:39.569+0500][5472.180s] GC(135)   Other: 0.3ms
[2021-01-21T13:57:39.569+0500][5472.180s] GC(135) Eden regions: 300->0(300)
[2021-01-21T13:57:39.569+0500][5472.180s] GC(135) Survivor regions: 7->7(39)
[2021-01-21T13:57:39.569+0500][5472.180s] GC(135) Old regions: 42->42
[2021-01-21T13:57:39.569+0500][5472.180s] GC(135) Archive regions: 2->2
[2021-01-21T13:57:39.569+0500][5472.180s] GC(135) Humongous regions: 8->8
[2021-01-21T13:57:39.569+0500][5472.180s] GC(135) Metaspace: 57732K(59264K)->57732K(59264K) NonClass: 51417K(52736K)->51417K(52736K) Class: 6314K(6528K)->6314K(6528K)
[2021-01-21T13:57:39.569+0500][5472.180s] GC(135) Pause Young (Normal) (G1 Evacuation Pause) 357M->56M(512M) 2.389ms
[2021-01-21T13:57:39.570+0500][5472.180s] GC(135) User=0.01s Sys=0.00s Real=0.01s
[2021-01-21T13:57:40.776+0500][5473.387s] GC(136) Pause Young (Normal) (G1 Evacuation Pause)
[2021-01-21T13:57:40.776+0500][5473.387s] GC(136) Using 13 workers of 13 for evacuation
[2021-01-21T13:57:40.779+0500][5473.389s] GC(136)   Pre Evacuate Collection Set: 0.1ms
[2021-01-21T13:57:40.779+0500][5473.389s] GC(136)   Merge Heap Roots: 0.1ms
[2021-01-21T13:57:40.779+0500][5473.389s] GC(136)   Evacuate Collection Set: 1.1ms
[2021-01-21T13:57:40.779+0500][5473.389s] GC(136)   Post Evacuate Collection Set: 0.8ms
[2021-01-21T13:57:40.779+0500][5473.389s] GC(136)   Other: 0.2ms
[2021-01-21T13:57:40.779+0500][5473.389s] GC(136) Eden regions: 300->0(300)
[2021-01-21T13:57:40.779+0500][5473.390s] GC(136) Survivor regions: 7->7(39)
[2021-01-21T13:57:40.779+0500][5473.390s] GC(136) Old regions: 42->43
[2021-01-21T13:57:40.779+0500][5473.390s] GC(136) Archive regions: 2->2
[2021-01-21T13:57:40.779+0500][5473.390s] GC(136) Humongous regions: 8->8
[2021-01-21T13:57:40.779+0500][5473.390s] GC(136) Metaspace: 57746K(59264K)->57746K(59264K) NonClass: 51432K(52736K)->51432K(52736K) Class: 6314K(6528K)->6314K(6528K)
[2021-01-21T13:57:40.779+0500][5473.390s] GC(136) Pause Young (Normal) (G1 Evacuation Pause) 356M->57M(512M) 2.426ms
[2021-01-21T13:57:40.779+0500][5473.390s] GC(136) User=0.01s Sys=0.00s Real=0.00s
[2021-01-21T13:57:41.360+0500][5473.971s] GC(137) Pause Young (Normal) (G1 Evacuation Pause)
[2021-01-21T13:57:41.360+0500][5473.971s] GC(137) Using 13 workers of 13 for evacuation
[2021-01-21T13:57:41.362+0500][5473.973s] GC(137)   Pre Evacuate Collection Set: 0.1ms
[2021-01-21T13:57:41.362+0500][5473.973s] GC(137)   Merge Heap Roots: 0.1ms
[2021-01-21T13:57:41.362+0500][5473.973s] GC(137)   Evacuate Collection Set: 1.2ms
[2021-01-21T13:57:41.362+0500][5473.973s] GC(137)   Post Evacuate Collection Set: 0.7ms
[2021-01-21T13:57:41.362+0500][5473.973s] GC(137)   Other: 0.2ms
[2021-01-21T13:57:41.362+0500][5473.973s] GC(137) Eden regions: 300->0(300)
[2021-01-21T13:57:41.362+0500][5473.973s] GC(137) Survivor regions: 7->7(39)
[2021-01-21T13:57:41.362+0500][5473.973s] GC(137) Old regions: 43->43
[2021-01-21T13:57:41.362+0500][5473.973s] GC(137) Archive regions: 2->2
[2021-01-21T13:57:41.362+0500][5473.973s] GC(137) Humongous regions: 8->8
[2021-01-21T13:57:41.362+0500][5473.973s] GC(137) Metaspace: 57746K(59264K)->57746K(59264K) NonClass: 51432K(52736K)->51432K(52736K) Class: 6314K(6528K)->6314K(6528K)
[2021-01-21T13:57:41.362+0500][5473.973s] GC(137) Pause Young (Normal) (G1 Evacuation Pause) 357M->57M(512M) 2.620ms
[2021-01-21T13:57:41.362+0500][5473.973s] GC(137) User=0.02s Sys=0.00s Real=0.00s
[2021-01-21T13:57:42.427+0500][5475.038s] GC(138) Pause Young (Normal) (G1 Evacuation Pause)
[2021-01-21T13:57:42.427+0500][5475.038s] GC(138) Using 13 workers of 13 for evacuation
[2021-01-21T13:57:42.430+0500][5475.041s] GC(138)   Pre Evacuate Collection Set: 0.1ms
[2021-01-21T13:57:42.430+0500][5475.041s] GC(138)   Merge Heap Roots: 0.1ms
[2021-01-21T13:57:42.430+0500][5475.041s] GC(138)   Evacuate Collection Set: 1.7ms
[2021-01-21T13:57:42.430+0500][5475.041s] GC(138)   Post Evacuate Collection Set: 1.0ms
[2021-01-21T13:57:42.430+0500][5475.041s] GC(138)   Other: 0.1ms
[2021-01-21T13:57:42.430+0500][5475.041s] GC(138) Eden regions: 300->0(299)
[2021-01-21T13:57:42.430+0500][5475.041s] GC(138) Survivor regions: 7->8(39)
[2021-01-21T13:57:42.430+0500][5475.041s] GC(138) Old regions: 43->44
[2021-01-21T13:57:42.430+0500][5475.041s] GC(138) Archive regions: 2->2
[2021-01-21T13:57:42.430+0500][5475.041s] GC(138) Humongous regions: 8->5
[2021-01-21T13:57:42.430+0500][5475.041s] GC(138) Metaspace: 57761K(59264K)->57761K(59264K) NonClass: 51447K(52736K)->51447K(52736K) Class: 6314K(6528K)->6314K(6528K)
[2021-01-21T13:57:42.430+0500][5475.041s] GC(138) Pause Young (Normal) (G1 Evacuation Pause) 357M->56M(512M) 3.302ms
[2021-01-21T13:57:42.430+0500][5475.041s] GC(138) User=0.01s Sys=0.01s Real=0.01s
[2021-01-21T13:57:43.146+0500][5475.757s] GC(139) Pause Young (Normal) (G1 Evacuation Pause)
[2021-01-21T13:57:43.146+0500][5475.757s] GC(139) Using 13 workers of 13 for evacuation
[2021-01-21T13:57:43.148+0500][5475.759s] GC(139)   Pre Evacuate Collection Set: 0.1ms
[2021-01-21T13:57:43.148+0500][5475.759s] GC(139)   Merge Heap Roots: 0.1ms
[2021-01-21T13:57:43.148+0500][5475.759s] GC(139)   Evacuate Collection Set: 1.0ms
[2021-01-21T13:57:43.148+0500][5475.759s] GC(139)   Post Evacuate Collection Set: 0.5ms
[2021-01-21T13:57:43.148+0500][5475.759s] GC(139)   Other: 0.2ms
[2021-01-21T13:57:43.148+0500][5475.759s] GC(139) Eden regions: 299->0(301)
[2021-01-21T13:57:43.148+0500][5475.759s] GC(139) Survivor regions: 8->6(39)
[2021-01-21T13:57:43.148+0500][5475.759s] GC(139) Old regions: 44->44
[2021-01-21T13:57:43.148+0500][5475.759s] GC(139) Archive regions: 2->2
[2021-01-21T13:57:43.148+0500][5475.759s] GC(139) Humongous regions: 5->5
[2021-01-21T13:57:43.148+0500][5475.759s] GC(139) Metaspace: 57761K(59264K)->57761K(59264K) NonClass: 51447K(52736K)->51447K(52736K) Class: 6314K(6528K)->6314K(6528K)
[2021-01-21T13:57:43.148+0500][5475.759s] GC(139) Pause Young (Normal) (G1 Evacuation Pause) 355M->54M(512M) 2.068ms
[2021-01-21T13:57:43.148+0500][5475.759s] GC(139) User=0.01s Sys=0.01s Real=0.00s
[2021-01-21T13:57:43.828+0500][5476.438s] GC(140) Pause Young (Normal) (G1 Evacuation Pause)
[2021-01-21T13:57:43.828+0500][5476.438s] GC(140) Using 13 workers of 13 for evacuation
[2021-01-21T13:57:43.830+0500][5476.441s] GC(140)   Pre Evacuate Collection Set: 0.1ms
[2021-01-21T13:57:43.830+0500][5476.441s] GC(140)   Merge Heap Roots: 0.1ms
[2021-01-21T13:57:43.830+0500][5476.441s] GC(140)   Evacuate Collection Set: 1.2ms
[2021-01-21T13:57:43.830+0500][5476.441s] GC(140)   Post Evacuate Collection Set: 0.9ms
[2021-01-21T13:57:43.830+0500][5476.441s] GC(140)   Other: 0.2ms
[2021-01-21T13:57:43.830+0500][5476.441s] GC(140) Eden regions: 301->0(301)
[2021-01-21T13:57:43.830+0500][5476.441s] GC(140) Survivor regions: 6->6(39)
[2021-01-21T13:57:43.830+0500][5476.441s] GC(140) Old regions: 44->44
[2021-01-21T13:57:43.830+0500][5476.441s] GC(140) Archive regions: 2->2
[2021-01-21T13:57:43.830+0500][5476.441s] GC(140) Humongous regions: 5->5
[2021-01-21T13:57:43.830+0500][5476.441s] GC(140) Metaspace: 57765K(59264K)->57765K(59264K) NonClass: 51451K(52736K)->51451K(52736K) Class: 6314K(6528K)->6314K(6528K)
[2021-01-21T13:57:43.830+0500][5476.441s] GC(140) Pause Young (Normal) (G1 Evacuation Pause) 355M->54M(512M) 2.715ms
[2021-01-21T13:57:43.830+0500][5476.441s] GC(140) User=0.01s Sys=0.00s Real=0.01s
[2021-01-21T13:57:44.868+0500][5477.478s] GC(141) Pause Young (Normal) (G1 Evacuation Pause)
[2021-01-21T13:57:44.868+0500][5477.478s] GC(141) Using 13 workers of 13 for evacuation
[2021-01-21T13:57:44.869+0500][5477.480s] GC(141)   Pre Evacuate Collection Set: 0.1ms
[2021-01-21T13:57:44.869+0500][5477.480s] GC(141)   Merge Heap Roots: 0.1ms
[2021-01-21T13:57:44.869+0500][5477.480s] GC(141)   Evacuate Collection Set: 0.6ms
[2021-01-21T13:57:44.869+0500][5477.480s] GC(141)   Post Evacuate Collection Set: 0.4ms
[2021-01-21T13:57:44.869+0500][5477.480s] GC(141)   Other: 0.2ms
[2021-01-21T13:57:44.869+0500][5477.480s] GC(141) Eden regions: 301->0(303)
[2021-01-21T13:57:44.869+0500][5477.480s] GC(141) Survivor regions: 6->4(39)
[2021-01-21T13:57:44.869+0500][5477.480s] GC(141) Old regions: 44->44
[2021-01-21T13:57:44.869+0500][5477.480s] GC(141) Archive regions: 2->2
[2021-01-21T13:57:44.869+0500][5477.480s] GC(141) Humongous regions: 5->5
[2021-01-21T13:57:44.869+0500][5477.480s] GC(141) Metaspace: 57765K(59264K)->57765K(59264K) NonClass: 51451K(52736K)->51451K(52736K) Class: 6314K(6528K)->6314K(6528K)
[2021-01-21T13:57:44.869+0500][5477.480s] GC(141) Pause Young (Normal) (G1 Evacuation Pause) 355M->52M(512M) 1.466ms
[2021-01-21T13:57:44.869+0500][5477.480s] GC(141) User=0.01s Sys=0.00s Real=0.00s
[2021-01-21T13:57:46.216+0500][5478.827s] GC(142) Pause Young (Normal) (G1 Evacuation Pause)
[2021-01-21T13:57:46.216+0500][5478.827s] GC(142) Using 13 workers of 13 for evacuation
[2021-01-21T13:57:46.217+0500][5478.828s] GC(142)   Pre Evacuate Collection Set: 0.1ms
[2021-01-21T13:57:46.217+0500][5478.828s] GC(142)   Merge Heap Roots: 0.1ms
[2021-01-21T13:57:46.217+0500][5478.828s] GC(142)   Evacuate Collection Set: 0.8ms
[2021-01-21T13:57:46.217+0500][5478.828s] GC(142)   Post Evacuate Collection Set: 0.4ms
[2021-01-21T13:57:46.217+0500][5478.828s] GC(142)   Other: 0.1ms
[2021-01-21T13:57:46.217+0500][5478.828s] GC(142) Eden regions: 303->0(302)
[2021-01-21T13:57:46.217+0500][5478.828s] GC(142) Survivor regions: 4->5(39)
[2021-01-21T13:57:46.217+0500][5478.828s] GC(142) Old regions: 44->44
[2021-01-21T13:57:46.217+0500][5478.828s] GC(142) Archive regions: 2->2
[2021-01-21T13:57:46.218+0500][5478.828s] GC(142) Humongous regions: 5->5
[2021-01-21T13:57:46.218+0500][5478.828s] GC(142) Metaspace: 57782K(59264K)->57782K(59264K) NonClass: 51468K(52736K)->51468K(52736K) Class: 6314K(6528K)->6314K(6528K)
[2021-01-21T13:57:46.218+0500][5478.828s] GC(142) Pause Young (Normal) (G1 Evacuation Pause) 355M->53M(512M) 1.612ms
[2021-01-21T13:57:46.218+0500][5478.828s] GC(142) User=0.01s Sys=0.00s Real=0.00s
[2021-01-21T13:57:47.826+0500][5480.437s] GC(143) Pause Young (Normal) (G1 Evacuation Pause)
[2021-01-21T13:57:47.826+0500][5480.437s] GC(143) Using 13 workers of 13 for evacuation
[2021-01-21T13:57:47.828+0500][5480.439s] GC(143)   Pre Evacuate Collection Set: 0.1ms
[2021-01-21T13:57:47.828+0500][5480.439s] GC(143)   Merge Heap Roots: 0.1ms
[2021-01-21T13:57:47.828+0500][5480.439s] GC(143)   Evacuate Collection Set: 0.8ms
[2021-01-21T13:57:47.828+0500][5480.439s] GC(143)   Post Evacuate Collection Set: 0.5ms
[2021-01-21T13:57:47.828+0500][5480.439s] GC(143)   Other: 0.1ms
[2021-01-21T13:57:47.828+0500][5480.439s] GC(143) Eden regions: 302->0(302)
[2021-01-21T13:57:47.828+0500][5480.439s] GC(143) Survivor regions: 5->5(39)
[2021-01-21T13:57:47.828+0500][5480.439s] GC(143) Old regions: 44->44
[2021-01-21T13:57:47.828+0500][5480.439s] GC(143) Archive regions: 2->2
[2021-01-21T13:57:47.828+0500][5480.439s] GC(143) Humongous regions: 6->5
[2021-01-21T13:57:47.828+0500][5480.439s] GC(143) Metaspace: 57782K(59264K)->57782K(59264K) NonClass: 51468K(52736K)->51468K(52736K) Class: 6314K(6528K)->6314K(6528K)
[2021-01-21T13:57:47.828+0500][5480.439s] GC(143) Pause Young (Normal) (G1 Evacuation Pause) 356M->53M(512M) 1.660ms
[2021-01-21T13:57:47.828+0500][5480.439s] GC(143) User=0.01s Sys=0.00s Real=0.00s
[2021-01-21T13:57:49.493+0500][5482.104s] GC(144) Pause Young (Normal) (G1 Evacuation Pause)
[2021-01-21T13:57:49.493+0500][5482.104s] GC(144) Using 13 workers of 13 for evacuation
[2021-01-21T13:57:49.495+0500][5482.106s] GC(144)   Pre Evacuate Collection Set: 0.1ms
[2021-01-21T13:57:49.495+0500][5482.106s] GC(144)   Merge Heap Roots: 0.1ms
[2021-01-21T13:57:49.495+0500][5482.106s] GC(144)   Evacuate Collection Set: 1.5ms
[2021-01-21T13:57:49.495+0500][5482.106s] GC(144)   Post Evacuate Collection Set: 0.6ms
[2021-01-21T13:57:49.495+0500][5482.106s] GC(144)   Other: 0.1ms
[2021-01-21T13:57:49.495+0500][5482.106s] GC(144) Eden regions: 302->0(297)
[2021-01-21T13:57:49.495+0500][5482.106s] GC(144) Survivor regions: 5->10(39)
[2021-01-21T13:57:49.495+0500][5482.106s] GC(144) Old regions: 44->44
[2021-01-21T13:57:49.495+0500][5482.106s] GC(144) Archive regions: 2->2
[2021-01-21T13:57:49.496+0500][5482.106s] GC(144) Humongous regions: 7->5
[2021-01-21T13:57:49.496+0500][5482.106s] GC(144) Metaspace: 57782K(59264K)->57782K(59264K) NonClass: 51468K(52736K)->51468K(52736K) Class: 6314K(6528K)->6314K(6528K)
[2021-01-21T13:57:49.496+0500][5482.106s] GC(144) Pause Young (Normal) (G1 Evacuation Pause) 357M->59M(512M) 2.613ms
[2021-01-21T13:57:49.496+0500][5482.106s] GC(144) User=0.03s Sys=0.00s Real=0.00s
[2021-01-21T13:57:50.280+0500][5482.891s] GC(145) Pause Young (Normal) (G1 Evacuation Pause)
[2021-01-21T13:57:50.281+0500][5482.891s] GC(145) Using 13 workers of 13 for evacuation
[2021-01-21T13:57:50.282+0500][5482.893s] GC(145)   Pre Evacuate Collection Set: 0.1ms
[2021-01-21T13:57:50.282+0500][5482.893s] GC(145)   Merge Heap Roots: 0.1ms
[2021-01-21T13:57:50.282+0500][5482.893s] GC(145)   Evacuate Collection Set: 0.8ms
[2021-01-21T13:57:50.282+0500][5482.893s] GC(145)   Post Evacuate Collection Set: 0.3ms
[2021-01-21T13:57:50.282+0500][5482.893s] GC(145)   Other: 0.1ms
[2021-01-21T13:57:50.282+0500][5482.893s] GC(145) Eden regions: 297->0(302)
[2021-01-21T13:57:50.282+0500][5482.893s] GC(145) Survivor regions: 10->5(39)
[2021-01-21T13:57:50.282+0500][5482.893s] GC(145) Old regions: 44->44
[2021-01-21T13:57:50.282+0500][5482.893s] GC(145) Archive regions: 2->2
[2021-01-21T13:57:50.282+0500][5482.893s] GC(145) Humongous regions: 5->5
[2021-01-21T13:57:50.282+0500][5482.893s] GC(145) Metaspace: 57787K(59264K)->57787K(59264K) NonClass: 51473K(52736K)->51473K(52736K) Class: 6314K(6528K)->6314K(6528K)
[2021-01-21T13:57:50.282+0500][5482.893s] GC(145) Pause Young (Normal) (G1 Evacuation Pause) 356M->54M(512M) 1.525ms
[2021-01-21T13:57:50.282+0500][5482.893s] GC(145) User=0.01s Sys=0.00s Real=0.00s
[2021-01-21T13:57:52.285+0500][5484.896s] GC(146) Pause Young (Normal) (G1 Evacuation Pause)
[2021-01-21T13:57:52.285+0500][5484.896s] GC(146) Using 13 workers of 13 for evacuation
[2021-01-21T13:57:52.287+0500][5484.898s] GC(146)   Pre Evacuate Collection Set: 0.1ms
[2021-01-21T13:57:52.287+0500][5484.898s] GC(146)   Merge Heap Roots: 0.1ms
[2021-01-21T13:57:52.287+0500][5484.898s] GC(146)   Evacuate Collection Set: 1.4ms
[2021-01-21T13:57:52.287+0500][5484.898s] GC(146)   Post Evacuate Collection Set: 0.5ms
[2021-01-21T13:57:52.287+0500][5484.898s] GC(146)   Other: 0.2ms
[2021-01-21T13:57:52.287+0500][5484.898s] GC(146) Eden regions: 302->0(298)
[2021-01-21T13:57:52.287+0500][5484.898s] GC(146) Survivor regions: 5->9(39)
[2021-01-21T13:57:52.287+0500][5484.898s] GC(146) Old regions: 44->44
[2021-01-21T13:57:52.287+0500][5484.898s] GC(146) Archive regions: 2->2
[2021-01-21T13:57:52.287+0500][5484.898s] GC(146) Humongous regions: 13->7
[2021-01-21T13:57:52.287+0500][5484.898s] GC(146) Metaspace: 57789K(59264K)->57789K(59264K) NonClass: 51475K(52736K)->51475K(52736K) Class: 6314K(6528K)->6314K(6528K)
[2021-01-21T13:57:52.287+0500][5484.898s] GC(146) Pause Young (Normal) (G1 Evacuation Pause) 364M->59M(512M) 2.288ms
[2021-01-21T13:57:52.287+0500][5484.898s] GC(146) User=0.02s Sys=0.01s Real=0.00s
[2021-01-21T13:57:52.892+0500][5485.502s] GC(147) Pause Young (Normal) (G1 Evacuation Pause)
[2021-01-21T13:57:52.892+0500][5485.502s] GC(147) Using 13 workers of 13 for evacuation
[2021-01-21T13:57:52.893+0500][5485.504s] GC(147)   Pre Evacuate Collection Set: 0.1ms
[2021-01-21T13:57:52.893+0500][5485.504s] GC(147)   Merge Heap Roots: 0.1ms
[2021-01-21T13:57:52.893+0500][5485.504s] GC(147)   Evacuate Collection Set: 0.8ms
[2021-01-21T13:57:52.893+0500][5485.504s] GC(147)   Post Evacuate Collection Set: 0.3ms
[2021-01-21T13:57:52.893+0500][5485.504s] GC(147)   Other: 0.1ms
[2021-01-21T13:57:52.893+0500][5485.504s] GC(147) Eden regions: 298->0(301)
[2021-01-21T13:57:52.893+0500][5485.504s] GC(147) Survivor regions: 9->6(39)
[2021-01-21T13:57:52.893+0500][5485.504s] GC(147) Old regions: 44->44
[2021-01-21T13:57:52.893+0500][5485.504s] GC(147) Archive regions: 2->2
[2021-01-21T13:57:52.893+0500][5485.504s] GC(147) Humongous regions: 7->5
[2021-01-21T13:57:52.893+0500][5485.504s] GC(147) Metaspace: 57790K(59264K)->57790K(59264K) NonClass: 51475K(52736K)->51475K(52736K) Class: 6314K(6528K)->6314K(6528K)
[2021-01-21T13:57:52.893+0500][5485.504s] GC(147) Pause Young (Normal) (G1 Evacuation Pause) 357M->54M(512M) 1.555ms
[2021-01-21T13:57:52.893+0500][5485.504s] GC(147) User=0.01s Sys=0.00s Real=0.00s
[2021-01-21T13:57:54.765+0500][5487.375s] GC(148) Pause Young (Normal) (G1 Evacuation Pause)
[2021-01-21T13:57:54.765+0500][5487.375s] GC(148) Using 13 workers of 13 for evacuation
[2021-01-21T13:57:54.766+0500][5487.377s] GC(148)   Pre Evacuate Collection Set: 0.1ms
[2021-01-21T13:57:54.766+0500][5487.377s] GC(148)   Merge Heap Roots: 0.1ms
[2021-01-21T13:57:54.766+0500][5487.377s] GC(148)   Evacuate Collection Set: 0.9ms
[2021-01-21T13:57:54.766+0500][5487.377s] GC(148)   Post Evacuate Collection Set: 0.5ms
[2021-01-21T13:57:54.766+0500][5487.377s] GC(148)   Other: 0.1ms
[2021-01-21T13:57:54.766+0500][5487.377s] GC(148) Eden regions: 301->0(301)
[2021-01-21T13:57:54.766+0500][5487.377s] GC(148) Survivor regions: 6->6(39)
[2021-01-21T13:57:54.766+0500][5487.377s] GC(148) Old regions: 44->44
[2021-01-21T13:57:54.766+0500][5487.377s] GC(148) Archive regions: 2->2
[2021-01-21T13:57:54.766+0500][5487.377s] GC(148) Humongous regions: 5->5
[2021-01-21T13:57:54.766+0500][5487.377s] GC(148) Metaspace: 57792K(59264K)->57792K(59264K) NonClass: 51478K(52736K)->51478K(52736K) Class: 6314K(6528K)->6314K(6528K)
[2021-01-21T13:57:54.766+0500][5487.377s] GC(148) Pause Young (Normal) (G1 Evacuation Pause) 355M->55M(512M) 1.744ms
[2021-01-21T13:57:54.766+0500][5487.377s] GC(148) User=0.01s Sys=0.00s Real=0.00s
[2021-01-21T13:57:56.130+0500][5488.741s] GC(149) Pause Young (Normal) (G1 Evacuation Pause)
[2021-01-21T13:57:56.130+0500][5488.741s] GC(149) Using 13 workers of 13 for evacuation
[2021-01-21T13:57:56.131+0500][5488.742s] GC(149)   Pre Evacuate Collection Set: 0.1ms
[2021-01-21T13:57:56.131+0500][5488.742s] GC(149)   Merge Heap Roots: 0.1ms
[2021-01-21T13:57:56.131+0500][5488.742s] GC(149)   Evacuate Collection Set: 0.5ms
[2021-01-21T13:57:56.131+0500][5488.742s] GC(149)   Post Evacuate Collection Set: 0.4ms
[2021-01-21T13:57:56.131+0500][5488.742s] GC(149)   Other: 0.1ms
[2021-01-21T13:57:56.131+0500][5488.742s] GC(149) Eden regions: 301->0(304)
[2021-01-21T13:57:56.131+0500][5488.742s] GC(149) Survivor regions: 6->3(39)
[2021-01-21T13:57:56.131+0500][5488.742s] GC(149) Old regions: 44->44
[2021-01-21T13:57:56.131+0500][5488.742s] GC(149) Archive regions: 2->2
[2021-01-21T13:57:56.131+0500][5488.742s] GC(149) Humongous regions: 5->5
[2021-01-21T13:57:56.131+0500][5488.742s] GC(149) Metaspace: 57792K(59264K)->57792K(59264K) NonClass: 51478K(52736K)->51478K(52736K) Class: 6314K(6528K)->6314K(6528K)
[2021-01-21T13:57:56.131+0500][5488.742s] GC(149) Pause Young (Normal) (G1 Evacuation Pause) 356M->52M(512M) 1.362ms
[2021-01-21T13:57:56.131+0500][5488.742s] GC(149) User=0.00s Sys=0.01s Real=0.00s
[2021-01-21T13:57:56.782+0500][5489.393s] GC(150) Pause Young (Normal) (G1 Evacuation Pause)
[2021-01-21T13:57:56.782+0500][5489.393s] GC(150) Using 13 workers of 13 for evacuation
[2021-01-21T13:57:56.784+0500][5489.394s] GC(150)   Pre Evacuate Collection Set: 0.1ms
[2021-01-21T13:57:56.784+0500][5489.394s] GC(150)   Merge Heap Roots: 0.1ms
[2021-01-21T13:57:56.784+0500][5489.394s] GC(150)   Evacuate Collection Set: 0.9ms
[2021-01-21T13:57:56.784+0500][5489.394s] GC(150)   Post Evacuate Collection Set: 0.5ms
[2021-01-21T13:57:56.784+0500][5489.394s] GC(150)   Other: 0.1ms
[2021-01-21T13:57:56.784+0500][5489.394s] GC(150) Eden regions: 304->0(302)
[2021-01-21T13:57:56.784+0500][5489.394s] GC(150) Survivor regions: 3->5(39)
[2021-01-21T13:57:56.784+0500][5489.394s] GC(150) Old regions: 44->44
[2021-01-21T13:57:56.784+0500][5489.395s] GC(150) Archive regions: 2->2
[2021-01-21T13:57:56.784+0500][5489.395s] GC(150) Humongous regions: 5->5
[2021-01-21T13:57:56.784+0500][5489.395s] GC(150) Metaspace: 57792K(59264K)->57792K(59264K) NonClass: 51478K(52736K)->51478K(52736K) Class: 6314K(6528K)->6314K(6528K)
[2021-01-21T13:57:56.784+0500][5489.395s] GC(150) Pause Young (Normal) (G1 Evacuation Pause) 356M->54M(512M) 1.885ms
[2021-01-21T13:57:56.784+0500][5489.395s] GC(150) User=0.01s Sys=0.00s Real=0.00s
[2021-01-21T13:57:58.332+0500][5490.943s] GC(151) Pause Young (Normal) (G1 Evacuation Pause)
[2021-01-21T13:57:58.332+0500][5490.943s] GC(151) Using 13 workers of 13 for evacuation
[2021-01-21T13:57:58.334+0500][5490.944s] GC(151)   Pre Evacuate Collection Set: 0.1ms
[2021-01-21T13:57:58.334+0500][5490.945s] GC(151)   Merge Heap Roots: 0.1ms
[2021-01-21T13:57:58.334+0500][5490.945s] GC(151)   Evacuate Collection Set: 0.7ms
[2021-01-21T13:57:58.334+0500][5490.945s] GC(151)   Post Evacuate Collection Set: 0.8ms
[2021-01-21T13:57:58.334+0500][5490.945s] GC(151)   Other: 0.2ms
[2021-01-21T13:57:58.334+0500][5490.945s] GC(151) Eden regions: 302->0(304)
[2021-01-21T13:57:58.334+0500][5490.945s] GC(151) Survivor regions: 5->3(39)
[2021-01-21T13:57:58.334+0500][5490.945s] GC(151) Old regions: 44->44
[2021-01-21T13:57:58.334+0500][5490.945s] GC(151) Archive regions: 2->2
[2021-01-21T13:57:58.334+0500][5490.945s] GC(151) Humongous regions: 5->5
[2021-01-21T13:57:58.334+0500][5490.945s] GC(151) Metaspace: 57793K(59264K)->57793K(59264K) NonClass: 51478K(52736K)->51478K(52736K) Class: 6314K(6528K)->6314K(6528K)
[2021-01-21T13:57:58.334+0500][5490.945s] GC(151) Pause Young (Normal) (G1 Evacuation Pause) 356M->52M(512M) 1.969ms
[2021-01-21T13:57:58.334+0500][5490.945s] GC(151) User=0.01s Sys=0.00s Real=0.00s
[2021-01-21T13:58:00.334+0500][5492.945s] GC(152) Pause Young (Normal) (G1 Evacuation Pause)
[2021-01-21T13:58:00.335+0500][5492.945s] GC(152) Using 13 workers of 13 for evacuation
[2021-01-21T13:58:00.336+0500][5492.947s] GC(152)   Pre Evacuate Collection Set: 0.1ms
[2021-01-21T13:58:00.337+0500][5492.947s] GC(152)   Merge Heap Roots: 0.1ms
[2021-01-21T13:58:00.337+0500][5492.947s] GC(152)   Evacuate Collection Set: 0.7ms
[2021-01-21T13:58:00.337+0500][5492.947s] GC(152)   Post Evacuate Collection Set: 0.9ms
[2021-01-21T13:58:00.337+0500][5492.947s] GC(152)   Other: 0.2ms
[2021-01-21T13:58:00.337+0500][5492.947s] GC(152) Eden regions: 304->0(303)
[2021-01-21T13:58:00.337+0500][5492.947s] GC(152) Survivor regions: 3->4(39)
[2021-01-21T13:58:00.337+0500][5492.947s] GC(152) Old regions: 44->44
[2021-01-21T13:58:00.337+0500][5492.947s] GC(152) Archive regions: 2->2
[2021-01-21T13:58:00.337+0500][5492.947s] GC(152) Humongous regions: 5->5
[2021-01-21T13:58:00.337+0500][5492.947s] GC(152) Metaspace: 57810K(59264K)->57810K(59264K) NonClass: 51496K(52736K)->51496K(52736K) Class: 6314K(6528K)->6314K(6528K)
[2021-01-21T13:58:00.337+0500][5492.947s] GC(152) Pause Young (Normal) (G1 Evacuation Pause) 356M->52M(512M) 2.181ms
[2021-01-21T13:58:00.337+0500][5492.947s] GC(152) User=0.01s Sys=0.01s Real=0.00s
[2021-01-21T13:58:01.008+0500][5493.618s] GC(153) Pause Young (Normal) (G1 Evacuation Pause)
[2021-01-21T13:58:01.008+0500][5493.618s] GC(153) Using 13 workers of 13 for evacuation
[2021-01-21T13:58:01.010+0500][5493.620s] GC(153)   Pre Evacuate Collection Set: 0.1ms
[2021-01-21T13:58:01.010+0500][5493.620s] GC(153)   Merge Heap Roots: 0.1ms
[2021-01-21T13:58:01.010+0500][5493.620s] GC(153)   Evacuate Collection Set: 1.0ms
[2021-01-21T13:58:01.010+0500][5493.620s] GC(153)   Post Evacuate Collection Set: 0.6ms
[2021-01-21T13:58:01.010+0500][5493.620s] GC(153)   Other: 0.2ms
[2021-01-21T13:58:01.010+0500][5493.620s] GC(153) Eden regions: 303->0(301)
[2021-01-21T13:58:01.010+0500][5493.620s] GC(153) Survivor regions: 4->6(39)
[2021-01-21T13:58:01.010+0500][5493.620s] GC(153) Old regions: 44->45
[2021-01-21T13:58:01.010+0500][5493.620s] GC(153) Archive regions: 2->2
[2021-01-21T13:58:01.010+0500][5493.620s] GC(153) Humongous regions: 5->5
[2021-01-21T13:58:01.010+0500][5493.620s] GC(153) Metaspace: 57821K(59520K)->57821K(59520K) NonClass: 51507K(52992K)->51507K(52992K) Class: 6314K(6528K)->6314K(6528K)
[2021-01-21T13:58:01.010+0500][5493.620s] GC(153) Pause Young (Normal) (G1 Evacuation Pause) 355M->55M(512M) 2.042ms
[2021-01-21T13:58:01.010+0500][5493.620s] GC(153) User=0.01s Sys=0.00s Real=0.01s
[2021-01-21T13:58:02.658+0500][5495.269s] GC(154) Pause Young (Normal) (G1 Evacuation Pause)
[2021-01-21T13:58:02.658+0500][5495.269s] GC(154) Using 13 workers of 13 for evacuation
[2021-01-21T13:58:02.660+0500][5495.271s] GC(154)   Pre Evacuate Collection Set: 0.1ms
[2021-01-21T13:58:02.660+0500][5495.271s] GC(154)   Merge Heap Roots: 0.1ms
[2021-01-21T13:58:02.660+0500][5495.271s] GC(154)   Evacuate Collection Set: 0.8ms
[2021-01-21T13:58:02.660+0500][5495.271s] GC(154)   Post Evacuate Collection Set: 0.8ms
[2021-01-21T13:58:02.660+0500][5495.271s] GC(154)   Other: 0.2ms
[2021-01-21T13:58:02.660+0500][5495.271s] GC(154) Eden regions: 301->0(303)
[2021-01-21T13:58:02.660+0500][5495.271s] GC(154) Survivor regions: 6->4(39)
[2021-01-21T13:58:02.660+0500][5495.271s] GC(154) Old regions: 45->45
[2021-01-21T13:58:02.660+0500][5495.271s] GC(154) Archive regions: 2->2
[2021-01-21T13:58:02.660+0500][5495.271s] GC(154) Humongous regions: 5->5
[2021-01-21T13:58:02.660+0500][5495.271s] GC(154) Metaspace: 57832K(59520K)->57832K(59520K) NonClass: 51517K(52992K)->51517K(52992K) Class: 6314K(6528K)->6314K(6528K)
[2021-01-21T13:58:02.660+0500][5495.271s] GC(154) Pause Young (Normal) (G1 Evacuation Pause) 356M->53M(512M) 2.091ms
[2021-01-21T13:58:02.660+0500][5495.271s] GC(154) User=0.01s Sys=0.00s Real=0.01s
[2021-01-21T13:58:04.476+0500][5497.086s] GC(155) Pause Young (Normal) (G1 Evacuation Pause)
[2021-01-21T13:58:04.476+0500][5497.087s] GC(155) Using 13 workers of 13 for evacuation
[2021-01-21T13:58:04.478+0500][5497.089s] GC(155)   Pre Evacuate Collection Set: 0.1ms
[2021-01-21T13:58:04.478+0500][5497.089s] GC(155)   Merge Heap Roots: 0.1ms
[2021-01-21T13:58:04.478+0500][5497.089s] GC(155)   Evacuate Collection Set: 1.0ms
[2021-01-21T13:58:04.478+0500][5497.089s] GC(155)   Post Evacuate Collection Set: 0.8ms
[2021-01-21T13:58:04.478+0500][5497.089s] GC(155)   Other: 0.2ms
[2021-01-21T13:58:04.478+0500][5497.089s] GC(155) Eden regions: 303->0(302)
[2021-01-21T13:58:04.478+0500][5497.089s] GC(155) Survivor regions: 4->5(39)
[2021-01-21T13:58:04.478+0500][5497.089s] GC(155) Old regions: 45->45
[2021-01-21T13:58:04.478+0500][5497.089s] GC(155) Archive regions: 2->2
[2021-01-21T13:58:04.478+0500][5497.089s] GC(155) Humongous regions: 5->5
[2021-01-21T13:58:04.478+0500][5497.089s] GC(155) Metaspace: 57833K(59520K)->57833K(59520K) NonClass: 51519K(52992K)->51519K(52992K) Class: 6314K(6528K)->6314K(6528K)
[2021-01-21T13:58:04.478+0500][5497.089s] GC(155) Pause Young (Normal) (G1 Evacuation Pause) 356M->54M(512M) 2.329ms
[2021-01-21T13:58:04.478+0500][5497.089s] GC(155) User=0.01s Sys=0.01s Real=0.00s
[2021-01-21T13:58:05.943+0500][5498.554s] GC(156) Pause Young (Normal) (G1 Evacuation Pause)
[2021-01-21T13:58:05.943+0500][5498.554s] GC(156) Using 13 workers of 13 for evacuation
[2021-01-21T13:58:05.945+0500][5498.556s] GC(156)   Pre Evacuate Collection Set: 0.1ms
[2021-01-21T13:58:05.945+0500][5498.556s] GC(156)   Merge Heap Roots: 0.1ms
[2021-01-21T13:58:05.945+0500][5498.556s] GC(156)   Evacuate Collection Set: 1.1ms
[2021-01-21T13:58:05.945+0500][5498.556s] GC(156)   Post Evacuate Collection Set: 0.8ms
[2021-01-21T13:58:05.946+0500][5498.556s] GC(156)   Other: 0.2ms
[2021-01-21T13:58:05.946+0500][5498.556s] GC(156) Eden regions: 302->0(302)
[2021-01-21T13:58:05.946+0500][5498.556s] GC(156) Survivor regions: 5->5(39)
[2021-01-21T13:58:05.946+0500][5498.556s] GC(156) Old regions: 45->45
[2021-01-21T13:58:05.946+0500][5498.556s] GC(156) Archive regions: 2->2
[2021-01-21T13:58:05.946+0500][5498.556s] GC(156) Humongous regions: 5->5
[2021-01-21T13:58:05.946+0500][5498.556s] GC(156) Metaspace: 57833K(59520K)->57833K(59520K) NonClass: 51519K(52992K)->51519K(52992K) Class: 6314K(6528K)->6314K(6528K)
[2021-01-21T13:58:05.946+0500][5498.556s] GC(156) Pause Young (Normal) (G1 Evacuation Pause) 356M->54M(512M) 2.466ms
[2021-01-21T13:58:05.946+0500][5498.556s] GC(156) User=0.01s Sys=0.01s Real=0.00s
[2021-01-21T13:58:06.647+0500][5499.258s] GC(157) Pause Young (Normal) (G1 Evacuation Pause)
[2021-01-21T13:58:06.647+0500][5499.258s] GC(157) Using 13 workers of 13 for evacuation
[2021-01-21T13:58:06.649+0500][5499.260s] GC(157)   Pre Evacuate Collection Set: 0.1ms
[2021-01-21T13:58:06.649+0500][5499.260s] GC(157)   Merge Heap Roots: 0.1ms
[2021-01-21T13:58:06.649+0500][5499.260s] GC(157)   Evacuate Collection Set: 0.9ms
[2021-01-21T13:58:06.649+0500][5499.260s] GC(157)   Post Evacuate Collection Set: 0.5ms
[2021-01-21T13:58:06.649+0500][5499.260s] GC(157)   Other: 0.2ms
[2021-01-21T13:58:06.649+0500][5499.260s] GC(157) Eden regions: 302->0(302)
[2021-01-21T13:58:06.649+0500][5499.260s] GC(157) Survivor regions: 5->5(39)
[2021-01-21T13:58:06.649+0500][5499.260s] GC(157) Old regions: 45->45
[2021-01-21T13:58:06.649+0500][5499.260s] GC(157) Archive regions: 2->2
[2021-01-21T13:58:06.649+0500][5499.260s] GC(157) Humongous regions: 5->5
[2021-01-21T13:58:06.649+0500][5499.260s] GC(157) Metaspace: 57837K(59520K)->57837K(59520K) NonClass: 51523K(52992K)->51523K(52992K) Class: 6314K(6528K)->6314K(6528K)
[2021-01-21T13:58:06.649+0500][5499.260s] GC(157) Pause Young (Normal) (G1 Evacuation Pause) 356M->54M(512M) 1.924ms
[2021-01-21T13:58:06.649+0500][5499.260s] GC(157) User=0.01s Sys=0.00s Real=0.00s
[2021-01-21T13:58:08.248+0500][5500.859s] GC(158) Pause Young (Normal) (G1 Evacuation Pause)
[2021-01-21T13:58:08.248+0500][5500.859s] GC(158) Using 13 workers of 13 for evacuation
[2021-01-21T13:58:08.250+0500][5500.861s] GC(158)   Pre Evacuate Collection Set: 0.1ms
[2021-01-21T13:58:08.250+0500][5500.861s] GC(158)   Merge Heap Roots: 0.1ms
[2021-01-21T13:58:08.250+0500][5500.861s] GC(158)   Evacuate Collection Set: 1.0ms
[2021-01-21T13:58:08.250+0500][5500.861s] GC(158)   Post Evacuate Collection Set: 0.8ms
[2021-01-21T13:58:08.250+0500][5500.861s] GC(158)   Other: 0.2ms
[2021-01-21T13:58:08.250+0500][5500.861s] GC(158) Eden regions: 302->0(301)
[2021-01-21T13:58:08.250+0500][5500.861s] GC(158) Survivor regions: 5->6(39)
[2021-01-21T13:58:08.250+0500][5500.861s] GC(158) Old regions: 45->45
[2021-01-21T13:58:08.250+0500][5500.861s] GC(158) Archive regions: 2->2
[2021-01-21T13:58:08.250+0500][5500.861s] GC(158) Humongous regions: 5->5
[2021-01-21T13:58:08.250+0500][5500.861s] GC(158) Metaspace: 57842K(59520K)->57842K(59520K) NonClass: 51528K(52992K)->51528K(52992K) Class: 6314K(6528K)->6314K(6528K)
[2021-01-21T13:58:08.250+0500][5500.861s] GC(158) Pause Young (Normal) (G1 Evacuation Pause) 356M->55M(512M) 2.209ms
[2021-01-21T13:58:08.250+0500][5500.861s] GC(158) User=0.02s Sys=0.00s Real=0.01s
[2021-01-21T13:58:09.664+0500][5502.275s] GC(159) Pause Young (Normal) (G1 Evacuation Pause)
[2021-01-21T13:58:09.664+0500][5502.275s] GC(159) Using 13 workers of 13 for evacuation
[2021-01-21T13:58:09.667+0500][5502.278s] GC(159)   Pre Evacuate Collection Set: 0.1ms
[2021-01-21T13:58:09.667+0500][5502.278s] GC(159)   Merge Heap Roots: 0.2ms
[2021-01-21T13:58:09.667+0500][5502.278s] GC(159)   Evacuate Collection Set: 1.4ms
[2021-01-21T13:58:09.667+0500][5502.278s] GC(159)   Post Evacuate Collection Set: 0.9ms
[2021-01-21T13:58:09.667+0500][5502.278s] GC(159)   Other: 0.2ms
[2021-01-21T13:58:09.667+0500][5502.278s] GC(159) Eden regions: 301->0(297)
[2021-01-21T13:58:09.667+0500][5502.278s] GC(159) Survivor regions: 6->10(39)
[2021-01-21T13:58:09.667+0500][5502.278s] GC(159) Old regions: 45->45
[2021-01-21T13:58:09.667+0500][5502.278s] GC(159) Archive regions: 2->2
[2021-01-21T13:58:09.667+0500][5502.278s] GC(159) Humongous regions: 15->6
[2021-01-21T13:58:09.667+0500][5502.278s] GC(159) Metaspace: 57858K(59520K)->57858K(59520K) NonClass: 51544K(52992K)->51544K(52992K) Class: 6314K(6528K)->6314K(6528K)
[2021-01-21T13:58:09.667+0500][5502.278s] GC(159) Pause Young (Normal) (G1 Evacuation Pause) 366M->60M(512M) 2.845ms
[2021-01-21T13:58:09.667+0500][5502.278s] GC(159) User=0.01s Sys=0.00s Real=0.00s
[2021-01-21T13:58:10.145+0500][5502.755s] GC(160) Pause Young (Normal) (G1 Evacuation Pause)
[2021-01-21T13:58:10.145+0500][5502.755s] GC(160) Using 13 workers of 13 for evacuation
[2021-01-21T13:58:10.147+0500][5502.757s] GC(160)   Pre Evacuate Collection Set: 0.1ms
[2021-01-21T13:58:10.147+0500][5502.757s] GC(160)   Merge Heap Roots: 0.1ms
[2021-01-21T13:58:10.147+0500][5502.757s] GC(160)   Evacuate Collection Set: 1.0ms
[2021-01-21T13:58:10.147+0500][5502.757s] GC(160)   Post Evacuate Collection Set: 0.6ms
[2021-01-21T13:58:10.147+0500][5502.757s] GC(160)   Other: 0.2ms
[2021-01-21T13:58:10.147+0500][5502.757s] GC(160) Eden regions: 297->0(302)
[2021-01-21T13:58:10.147+0500][5502.757s] GC(160) Survivor regions: 10->5(39)
[2021-01-21T13:58:10.147+0500][5502.757s] GC(160) Old regions: 45->45
[2021-01-21T13:58:10.147+0500][5502.757s] GC(160) Archive regions: 2->2
[2021-01-21T13:58:10.147+0500][5502.757s] GC(160) Humongous regions: 6->5
[2021-01-21T13:58:10.147+0500][5502.757s] GC(160) Metaspace: 57876K(59520K)->57876K(59520K) NonClass: 51562K(52992K)->51562K(52992K) Class: 6314K(6528K)->6314K(6528K)
[2021-01-21T13:58:10.147+0500][5502.757s] GC(160) Pause Young (Normal) (G1 Evacuation Pause) 357M->55M(512M) 2.127ms
[2021-01-21T13:58:10.147+0500][5502.757s] GC(160) User=0.02s Sys=0.00s Real=0.00s
[2021-01-21T13:58:12.156+0500][5504.767s] GC(161) Pause Young (Normal) (G1 Evacuation Pause)
[2021-01-21T13:58:12.156+0500][5504.767s] GC(161) Using 13 workers of 13 for evacuation
[2021-01-21T13:58:12.158+0500][5504.769s] GC(161)   Pre Evacuate Collection Set: 0.1ms
[2021-01-21T13:58:12.158+0500][5504.769s] GC(161)   Merge Heap Roots: 0.1ms
[2021-01-21T13:58:12.158+0500][5504.769s] GC(161)   Evacuate Collection Set: 1.0ms
[2021-01-21T13:58:12.158+0500][5504.769s] GC(161)   Post Evacuate Collection Set: 0.4ms
[2021-01-21T13:58:12.158+0500][5504.769s] GC(161)   Other: 0.1ms
[2021-01-21T13:58:12.158+0500][5504.769s] GC(161) Eden regions: 302->0(300)
[2021-01-21T13:58:12.158+0500][5504.769s] GC(161) Survivor regions: 5->7(39)
[2021-01-21T13:58:12.158+0500][5504.769s] GC(161) Old regions: 45->45
[2021-01-21T13:58:12.158+0500][5504.769s] GC(161) Archive regions: 2->2
[2021-01-21T13:58:12.158+0500][5504.769s] GC(161) Humongous regions: 5->5
[2021-01-21T13:58:12.158+0500][5504.769s] GC(161) Metaspace: 57887K(59520K)->57887K(59520K) NonClass: 51573K(52992K)->51573K(52992K) Class: 6314K(6528K)->6314K(6528K)
[2021-01-21T13:58:12.158+0500][5504.769s] GC(161) Pause Young (Normal) (G1 Evacuation Pause) 357M->56M(512M) 1.814ms
[2021-01-21T13:58:12.158+0500][5504.769s] GC(161) User=0.02s Sys=0.00s Real=0.00s
[2021-01-21T13:58:13.259+0500][5505.870s] GC(162) Pause Young (Normal) (G1 Evacuation Pause)
[2021-01-21T13:58:13.259+0500][5505.870s] GC(162) Using 13 workers of 13 for evacuation
[2021-01-21T13:58:13.260+0500][5505.871s] GC(162)   Pre Evacuate Collection Set: 0.1ms
[2021-01-21T13:58:13.260+0500][5505.871s] GC(162)   Merge Heap Roots: 0.1ms
[2021-01-21T13:58:13.260+0500][5505.871s] GC(162)   Evacuate Collection Set: 0.4ms
[2021-01-21T13:58:13.260+0500][5505.871s] GC(162)   Post Evacuate Collection Set: 0.4ms
[2021-01-21T13:58:13.260+0500][5505.871s] GC(162)   Other: 0.1ms
[2021-01-21T13:58:13.261+0500][5505.871s] GC(162) Eden regions: 300->0(305)
[2021-01-21T13:58:13.261+0500][5505.871s] GC(162) Survivor regions: 7->2(39)
[2021-01-21T13:58:13.261+0500][5505.871s] GC(162) Old regions: 45->45
[2021-01-21T13:58:13.261+0500][5505.871s] GC(162) Archive regions: 2->2
[2021-01-21T13:58:13.261+0500][5505.871s] GC(162) Humongous regions: 5->5
[2021-01-21T13:58:13.261+0500][5505.871s] GC(162) Metaspace: 57907K(59520K)->57907K(59520K) NonClass: 51593K(52992K)->51593K(52992K) Class: 6314K(6528K)->6314K(6528K)
[2021-01-21T13:58:13.261+0500][5505.871s] GC(162) Pause Young (Normal) (G1 Evacuation Pause) 356M->51M(512M) 1.221ms
[2021-01-21T13:58:13.261+0500][5505.871s] GC(162) User=0.01s Sys=0.00s Real=0.01s
[2021-01-21T13:58:14.197+0500][5506.808s] GC(163) Pause Young (Normal) (G1 Evacuation Pause)
[2021-01-21T13:58:14.197+0500][5506.808s] GC(163) Using 13 workers of 13 for evacuation
[2021-01-21T13:58:14.199+0500][5506.810s] GC(163)   Pre Evacuate Collection Set: 0.2ms
[2021-01-21T13:58:14.199+0500][5506.810s] GC(163)   Merge Heap Roots: 0.1ms
[2021-01-21T13:58:14.199+0500][5506.810s] GC(163)   Evacuate Collection Set: 0.6ms
[2021-01-21T13:58:14.199+0500][5506.810s] GC(163)   Post Evacuate Collection Set: 0.8ms
[2021-01-21T13:58:14.199+0500][5506.810s] GC(163)   Other: 0.2ms
[2021-01-21T13:58:14.199+0500][5506.810s] GC(163) Eden regions: 305->0(306)
[2021-01-21T13:58:14.199+0500][5506.810s] GC(163) Survivor regions: 2->1(39)
[2021-01-21T13:58:14.199+0500][5506.810s] GC(163) Old regions: 45->45
[2021-01-21T13:58:14.199+0500][5506.810s] GC(163) Archive regions: 2->2
[2021-01-21T13:58:14.199+0500][5506.810s] GC(163) Humongous regions: 5->5
[2021-01-21T13:58:14.199+0500][5506.810s] GC(163) Metaspace: 57907K(59520K)->57907K(59520K) NonClass: 51593K(52992K)->51593K(52992K) Class: 6314K(6528K)->6314K(6528K)
[2021-01-21T13:58:14.199+0500][5506.810s] GC(163) Pause Young (Normal) (G1 Evacuation Pause) 356M->51M(512M) 2.037ms
[2021-01-21T13:58:14.199+0500][5506.810s] GC(163) User=0.01s Sys=0.00s Real=0.00s
[2021-01-21T15:43:44.253+0500][11836.790s] Heap
[2021-01-21T15:43:44.254+0500][11836.790s]  garbage-first heap   total 524288K, used 156248K [0x00000007e0000000, 0x0000000800000000)
[2021-01-21T15:43:44.254+0500][11836.790s]   region size 1024K, 104 young (106496K), 1 survivors (1024K)
[2021-01-21T15:43:44.254+0500][11836.790s]  Metaspace       used 58756K, capacity 59397K, committed 60376K, reserved 1103872K
[2021-01-21T15:43:44.254+0500][11836.790s]   class space    used 6389K, capacity 6586K, committed 6656K, reserved 1048576K
