[2020-12-30T13:04:43.680+0500][0.009s] Using G1
[2020-12-30T13:04:43.874+0500][0.203s] Version: 15.0.1+9 (release)
[2020-12-30T13:04:43.884+0500][0.213s] CPUs: 16 total, 16 available
[2020-12-30T13:04:43.884+0500][0.213s] Memory: 16384M
[2020-12-30T13:04:43.885+0500][0.213s] Large Page Support: Disabled
[2020-12-30T13:04:43.885+0500][0.213s] NUMA Support: Disabled
[2020-12-30T13:04:43.885+0500][0.213s] Compressed Oops: Enabled (Zero based)
[2020-12-30T13:04:43.885+0500][0.213s] Heap Region Size: 1M
[2020-12-30T13:04:43.885+0500][0.213s] Heap Min Capacity: 512M
[2020-12-30T13:04:43.885+0500][0.213s] Heap Initial Capacity: 512M
[2020-12-30T13:04:43.885+0500][0.213s] Heap Max Capacity: 512M
[2020-12-30T13:04:43.885+0500][0.214s] Pre-touch: Enabled
[2020-12-30T13:04:43.885+0500][0.214s] Parallel Workers: 13
[2020-12-30T13:04:43.885+0500][0.214s] Concurrent Workers: 3
[2020-12-30T13:04:43.885+0500][0.214s] Concurrent Refinement Workers: 13
[2020-12-30T13:04:43.885+0500][0.214s] Periodic GC: Disabled
[2020-12-30T13:04:43.886+0500][0.215s] Mark closed archive regions in map: [0x00000007fff00000, 0x00000007fff78ff8]
[2020-12-30T13:04:43.886+0500][0.215s] Mark open archive regions in map: [0x00000007ffe00000, 0x00000007ffe50ff8]
[2020-12-30T13:04:43.886+0500][0.215s] CDS archive(s) mapped at: [0x0000000800000000-0x0000000800b2d000-0x0000000800b2d000), size 11718656, SharedBaseAddress: 0x0000000800000000, ArchiveRelocationMode: 0.
[2020-12-30T13:04:43.886+0500][0.215s] Compressed class space mapped at: 0x0000000800b30000-0x0000000840b30000, size: 1073741824
[2020-12-30T13:04:43.886+0500][0.215s] Narrow klass base: 0x0000000800000000, Narrow klass shift: 3, Narrow klass range: 0x100000000
[2020-12-30T13:04:44.501+0500][0.830s] GC(0) Pause Young (Normal) (G1 Evacuation Pause)
[2020-12-30T13:04:44.502+0500][0.830s] GC(0) Using 12 workers of 13 for evacuation
[2020-12-30T13:04:44.504+0500][0.832s] GC(0)   Pre Evacuate Collection Set: 0.1ms
[2020-12-30T13:04:44.504+0500][0.832s] GC(0)   Merge Heap Roots: 0.0ms
[2020-12-30T13:04:44.504+0500][0.832s] GC(0)   Evacuate Collection Set: 1.3ms
[2020-12-30T13:04:44.504+0500][0.832s] GC(0)   Post Evacuate Collection Set: 0.3ms
[2020-12-30T13:04:44.504+0500][0.832s] GC(0)   Other: 0.9ms
[2020-12-30T13:04:44.504+0500][0.832s] GC(0) Eden regions: 29->0(54)
[2020-12-30T13:04:44.504+0500][0.832s] GC(0) Survivor regions: 0->3(4)
[2020-12-30T13:04:44.504+0500][0.832s] GC(0) Old regions: 0->0
[2020-12-30T13:04:44.504+0500][0.832s] GC(0) Archive regions: 2->2
[2020-12-30T13:04:44.504+0500][0.832s] GC(0) Humongous regions: 0->0
[2020-12-30T13:04:44.504+0500][0.832s] GC(0) Metaspace: 6695K(7808K)->6695K(7808K) NonClass: 5910K(6912K)->5910K(6912K) Class: 785K(896K)->785K(896K)
[2020-12-30T13:04:44.504+0500][0.832s] GC(0) Pause Young (Normal) (G1 Evacuation Pause) 29M->3M(512M) 2.696ms
[2020-12-30T13:04:44.504+0500][0.832s] GC(0) User=0.02s Sys=0.00s Real=0.00s
[2020-12-30T13:04:45.140+0500][1.469s] GC(1) Pause Young (Normal) (G1 Evacuation Pause)
[2020-12-30T13:04:45.145+0500][1.474s] GC(1) Using 13 workers of 13 for evacuation
[2020-12-30T13:04:45.150+0500][1.479s] GC(1)   Pre Evacuate Collection Set: 0.1ms
[2020-12-30T13:04:45.150+0500][1.479s] GC(1)   Merge Heap Roots: 0.1ms
[2020-12-30T13:04:45.150+0500][1.479s] GC(1)   Evacuate Collection Set: 4.3ms
[2020-12-30T13:04:45.150+0500][1.479s] GC(1)   Post Evacuate Collection Set: 0.9ms
[2020-12-30T13:04:45.150+0500][1.479s] GC(1)   Other: 4.4ms
[2020-12-30T13:04:45.150+0500][1.479s] GC(1) Eden regions: 54->0(299)
[2020-12-30T13:04:45.150+0500][1.479s] GC(1) Survivor regions: 3->8(8)
[2020-12-30T13:04:45.150+0500][1.479s] GC(1) Old regions: 0->7
[2020-12-30T13:04:45.150+0500][1.479s] GC(1) Archive regions: 2->2
[2020-12-30T13:04:45.150+0500][1.479s] GC(1) Humongous regions: 4->4
[2020-12-30T13:04:45.150+0500][1.479s] GC(1) Metaspace: 15590K(16256K)->15590K(16256K) NonClass: 13782K(14336K)->13782K(14336K) Class: 1808K(1920K)->1808K(1920K)
[2020-12-30T13:04:45.150+0500][1.479s] GC(1) Pause Young (Normal) (G1 Evacuation Pause) 61M->19M(512M) 9.927ms
[2020-12-30T13:04:45.150+0500][1.479s] GC(1) User=0.04s Sys=0.01s Real=0.01s
[2020-12-30T13:04:45.523+0500][1.851s] GC(2) Pause Young (Concurrent Start) (Metadata GC Threshold)
[2020-12-30T13:04:45.523+0500][1.851s] GC(2) Using 13 workers of 13 for evacuation
[2020-12-30T13:04:45.526+0500][1.855s] GC(2)   Pre Evacuate Collection Set: 0.1ms
[2020-12-30T13:04:45.527+0500][1.855s] GC(2)   Merge Heap Roots: 0.1ms
[2020-12-30T13:04:45.527+0500][1.855s] GC(2)   Evacuate Collection Set: 2.8ms
[2020-12-30T13:04:45.527+0500][1.855s] GC(2)   Post Evacuate Collection Set: 0.8ms
[2020-12-30T13:04:45.527+0500][1.855s] GC(2)   Other: 0.2ms
[2020-12-30T13:04:45.527+0500][1.855s] GC(2) Eden regions: 35->0(264)
[2020-12-30T13:04:45.527+0500][1.855s] GC(2) Survivor regions: 8->13(39)
[2020-12-30T13:04:45.527+0500][1.855s] GC(2) Old regions: 7->7
[2020-12-30T13:04:45.527+0500][1.855s] GC(2) Archive regions: 2->2
[2020-12-30T13:04:45.527+0500][1.855s] GC(2) Humongous regions: 4->4
[2020-12-30T13:04:45.527+0500][1.855s] GC(2) Metaspace: 20624K(21296K)->20624K(21296K) NonClass: 18313K(18864K)->18313K(18864K) Class: 2310K(2432K)->2310K(2432K)
[2020-12-30T13:04:45.527+0500][1.855s] GC(2) Pause Young (Concurrent Start) (Metadata GC Threshold) 54M->24M(512M) 4.023ms
[2020-12-30T13:04:45.527+0500][1.855s] GC(2) User=0.04s Sys=0.00s Real=0.00s
[2020-12-30T13:04:45.527+0500][1.855s] GC(3) Concurrent Cycle
[2020-12-30T13:04:45.527+0500][1.855s] GC(3) Concurrent Clear Claimed Marks
[2020-12-30T13:04:45.527+0500][1.855s] GC(3) Concurrent Clear Claimed Marks 0.014ms
[2020-12-30T13:04:45.527+0500][1.855s] GC(3) Concurrent Scan Root Regions
[2020-12-30T13:04:45.528+0500][1.857s] GC(3) Concurrent Scan Root Regions 1.816ms
[2020-12-30T13:04:45.529+0500][1.857s] GC(3) Concurrent Mark (1.857s)
[2020-12-30T13:04:45.529+0500][1.857s] GC(3) Concurrent Mark From Roots
[2020-12-30T13:04:45.529+0500][1.857s] GC(3) Using 3 workers of 3 for marking
[2020-12-30T13:04:45.532+0500][1.860s] GC(3) Concurrent Mark From Roots 3.058ms
[2020-12-30T13:04:45.532+0500][1.860s] GC(3) Concurrent Preclean
[2020-12-30T13:04:45.532+0500][1.860s] GC(3) Concurrent Preclean 0.031ms
[2020-12-30T13:04:45.532+0500][1.860s] GC(3) Concurrent Mark (1.857s, 1.860s) 3.122ms
[2020-12-30T13:04:45.532+0500][1.860s] GC(3) Pause Remark
[2020-12-30T13:04:45.533+0500][1.861s] GC(3) Pause Remark 25M->25M(512M) 0.902ms
[2020-12-30T13:04:45.533+0500][1.861s] GC(3) User=0.00s Sys=0.00s Real=0.00s
[2020-12-30T13:04:45.533+0500][1.861s] GC(3) Concurrent Rebuild Remembered Sets
[2020-12-30T13:04:45.534+0500][1.863s] GC(3) Concurrent Rebuild Remembered Sets 1.685ms
[2020-12-30T13:04:45.535+0500][1.863s] GC(3) Pause Cleanup
[2020-12-30T13:04:45.535+0500][1.864s] GC(3) Pause Cleanup 25M->25M(512M) 0.101ms
[2020-12-30T13:04:45.535+0500][1.864s] GC(3) User=0.00s Sys=0.00s Real=0.00s
[2020-12-30T13:04:45.535+0500][1.864s] GC(3) Concurrent Cleanup for Next Mark
[2020-12-30T13:04:45.535+0500][1.864s] GC(3) Concurrent Cleanup for Next Mark 0.585ms
[2020-12-30T13:04:45.535+0500][1.864s] GC(3) Concurrent Cycle 8.861ms
[2020-12-30T13:04:46.657+0500][2.986s] GC(4) Pause Young (Concurrent Start) (Metadata GC Threshold)
[2020-12-30T13:04:46.657+0500][2.986s] GC(4) Using 13 workers of 13 for evacuation
[2020-12-30T13:04:46.664+0500][2.993s] GC(4)   Pre Evacuate Collection Set: 0.1ms
[2020-12-30T13:04:46.664+0500][2.993s] GC(4)   Merge Heap Roots: 0.1ms
[2020-12-30T13:04:46.664+0500][2.993s] GC(4)   Evacuate Collection Set: 5.5ms
[2020-12-30T13:04:46.664+0500][2.993s] GC(4)   Post Evacuate Collection Set: 1.4ms
[2020-12-30T13:04:46.664+0500][2.993s] GC(4)   Other: 0.2ms
[2020-12-30T13:04:46.664+0500][2.993s] GC(4) Eden regions: 94->0(285)
[2020-12-30T13:04:46.664+0500][2.993s] GC(4) Survivor regions: 13->22(36)
[2020-12-30T13:04:46.664+0500][2.993s] GC(4) Old regions: 7->7
[2020-12-30T13:04:46.665+0500][2.993s] GC(4) Archive regions: 2->2
[2020-12-30T13:04:46.665+0500][2.993s] GC(4) Humongous regions: 6->5
[2020-12-30T13:04:46.665+0500][2.993s] GC(4) Metaspace: 34820K(35920K)->34820K(35920K) NonClass: 30847K(31824K)->30847K(31824K) Class: 3973K(4096K)->3973K(4096K)
[2020-12-30T13:04:46.665+0500][2.993s] GC(4) Pause Young (Concurrent Start) (Metadata GC Threshold) 119M->34M(512M) 7.400ms
[2020-12-30T13:04:46.665+0500][2.993s] GC(4) User=0.06s Sys=0.01s Real=0.01s
[2020-12-30T13:04:46.665+0500][2.993s] GC(5) Concurrent Cycle
[2020-12-30T13:04:46.665+0500][2.993s] GC(5) Concurrent Clear Claimed Marks
[2020-12-30T13:04:46.665+0500][2.993s] GC(5) Concurrent Clear Claimed Marks 0.027ms
[2020-12-30T13:04:46.665+0500][2.993s] GC(5) Concurrent Scan Root Regions
[2020-12-30T13:04:46.668+0500][2.997s] GC(5) Concurrent Scan Root Regions 3.119ms
[2020-12-30T13:04:46.668+0500][2.997s] GC(5) Concurrent Mark (2.997s)
[2020-12-30T13:04:46.668+0500][2.997s] GC(5) Concurrent Mark From Roots
[2020-12-30T13:04:46.668+0500][2.997s] GC(5) Using 3 workers of 3 for marking
[2020-12-30T13:04:46.672+0500][3.000s] GC(5) Concurrent Mark From Roots 3.739ms
[2020-12-30T13:04:46.672+0500][3.000s] GC(5) Concurrent Preclean
[2020-12-30T13:04:46.672+0500][3.000s] GC(5) Concurrent Preclean 0.031ms
[2020-12-30T13:04:46.672+0500][3.000s] GC(5) Concurrent Mark (2.997s, 3.000s) 3.876ms
[2020-12-30T13:04:46.672+0500][3.001s] GC(5) Pause Remark
[2020-12-30T13:04:46.673+0500][3.002s] GC(5) Pause Remark 36M->36M(512M) 1.526ms
[2020-12-30T13:04:46.673+0500][3.002s] GC(5) User=0.01s Sys=0.00s Real=0.00s
[2020-12-30T13:04:46.674+0500][3.002s] GC(5) Concurrent Rebuild Remembered Sets
[2020-12-30T13:04:46.676+0500][3.005s] GC(5) Concurrent Rebuild Remembered Sets 2.315ms
[2020-12-30T13:04:46.676+0500][3.005s] GC(5) Pause Cleanup
[2020-12-30T13:04:46.676+0500][3.005s] GC(5) Pause Cleanup 36M->36M(512M) 0.145ms
[2020-12-30T13:04:46.677+0500][3.005s] GC(5) User=0.00s Sys=0.00s Real=0.00s
[2020-12-30T13:04:46.677+0500][3.005s] GC(5) Concurrent Cleanup for Next Mark
[2020-12-30T13:04:46.677+0500][3.006s] GC(5) Concurrent Cleanup for Next Mark 0.797ms
[2020-12-30T13:04:46.677+0500][3.006s] GC(5) Concurrent Cycle 12.822ms
[2020-12-30T13:19:18.780+0500][875.108s] Heap
[2020-12-30T13:19:18.780+0500][875.108s]  garbage-first heap   total 524288K, used 267325K [0x00000007e0000000, 0x0000000800000000)
[2020-12-30T13:19:18.780+0500][875.108s]   region size 1024K, 251 young (257024K), 22 survivors (22528K)
[2020-12-30T13:19:18.780+0500][875.108s]  Metaspace       used 50986K, capacity 51546K, committed 52636K, reserved 1095680K
[2020-12-30T13:19:18.780+0500][875.108s]   class space    used 5926K, capacity 6101K, committed 6220K, reserved 1048576K
